<?xml version="1.0" encoding="ISO-8859-1" ?>
<link_info>
   <banner>TI ARM Clang Linker PC v3.2.2.LTS</banner>
   <copyright>Copyright (c) 1996-2018 Texas Instruments Incorporated</copyright>
   <link_time>0x6986e3f0</link_time>
   <link_errors>0x0</link_errors>
   <output_file>D:\Huy\PhD\Website_content\Texas Instrument\2 months course\Day 5\Source\empty_LP_CC1312R7_tirtos7_ticlang\Debug\empty_LP_CC1312R7_tirtos7_ticlang.out</output_file>
   <entry_point>
      <name>ResetISR</name>
      <address>0x3fa3</address>
   </entry_point>
   <input_file_list>
      <input_file id="fl-1">
         <path>D:\Huy\PhD\Website_content\Texas Instrument\2 months course\Day 5\Source\empty_LP_CC1312R7_tirtos7_ticlang\Debug\.\</path>
         <kind>object</kind>
         <file>empty.o</file>
         <name>empty.o</name>
      </input_file>
      <input_file id="fl-2">
         <path>D:\Huy\PhD\Website_content\Texas Instrument\2 months course\Day 5\Source\empty_LP_CC1312R7_tirtos7_ticlang\Debug\.\syscfg\</path>
         <kind>object</kind>
         <file>ti_devices_config.o</file>
         <name>ti_devices_config.o</name>
      </input_file>
      <input_file id="fl-3">
         <path>D:\Huy\PhD\Website_content\Texas Instrument\2 months course\Day 5\Source\empty_LP_CC1312R7_tirtos7_ticlang\Debug\.\syscfg\</path>
         <kind>object</kind>
         <file>ti_drivers_config.o</file>
         <name>ti_drivers_config.o</name>
      </input_file>
      <input_file id="fl-4">
         <path>D:\Huy\PhD\Website_content\Texas Instrument\2 months course\Day 5\Source\empty_LP_CC1312R7_tirtos7_ticlang\Debug\.\syscfg\</path>
         <kind>object</kind>
         <file>ti_sysbios_config.o</file>
         <name>ti_sysbios_config.o</name>
      </input_file>
      <input_file id="fl-5">
         <path>D:\Huy\PhD\Website_content\Texas Instrument\2 months course\Day 5\Source\empty_LP_CC1312R7_tirtos7_ticlang\Debug\.\</path>
         <kind>object</kind>
         <file>main_tirtos.o</file>
         <name>main_tirtos.o</name>
      </input_file>
      <input_file id="fl-15">
         <path>D:\Huy\PhD\Website_content\Texas Instrument\2 months course\Day 5\Source\empty_LP_CC1312R7_tirtos7_ticlang\Debug\</path>
         <kind>object</kind>
         <file>&lt;internal&gt;</file>
         <name>&lt;internal&gt;</name>
      </input_file>
      <input_file id="fl-16">
         <path>C:\ti\simplelink_cc13xx_cc26xx_sdk_8_31_00_11\source\ti\drivers\lib\ticlang\m4f\</path>
         <kind>archive</kind>
         <file>drivers_cc13x2x7.a</file>
         <name>GPIO.c.obj</name>
      </input_file>
      <input_file id="fl-17">
         <path>C:\ti\simplelink_cc13xx_cc26xx_sdk_8_31_00_11\source\ti\drivers\lib\ticlang\m4f\</path>
         <kind>archive</kind>
         <file>drivers_cc13x2x7.a</file>
         <name>GPIOCC26XX.c.obj</name>
      </input_file>
      <input_file id="fl-18">
         <path>C:\ti\simplelink_cc13xx_cc26xx_sdk_8_31_00_11\source\ti\drivers\lib\ticlang\m4f\</path>
         <kind>archive</kind>
         <file>drivers_cc13x2x7.a</file>
         <name>PowerCC26X2.c.obj</name>
      </input_file>
      <input_file id="fl-19">
         <path>C:\ti\simplelink_cc13xx_cc26xx_sdk_8_31_00_11\source\ti\drivers\lib\ticlang\m4f\</path>
         <kind>archive</kind>
         <file>drivers_cc13x2x7.a</file>
         <name>PowerCC26X2_calibrateRCOSC.c.obj</name>
      </input_file>
      <input_file id="fl-1a">
         <path>C:\ti\simplelink_cc13xx_cc26xx_sdk_8_31_00_11\source\ti\drivers\lib\ticlang\m4f\</path>
         <kind>archive</kind>
         <file>drivers_cc13x2x7.a</file>
         <name>TemperatureCC26X2.c.obj</name>
      </input_file>
      <input_file id="fl-1b">
         <path>C:\ti\simplelink_cc13xx_cc26xx_sdk_8_31_00_11\source\ti\drivers\lib\ticlang\m4f\</path>
         <kind>archive</kind>
         <file>drivers_cc13x2x7.a</file>
         <name>Timer.c.obj</name>
      </input_file>
      <input_file id="fl-1c">
         <path>C:\ti\simplelink_cc13xx_cc26xx_sdk_8_31_00_11\source\ti\drivers\lib\ticlang\m4f\</path>
         <kind>archive</kind>
         <file>drivers_cc13x2x7.a</file>
         <name>TimerCC26XX.c.obj</name>
      </input_file>
      <input_file id="fl-1d">
         <path>C:\ti\simplelink_cc13xx_cc26xx_sdk_8_31_00_11\source\ti\drivers\lib\ticlang\m4f\</path>
         <kind>archive</kind>
         <file>drivers_cc13x2x7.a</file>
         <name>GPIOCC26X2.c.obj</name>
      </input_file>
      <input_file id="fl-1e">
         <path>C:\ti\simplelink_cc13xx_cc26xx_sdk_8_31_00_11\source\ti\drivers\lib\ticlang\m4f\</path>
         <kind>archive</kind>
         <file>drivers_cc13x2x7.a</file>
         <name>PowerCC26X2_calibrateRCOSC_helpers.c.obj</name>
      </input_file>
      <input_file id="fl-1f">
         <path>C:\ti\simplelink_cc13xx_cc26xx_sdk_8_31_00_11\source\ti\drivers\lib\ticlang\m4f\</path>
         <kind>archive</kind>
         <file>drivers_cc13x2x7.a</file>
         <name>PowerCC26X2_helpers.c.obj</name>
      </input_file>
      <input_file id="fl-20">
         <path>C:\ti\simplelink_cc13xx_cc26xx_sdk_8_31_00_11\source\ti\drivers\lib\ticlang\m4f\</path>
         <kind>archive</kind>
         <file>drivers_cc13x2x7.a</file>
         <name>List.c.obj</name>
      </input_file>
      <input_file id="fl-21">
         <path>C:\ti\simplelink_cc13xx_cc26xx_sdk_8_31_00_11\source\ti\drivers\lib\ticlang\m4f\</path>
         <kind>archive</kind>
         <file>drivers_cc13x2x7.a</file>
         <name>GPTimerCC26XX.c.obj</name>
      </input_file>
      <input_file id="fl-22">
         <path>C:\ti\simplelink_cc13xx_cc26xx_sdk_8_31_00_11\source\ti\devices\cc13x2x7_cc26x2x7\driverlib\bin\ticlang\</path>
         <kind>archive</kind>
         <file>driverlib.lib</file>
         <name>cpu.c.obj</name>
      </input_file>
      <input_file id="fl-23">
         <path>C:\ti\simplelink_cc13xx_cc26xx_sdk_8_31_00_11\source\ti\devices\cc13x2x7_cc26x2x7\driverlib\bin\ticlang\</path>
         <kind>archive</kind>
         <file>driverlib.lib</file>
         <name>osc.c.obj</name>
      </input_file>
      <input_file id="fl-24">
         <path>C:\ti\simplelink_cc13xx_cc26xx_sdk_8_31_00_11\source\ti\devices\cc13x2x7_cc26x2x7\driverlib\bin\ticlang\</path>
         <kind>archive</kind>
         <file>driverlib.lib</file>
         <name>prcm.c.obj</name>
      </input_file>
      <input_file id="fl-25">
         <path>C:\ti\simplelink_cc13xx_cc26xx_sdk_8_31_00_11\source\ti\devices\cc13x2x7_cc26x2x7\driverlib\bin\ticlang\</path>
         <kind>archive</kind>
         <file>driverlib.lib</file>
         <name>setup.c.obj</name>
      </input_file>
      <input_file id="fl-26">
         <path>C:\ti\simplelink_cc13xx_cc26xx_sdk_8_31_00_11\source\ti\devices\cc13x2x7_cc26x2x7\driverlib\bin\ticlang\</path>
         <kind>archive</kind>
         <file>driverlib.lib</file>
         <name>sys_ctrl.c.obj</name>
      </input_file>
      <input_file id="fl-27">
         <path>C:\ti\simplelink_cc13xx_cc26xx_sdk_8_31_00_11\source\ti\devices\cc13x2x7_cc26x2x7\driverlib\bin\ticlang\</path>
         <kind>archive</kind>
         <file>driverlib.lib</file>
         <name>aux_sysif.c.obj</name>
      </input_file>
      <input_file id="fl-28">
         <path>C:\ti\simplelink_cc13xx_cc26xx_sdk_8_31_00_11\source\ti\devices\cc13x2x7_cc26x2x7\driverlib\bin\ticlang\</path>
         <kind>archive</kind>
         <file>driverlib.lib</file>
         <name>chipinfo.c.obj</name>
      </input_file>
      <input_file id="fl-29">
         <path>C:\ti\simplelink_cc13xx_cc26xx_sdk_8_31_00_11\kernel\tirtos7\packages\ti\sysbios\lib\ticlang\m4f\</path>
         <kind>archive</kind>
         <file>sysbios.a</file>
         <name>TaskSupport_asm_gcc.s.obj</name>
      </input_file>
      <input_file id="fl-2a">
         <path>C:\ti\simplelink_cc13xx_cc26xx_sdk_8_31_00_11\kernel\tirtos7\packages\ti\sysbios\lib\ticlang\m4f\</path>
         <kind>archive</kind>
         <file>sysbios.a</file>
         <name>Hwi_asm_gcc.s.obj</name>
      </input_file>
      <input_file id="fl-2b">
         <path>C:\ti\simplelink_cc13xx_cc26xx_sdk_8_31_00_11\kernel\tirtos7\packages\ti\sysbios\lib\ticlang\m4f\</path>
         <kind>archive</kind>
         <file>sysbios.a</file>
         <name>Hwi_asm_switch_gcc.s.obj</name>
      </input_file>
      <input_file id="fl-2c">
         <path>C:\ti\simplelink_cc13xx_cc26xx_sdk_8_31_00_11\kernel\tirtos7\packages\ti\sysbios\lib\ticlang\m4f\</path>
         <kind>archive</kind>
         <file>sysbios.a</file>
         <name>boot_cortex_m.c.obj</name>
      </input_file>
      <input_file id="fl-3b">
         <path>C:\ti\ccs1280\ccs\tools\compiler\ti-cgt-armllvm_3.2.2.LTS\lib\armv7em-ti-none-eabihf\c\</path>
         <kind>archive</kind>
         <file>libc.a</file>
         <name>strcmp_t2.S.obj</name>
      </input_file>
      <input_file id="fl-3c">
         <path>C:\ti\ccs1280\ccs\tools\compiler\ti-cgt-armllvm_3.2.2.LTS\lib\armv7em-ti-none-eabihf\c\</path>
         <kind>archive</kind>
         <file>libc.a</file>
         <name>aeabi_portable.c.obj</name>
      </input_file>
      <input_file id="fl-3d">
         <path>C:\ti\ccs1280\ccs\tools\compiler\ti-cgt-armllvm_3.2.2.LTS\lib\armv7em-ti-none-eabihf\c\</path>
         <kind>archive</kind>
         <file>libc.a</file>
         <name>exit.c.obj</name>
      </input_file>
      <input_file id="fl-3e">
         <path>C:\ti\ccs1280\ccs\tools\compiler\ti-cgt-armllvm_3.2.2.LTS\lib\armv7em-ti-none-eabihf\c\</path>
         <kind>archive</kind>
         <file>libc.a</file>
         <name>_lock.c.obj</name>
      </input_file>
      <input_file id="fl-3f">
         <path>C:\ti\ccs1280\ccs\tools\compiler\ti-cgt-armllvm_3.2.2.LTS\lib\armv7em-ti-none-eabihf\c\</path>
         <kind>archive</kind>
         <file>libc.a</file>
         <name>args_main.c.obj</name>
      </input_file>
      <input_file id="fl-40">
         <path>C:\ti\ccs1280\ccs\tools\compiler\ti-cgt-armllvm_3.2.2.LTS\lib\armv7em-ti-none-eabihf\c\</path>
         <kind>archive</kind>
         <file>libc.a</file>
         <name>assert.c.obj</name>
      </input_file>
      <input_file id="fl-41">
         <path>C:\ti\ccs1280\ccs\tools\compiler\ti-cgt-armllvm_3.2.2.LTS\lib\armv7em-ti-none-eabihf\c\</path>
         <kind>archive</kind>
         <file>libc.a</file>
         <name>defs.c.obj</name>
      </input_file>
      <input_file id="fl-42">
         <path>C:\ti\ccs1280\ccs\tools\compiler\ti-cgt-armllvm_3.2.2.LTS\lib\armv7em-ti-none-eabihf\c\</path>
         <kind>archive</kind>
         <file>libc.a</file>
         <name>autoinit.c.obj</name>
      </input_file>
      <input_file id="fl-43">
         <path>C:\ti\ccs1280\ccs\tools\compiler\ti-cgt-armllvm_3.2.2.LTS\lib\armv7em-ti-none-eabihf\c\</path>
         <kind>archive</kind>
         <file>libc.a</file>
         <name>cpy_tbl.c.obj</name>
      </input_file>
      <input_file id="fl-44">
         <path>C:\ti\ccs1280\ccs\tools\compiler\ti-cgt-armllvm_3.2.2.LTS\lib\armv7em-ti-none-eabihf\c\</path>
         <kind>archive</kind>
         <file>libc.a</file>
         <name>copy_zero_init.c.obj</name>
      </input_file>
      <input_file id="fl-45">
         <path>C:\ti\ccs1280\ccs\tools\compiler\ti-cgt-armllvm_3.2.2.LTS\lib\armv7em-ti-none-eabihf\c\</path>
         <kind>archive</kind>
         <file>libc.a</file>
         <name>copy_decompress_none.c.obj</name>
      </input_file>
      <input_file id="fl-46">
         <path>C:\ti\ccs1280\ccs\tools\compiler\ti-cgt-armllvm_3.2.2.LTS\lib\armv7em-ti-none-eabihf\c\</path>
         <kind>archive</kind>
         <file>libc.a</file>
         <name>copy_decompress_lzss.c.obj</name>
      </input_file>
      <input_file id="fl-47">
         <path>C:\ti\ccs1280\ccs\tools\compiler\ti-cgt-armllvm_3.2.2.LTS\lib\armv7em-ti-none-eabihf\c\</path>
         <kind>archive</kind>
         <file>libc.a</file>
         <name>sprintf.c.obj</name>
      </input_file>
      <input_file id="fl-48">
         <path>C:\ti\ccs1280\ccs\tools\compiler\ti-cgt-armllvm_3.2.2.LTS\lib\armv7em-ti-none-eabihf\c\</path>
         <kind>archive</kind>
         <file>libc.a</file>
         <name>fflush.c.obj</name>
      </input_file>
      <input_file id="fl-49">
         <path>C:\ti\ccs1280\ccs\tools\compiler\ti-cgt-armllvm_3.2.2.LTS\lib\armv7em-ti-none-eabihf\c\</path>
         <kind>archive</kind>
         <file>libc.a</file>
         <name>fputs.c.obj</name>
      </input_file>
      <input_file id="fl-4a">
         <path>C:\ti\ccs1280\ccs\tools\compiler\ti-cgt-armllvm_3.2.2.LTS\lib\armv7em-ti-none-eabihf\c\</path>
         <kind>archive</kind>
         <file>libc.a</file>
         <name>_io_perm.c.obj</name>
      </input_file>
      <input_file id="fl-4b">
         <path>C:\ti\ccs1280\ccs\tools\compiler\ti-cgt-armllvm_3.2.2.LTS\lib\armv7em-ti-none-eabihf\c\</path>
         <kind>archive</kind>
         <file>libc.a</file>
         <name>setvbuf.c.obj</name>
      </input_file>
      <input_file id="fl-4c">
         <path>C:\ti\ccs1280\ccs\tools\compiler\ti-cgt-armllvm_3.2.2.LTS\lib\armv7em-ti-none-eabihf\c\</path>
         <kind>archive</kind>
         <file>libc.a</file>
         <name>_printfi.c.obj</name>
      </input_file>
      <input_file id="fl-4d">
         <path>C:\ti\ccs1280\ccs\tools\compiler\ti-cgt-armllvm_3.2.2.LTS\lib\armv7em-ti-none-eabihf\c\</path>
         <kind>archive</kind>
         <file>libc.a</file>
         <name>fopen.c.obj</name>
      </input_file>
      <input_file id="fl-4e">
         <path>C:\ti\ccs1280\ccs\tools\compiler\ti-cgt-armllvm_3.2.2.LTS\lib\armv7em-ti-none-eabihf\c\</path>
         <kind>archive</kind>
         <file>libc.a</file>
         <name>fseek.c.obj</name>
      </input_file>
      <input_file id="fl-4f">
         <path>C:\ti\ccs1280\ccs\tools\compiler\ti-cgt-armllvm_3.2.2.LTS\lib\armv7em-ti-none-eabihf\c\</path>
         <kind>archive</kind>
         <file>libc.a</file>
         <name>s_frexp.c.obj</name>
      </input_file>
      <input_file id="fl-50">
         <path>C:\ti\ccs1280\ccs\tools\compiler\ti-cgt-armllvm_3.2.2.LTS\lib\armv7em-ti-none-eabihf\c\</path>
         <kind>archive</kind>
         <file>libc.a</file>
         <name>s_scalbn.c.obj</name>
      </input_file>
      <input_file id="fl-51">
         <path>C:\ti\ccs1280\ccs\tools\compiler\ti-cgt-armllvm_3.2.2.LTS\lib\armv7em-ti-none-eabihf\c\</path>
         <kind>archive</kind>
         <file>libc.a</file>
         <name>_ltoa.c.obj</name>
      </input_file>
      <input_file id="fl-52">
         <path>C:\ti\ccs1280\ccs\tools\compiler\ti-cgt-armllvm_3.2.2.LTS\lib\armv7em-ti-none-eabihf\c\</path>
         <kind>archive</kind>
         <file>libc.a</file>
         <name>atoi.c.obj</name>
      </input_file>
      <input_file id="fl-53">
         <path>C:\ti\ccs1280\ccs\tools\compiler\ti-cgt-armllvm_3.2.2.LTS\lib\armv7em-ti-none-eabihf\c\</path>
         <kind>archive</kind>
         <file>libc.a</file>
         <name>memccpy.c.obj</name>
      </input_file>
      <input_file id="fl-54">
         <path>C:\ti\ccs1280\ccs\tools\compiler\ti-cgt-armllvm_3.2.2.LTS\lib\armv7em-ti-none-eabihf\c\</path>
         <kind>archive</kind>
         <file>libc.a</file>
         <name>wcslen.c.obj</name>
      </input_file>
      <input_file id="fl-55">
         <path>C:\ti\ccs1280\ccs\tools\compiler\ti-cgt-armllvm_3.2.2.LTS\lib\armv7em-ti-none-eabihf\c\</path>
         <kind>archive</kind>
         <file>libc.a</file>
         <name>fclose.c.obj</name>
      </input_file>
      <input_file id="fl-56">
         <path>C:\ti\ccs1280\ccs\tools\compiler\ti-cgt-armllvm_3.2.2.LTS\lib\armv7em-ti-none-eabihf\c\</path>
         <kind>archive</kind>
         <file>libc.a</file>
         <name>aeabi_ctype.S.obj</name>
      </input_file>
      <input_file id="fl-bc">
         <path>C:\ti\ccs1280\ccs\tools\compiler\ti-cgt-armllvm_3.2.2.LTS\lib\armv7em-ti-none-eabihf\c\</path>
         <kind>archive</kind>
         <file>libsysbm.a</file>
         <name>write.c.obj</name>
      </input_file>
      <input_file id="fl-bd">
         <path>C:\ti\ccs1280\ccs\tools\compiler\ti-cgt-armllvm_3.2.2.LTS\lib\armv7em-ti-none-eabihf\c\</path>
         <kind>archive</kind>
         <file>libsysbm.a</file>
         <name>host_device.c.obj</name>
      </input_file>
      <input_file id="fl-be">
         <path>C:\ti\ccs1280\ccs\tools\compiler\ti-cgt-armllvm_3.2.2.LTS\lib\armv7em-ti-none-eabihf\c\</path>
         <kind>archive</kind>
         <file>libsysbm.a</file>
         <name>remove.c.obj</name>
      </input_file>
      <input_file id="fl-bf">
         <path>C:\ti\ccs1280\ccs\tools\compiler\ti-cgt-armllvm_3.2.2.LTS\lib\armv7em-ti-none-eabihf\c\</path>
         <kind>archive</kind>
         <file>libsysbm.a</file>
         <name>open.c.obj</name>
      </input_file>
      <input_file id="fl-c0">
         <path>C:\ti\ccs1280\ccs\tools\compiler\ti-cgt-armllvm_3.2.2.LTS\lib\armv7em-ti-none-eabihf\c\</path>
         <kind>archive</kind>
         <file>libsysbm.a</file>
         <name>lseek.c.obj</name>
      </input_file>
      <input_file id="fl-c1">
         <path>C:\ti\ccs1280\ccs\tools\compiler\ti-cgt-armllvm_3.2.2.LTS\lib\armv7em-ti-none-eabihf\c\</path>
         <kind>archive</kind>
         <file>libsysbm.a</file>
         <name>close.c.obj</name>
      </input_file>
      <input_file id="fl-c2">
         <path>C:\ti\ccs1280\ccs\tools\compiler\ti-cgt-armllvm_3.2.2.LTS\lib\armv7em-ti-none-eabihf\c\</path>
         <kind>archive</kind>
         <file>libsysbm.a</file>
         <name>unlink.c.obj</name>
      </input_file>
      <input_file id="fl-c3">
         <path>C:\ti\ccs1280\ccs\tools\compiler\ti-cgt-armllvm_3.2.2.LTS\lib\armv7em-ti-none-eabihf\c\</path>
         <kind>archive</kind>
         <file>libsysbm.a</file>
         <name>hostclose.c.obj</name>
      </input_file>
      <input_file id="fl-c4">
         <path>C:\ti\ccs1280\ccs\tools\compiler\ti-cgt-armllvm_3.2.2.LTS\lib\armv7em-ti-none-eabihf\c\</path>
         <kind>archive</kind>
         <file>libsysbm.a</file>
         <name>hostlseek.c.obj</name>
      </input_file>
      <input_file id="fl-c5">
         <path>C:\ti\ccs1280\ccs\tools\compiler\ti-cgt-armllvm_3.2.2.LTS\lib\armv7em-ti-none-eabihf\c\</path>
         <kind>archive</kind>
         <file>libsysbm.a</file>
         <name>hostopen.c.obj</name>
      </input_file>
      <input_file id="fl-c6">
         <path>C:\ti\ccs1280\ccs\tools\compiler\ti-cgt-armllvm_3.2.2.LTS\lib\armv7em-ti-none-eabihf\c\</path>
         <kind>archive</kind>
         <file>libsysbm.a</file>
         <name>hostread.c.obj</name>
      </input_file>
      <input_file id="fl-c7">
         <path>C:\ti\ccs1280\ccs\tools\compiler\ti-cgt-armllvm_3.2.2.LTS\lib\armv7em-ti-none-eabihf\c\</path>
         <kind>archive</kind>
         <file>libsysbm.a</file>
         <name>hostrename.c.obj</name>
      </input_file>
      <input_file id="fl-c8">
         <path>C:\ti\ccs1280\ccs\tools\compiler\ti-cgt-armllvm_3.2.2.LTS\lib\armv7em-ti-none-eabihf\c\</path>
         <kind>archive</kind>
         <file>libsysbm.a</file>
         <name>hostunlink.c.obj</name>
      </input_file>
      <input_file id="fl-c9">
         <path>C:\ti\ccs1280\ccs\tools\compiler\ti-cgt-armllvm_3.2.2.LTS\lib\armv7em-ti-none-eabihf\c\</path>
         <kind>archive</kind>
         <file>libsysbm.a</file>
         <name>hostwrite.c.obj</name>
      </input_file>
      <input_file id="fl-ca">
         <path>C:\ti\ccs1280\ccs\tools\compiler\ti-cgt-armllvm_3.2.2.LTS\lib\armv7em-ti-none-eabihf\c\</path>
         <kind>archive</kind>
         <file>libsysbm.a</file>
         <name>trgmsg.c.obj</name>
      </input_file>
      <input_file id="fl-cb">
         <path>C:\ti\ccs1280\ccs\tools\compiler\ti-cgt-armllvm_3.2.2.LTS\lib\clang\15.0.7\lib\armv7em-ti-none-eabihf\</path>
         <kind>archive</kind>
         <file>libclang_rt.builtins.a</file>
         <name>adddf3.S.obj</name>
      </input_file>
      <input_file id="fl-cc">
         <path>C:\ti\ccs1280\ccs\tools\compiler\ti-cgt-armllvm_3.2.2.LTS\lib\clang\15.0.7\lib\armv7em-ti-none-eabihf\</path>
         <kind>archive</kind>
         <file>libclang_rt.builtins.a</file>
         <name>muldf3.S.obj</name>
      </input_file>
      <input_file id="fl-cd">
         <path>C:\ti\ccs1280\ccs\tools\compiler\ti-cgt-armllvm_3.2.2.LTS\lib\clang\15.0.7\lib\armv7em-ti-none-eabihf\</path>
         <kind>archive</kind>
         <file>libclang_rt.builtins.a</file>
         <name>ashldi3.S.obj</name>
      </input_file>
      <input_file id="fl-ce">
         <path>C:\ti\ccs1280\ccs\tools\compiler\ti-cgt-armllvm_3.2.2.LTS\lib\clang\15.0.7\lib\armv7em-ti-none-eabihf\</path>
         <kind>archive</kind>
         <file>libclang_rt.builtins.a</file>
         <name>ashrdi3.S.obj</name>
      </input_file>
      <input_file id="fl-cf">
         <path>C:\ti\ccs1280\ccs\tools\compiler\ti-cgt-armllvm_3.2.2.LTS\lib\clang\15.0.7\lib\armv7em-ti-none-eabihf\</path>
         <kind>archive</kind>
         <file>libclang_rt.builtins.a</file>
         <name>divdf3.S.obj</name>
      </input_file>
      <input_file id="fl-d0">
         <path>C:\ti\ccs1280\ccs\tools\compiler\ti-cgt-armllvm_3.2.2.LTS\lib\clang\15.0.7\lib\armv7em-ti-none-eabihf\</path>
         <kind>archive</kind>
         <file>libclang_rt.builtins.a</file>
         <name>extendsfdf2.S.obj</name>
      </input_file>
      <input_file id="fl-d1">
         <path>C:\ti\ccs1280\ccs\tools\compiler\ti-cgt-armllvm_3.2.2.LTS\lib\clang\15.0.7\lib\armv7em-ti-none-eabihf\</path>
         <kind>archive</kind>
         <file>libclang_rt.builtins.a</file>
         <name>fixdfsi.S.obj</name>
      </input_file>
      <input_file id="fl-d2">
         <path>C:\ti\ccs1280\ccs\tools\compiler\ti-cgt-armllvm_3.2.2.LTS\lib\clang\15.0.7\lib\armv7em-ti-none-eabihf\</path>
         <kind>archive</kind>
         <file>libclang_rt.builtins.a</file>
         <name>fixunsdfsi.S.obj</name>
      </input_file>
      <input_file id="fl-d3">
         <path>C:\ti\ccs1280\ccs\tools\compiler\ti-cgt-armllvm_3.2.2.LTS\lib\clang\15.0.7\lib\armv7em-ti-none-eabihf\</path>
         <kind>archive</kind>
         <file>libclang_rt.builtins.a</file>
         <name>floatsidf.S.obj</name>
      </input_file>
      <input_file id="fl-d4">
         <path>C:\ti\ccs1280\ccs\tools\compiler\ti-cgt-armllvm_3.2.2.LTS\lib\clang\15.0.7\lib\armv7em-ti-none-eabihf\</path>
         <kind>archive</kind>
         <file>libclang_rt.builtins.a</file>
         <name>aeabi_dcmp.S.obj</name>
      </input_file>
      <input_file id="fl-d5">
         <path>C:\ti\ccs1280\ccs\tools\compiler\ti-cgt-armllvm_3.2.2.LTS\lib\clang\15.0.7\lib\armv7em-ti-none-eabihf\</path>
         <kind>archive</kind>
         <file>libclang_rt.builtins.a</file>
         <name>aeabi_ldivmod.S.obj</name>
      </input_file>
      <input_file id="fl-d6">
         <path>C:\ti\ccs1280\ccs\tools\compiler\ti-cgt-armllvm_3.2.2.LTS\lib\clang\15.0.7\lib\armv7em-ti-none-eabihf\</path>
         <kind>archive</kind>
         <file>libclang_rt.builtins.a</file>
         <name>aeabi_memcpy.S.obj</name>
      </input_file>
      <input_file id="fl-d7">
         <path>C:\ti\ccs1280\ccs\tools\compiler\ti-cgt-armllvm_3.2.2.LTS\lib\clang\15.0.7\lib\armv7em-ti-none-eabihf\</path>
         <kind>archive</kind>
         <file>libclang_rt.builtins.a</file>
         <name>aeabi_memset.S.obj</name>
      </input_file>
      <input_file id="fl-d8">
         <path>C:\ti\ccs1280\ccs\tools\compiler\ti-cgt-armllvm_3.2.2.LTS\lib\clang\15.0.7\lib\armv7em-ti-none-eabihf\</path>
         <kind>archive</kind>
         <file>libclang_rt.builtins.a</file>
         <name>aeabi_uldivmod.S.obj</name>
      </input_file>
      <input_file id="fl-d9">
         <path>C:\ti\ccs1280\ccs\tools\compiler\ti-cgt-armllvm_3.2.2.LTS\lib\clang\15.0.7\lib\armv7em-ti-none-eabihf\</path>
         <kind>archive</kind>
         <file>libclang_rt.builtins.a</file>
         <name>udivmoddi4.S.obj</name>
      </input_file>
      <input_file id="fl-da">
         <path>C:\ti\ccs1280\ccs\tools\compiler\ti-cgt-armllvm_3.2.2.LTS\lib\clang\15.0.7\lib\armv7em-ti-none-eabihf\</path>
         <kind>archive</kind>
         <file>libclang_rt.builtins.a</file>
         <name>comparedf2.c.obj</name>
      </input_file>
      <input_file id="fl-db">
         <path>C:\ti\ccs1280\ccs\tools\compiler\ti-cgt-armllvm_3.2.2.LTS\lib\clang\15.0.7\lib\armv7em-ti-none-eabihf\</path>
         <kind>archive</kind>
         <file>libclang_rt.builtins.a</file>
         <name>divmoddi4.c.obj</name>
      </input_file>
      <input_file id="fl-dc">
         <path>C:\ti\ccs1280\ccs\tools\compiler\ti-cgt-armllvm_3.2.2.LTS\lib\clang\15.0.7\lib\armv7em-ti-none-eabihf\</path>
         <kind>archive</kind>
         <file>libclang_rt.builtins.a</file>
         <name>aeabi_div0.c.obj</name>
      </input_file>
      <input_file id="fl-dd">
         <path>C:\ti\ccs1280\ccs\tools\compiler\ti-cgt-armllvm_3.2.2.LTS\lib\armv7em-ti-none-eabihf\c\</path>
         <kind>archive</kind>
         <file>libc.a</file>
         <name>getdevice.c.obj</name>
      </input_file>
      <input_file id="fl-de">
         <path>C:\ti\ccs1280\ccs\tools\compiler\ti-cgt-armllvm_3.2.2.LTS\lib\armv7em-ti-none-eabihf\c\</path>
         <kind>archive</kind>
         <file>libc.a</file>
         <name>memcpy_t2.S.obj</name>
      </input_file>
      <input_file id="fl-df">
         <path>C:\ti\ccs1280\ccs\tools\compiler\ti-cgt-armllvm_3.2.2.LTS\lib\armv7em-ti-none-eabihf\c\</path>
         <kind>archive</kind>
         <file>libc.a</file>
         <name>memset_t2.S.obj</name>
      </input_file>
   </input_file_list>
   <object_component_list>
      <object_component id="oc-23">
         <name>.resetVecs</name>
         <load_address>0x0</load_address>
         <readonly>true</readonly>
         <run_address>0x0</run_address>
         <size>0x3c</size>
         <alignment>0x4</alignment>
         <input_file_ref idref="fl-4"/>
      </object_component>
      <object_component id="oc-14b">
         <name>.text.PowerCC26X2_auxISR</name>
         <load_address>0x3c</load_address>
         <readonly>true</readonly>
         <executable>true</executable>
         <run_address>0x3c</run_address>
         <size>0x194</size>
         <alignment>0x4</alignment>
         <input_file_ref idref="fl-19"/>
      </object_component>
      <object_component id="oc-22f">
         <name>.text.Power_sleep</name>
         <load_address>0x1d0</load_address>
         <readonly>true</readonly>
         <executable>true</executable>
         <run_address>0x1d0</run_address>
         <size>0x158</size>
         <alignment>0x4</alignment>
         <input_file_ref idref="fl-18"/>
      </object_component>
      <object_component id="oc-217">
         <name>.text.ti_sysbios_family_arm_cc26xx_Timer_construct</name>
         <load_address>0x328</load_address>
         <readonly>true</readonly>
         <executable>true</executable>
         <run_address>0x328</run_address>
         <size>0x120</size>
         <alignment>0x4</alignment>
         <input_file_ref idref="fl-4"/>
      </object_component>
      <object_component id="oc-4f">
         <name>.text.ti_sysbios_family_arm_m3_Hwi_dispatch</name>
         <load_address>0x448</load_address>
         <readonly>true</readonly>
         <executable>true</executable>
         <run_address>0x448</run_address>
         <size>0x11c</size>
         <alignment>0x4</alignment>
         <input_file_ref idref="fl-2a"/>
      </object_component>
      <object_component id="oc-df">
         <name>.text.Power_init</name>
         <load_address>0x564</load_address>
         <readonly>true</readonly>
         <executable>true</executable>
         <run_address>0x564</run_address>
         <size>0x118</size>
         <alignment>0x4</alignment>
         <input_file_ref idref="fl-18"/>
      </object_component>
      <object_component id="oc-1d0">
         <name>.text.PowerCC26X2_calibrate</name>
         <load_address>0x67c</load_address>
         <readonly>true</readonly>
         <executable>true</executable>
         <run_address>0x67c</run_address>
         <size>0x10c</size>
         <alignment>0x4</alignment>
         <input_file_ref idref="fl-19"/>
      </object_component>
      <object_component id="oc-e5">
         <name>.text.GPIO_init</name>
         <load_address>0x788</load_address>
         <readonly>true</readonly>
         <executable>true</executable>
         <run_address>0x788</run_address>
         <size>0x100</size>
         <alignment>0x4</alignment>
         <input_file_ref idref="fl-1d"/>
      </object_component>
      <object_component id="oc-ff">
         <name>.text.Timer_open</name>
         <load_address>0x888</load_address>
         <readonly>true</readonly>
         <executable>true</executable>
         <run_address>0x888</run_address>
         <size>0x100</size>
         <alignment>0x4</alignment>
         <input_file_ref idref="fl-1c"/>
      </object_component>
      <object_component id="oc-28d">
         <name>.text.NOROM_SysCtrlStandby</name>
         <load_address>0x988</load_address>
         <readonly>true</readonly>
         <executable>true</executable>
         <run_address>0x988</run_address>
         <size>0xf0</size>
         <alignment>0x4</alignment>
         <input_file_ref idref="fl-26"/>
      </object_component>
      <object_component id="oc-1fc">
         <name>.text.ti_sysbios_knl_Semaphore_pend</name>
         <load_address>0xa78</load_address>
         <readonly>true</readonly>
         <executable>true</executable>
         <run_address>0xa78</run_address>
         <size>0xe4</size>
         <alignment>0x4</alignment>
         <input_file_ref idref="fl-4"/>
      </object_component>
      <object_component id="oc-b8">
         <name>.text.pthread_create</name>
         <load_address>0xb5c</load_address>
         <readonly>true</readonly>
         <executable>true</executable>
         <run_address>0xb5c</run_address>
         <size>0xd8</size>
         <alignment>0x4</alignment>
         <input_file_ref idref="fl-4"/>
      </object_component>
      <object_component id="oc-cb">
         <name>.text.ti_sysbios_family_arm_m3_Hwi_excFillContext</name>
         <load_address>0xc34</load_address>
         <readonly>true</readonly>
         <executable>true</executable>
         <run_address>0xc34</run_address>
         <size>0xd8</size>
         <alignment>0x4</alignment>
         <input_file_ref idref="fl-4"/>
      </object_component>
      <object_component id="oc-74">
         <name>.text.NOROM_SetupTrimDevice</name>
         <load_address>0xd0c</load_address>
         <readonly>true</readonly>
         <executable>true</executable>
         <run_address>0xd0c</run_address>
         <size>0xd0</size>
         <alignment>0x4</alignment>
         <input_file_ref idref="fl-25"/>
      </object_component>
      <object_component id="oc-1b6">
         <name>.text.configureXOSCHF</name>
         <load_address>0xddc</load_address>
         <readonly>true</readonly>
         <executable>true</executable>
         <run_address>0xddc</run_address>
         <size>0xd0</size>
         <alignment>0x4</alignment>
         <input_file_ref idref="fl-18"/>
      </object_component>
      <object_component id="oc-1a9">
         <name>.text.ti_sysbios_knl_Clock_workFuncDynamic</name>
         <load_address>0xeac</load_address>
         <readonly>true</readonly>
         <executable>true</executable>
         <run_address>0xeac</run_address>
         <size>0xcc</size>
         <alignment>0x4</alignment>
         <input_file_ref idref="fl-4"/>
      </object_component>
      <object_component id="oc-174">
         <name>.text.GPTimerCC26XX_open</name>
         <load_address>0xf78</load_address>
         <readonly>true</readonly>
         <executable>true</executable>
         <run_address>0xf78</run_address>
         <size>0xb8</size>
         <alignment>0x4</alignment>
         <input_file_ref idref="fl-21"/>
      </object_component>
      <object_component id="oc-1e5">
         <name>.text.ti_sysbios_knl_Task_Instance_finalize</name>
         <load_address>0x1030</load_address>
         <readonly>true</readonly>
         <executable>true</executable>
         <run_address>0x1030</run_address>
         <size>0xb8</size>
         <alignment>0x4</alignment>
         <input_file_ref idref="fl-4"/>
      </object_component>
      <object_component id="oc-f4">
         <name>.text.ti_sysbios_knl_Task_setPri</name>
         <load_address>0x10e8</load_address>
         <readonly>true</readonly>
         <executable>true</executable>
         <run_address>0x10e8</run_address>
         <size>0xb8</size>
         <alignment>0x4</alignment>
         <input_file_ref idref="fl-4"/>
      </object_component>
      <object_component id="oc-1b8">
         <name>.text.PowerCC26XX_standbyPolicy</name>
         <load_address>0x11a0</load_address>
         <readonly>true</readonly>
         <executable>true</executable>
         <run_address>0x11a0</run_address>
         <size>0xb4</size>
         <alignment>0x4</alignment>
         <input_file_ref idref="fl-4"/>
      </object_component>
      <object_component id="oc-1e0">
         <name>.text.GPIO_setConfigAndMux</name>
         <load_address>0x1254</load_address>
         <readonly>true</readonly>
         <executable>true</executable>
         <run_address>0x1254</run_address>
         <size>0xb0</size>
         <alignment>0x4</alignment>
         <input_file_ref idref="fl-17"/>
      </object_component>
      <object_component id="oc-150">
         <name>.text.Power_setDependency</name>
         <load_address>0x1304</load_address>
         <readonly>true</readonly>
         <executable>true</executable>
         <run_address>0x1304</run_address>
         <size>0xb0</size>
         <alignment>0x4</alignment>
         <input_file_ref idref="fl-18"/>
      </object_component>
      <object_component id="oc-21a">
         <name>.text</name>
         <load_address>0x13b4</load_address>
         <readonly>true</readonly>
         <executable>true</executable>
         <run_address>0x13b4</run_address>
         <size>0xb0</size>
         <alignment>0x4</alignment>
         <input_file_ref idref="fl-d9"/>
      </object_component>
      <object_component id="oc-23f">
         <name>.text.Power_releaseDependency</name>
         <load_address>0x1464</load_address>
         <readonly>true</readonly>
         <executable>true</executable>
         <run_address>0x1464</run_address>
         <size>0xac</size>
         <alignment>0x4</alignment>
         <input_file_ref idref="fl-18"/>
      </object_component>
      <object_component id="oc-a5">
         <name>.text.TrimAfterColdResetWakeupFromShutDown</name>
         <load_address>0x1510</load_address>
         <readonly>true</readonly>
         <executable>true</executable>
         <run_address>0x1510</run_address>
         <size>0xac</size>
         <alignment>0x4</alignment>
         <input_file_ref idref="fl-25"/>
      </object_component>
      <object_component id="oc-1e4">
         <name>.text.ti_sysbios_knl_Task_Instance_init</name>
         <load_address>0x15bc</load_address>
         <readonly>true</readonly>
         <executable>true</executable>
         <run_address>0x15bc</run_address>
         <size>0xa4</size>
         <alignment>0x4</alignment>
         <input_file_ref idref="fl-4"/>
      </object_component>
      <object_component id="oc-1f4">
         <name>.text.GPTimerCC26XX_close</name>
         <load_address>0x1660</load_address>
         <readonly>true</readonly>
         <executable>true</executable>
         <run_address>0x1660</run_address>
         <size>0x98</size>
         <alignment>0x4</alignment>
         <input_file_ref idref="fl-21"/>
      </object_component>
      <object_component id="oc-202">
         <name>.text.ti_sysbios_knl_Clock_startI</name>
         <load_address>0x16f8</load_address>
         <readonly>true</readonly>
         <executable>true</executable>
         <run_address>0x16f8</run_address>
         <size>0x94</size>
         <alignment>0x4</alignment>
         <input_file_ref idref="fl-4"/>
      </object_component>
      <object_component id="oc-18b">
         <name>.text.ti_sysbios_knl_Task_sleep</name>
         <load_address>0x178c</load_address>
         <readonly>true</readonly>
         <executable>true</executable>
         <run_address>0x178c</run_address>
         <size>0x94</size>
         <alignment>0x4</alignment>
         <input_file_ref idref="fl-4"/>
      </object_component>
      <object_component id="oc-12c">
         <name>.text.ti_sysbios_knl_Clock_init</name>
         <load_address>0x1820</load_address>
         <readonly>true</readonly>
         <executable>true</executable>
         <run_address>0x1820</run_address>
         <size>0x8c</size>
         <alignment>0x4</alignment>
         <input_file_ref idref="fl-4"/>
      </object_component>
      <object_component id="oc-129">
         <name>.text.ti_sysbios_family_arm_m3_Hwi_initNVIC</name>
         <load_address>0x18ac</load_address>
         <readonly>true</readonly>
         <executable>true</executable>
         <run_address>0x18ac</run_address>
         <size>0x80</size>
         <alignment>0x4</alignment>
         <input_file_ref idref="fl-4"/>
      </object_component>
      <object_component id="oc-287">
         <name>.text.ti_sysbios_family_arm_m3_Hwi_postInit</name>
         <load_address>0x192c</load_address>
         <readonly>true</readonly>
         <executable>true</executable>
         <run_address>0x192c</run_address>
         <size>0x7c</size>
         <alignment>0x4</alignment>
         <input_file_ref idref="fl-4"/>
      </object_component>
      <object_component id="oc-1e7">
         <name>.text._pthread_removeThreadKeys</name>
         <load_address>0x19a8</load_address>
         <readonly>true</readonly>
         <executable>true</executable>
         <run_address>0x19a8</run_address>
         <size>0x78</size>
         <alignment>0x4</alignment>
         <input_file_ref idref="fl-4"/>
      </object_component>
      <object_component id="oc-244">
         <name>.text.ti_sysbios_knl_Task_postInit</name>
         <load_address>0x1a20</load_address>
         <readonly>true</readonly>
         <executable>true</executable>
         <run_address>0x1a20</run_address>
         <size>0x78</size>
         <alignment>0x4</alignment>
         <input_file_ref idref="fl-4"/>
      </object_component>
      <object_component id="oc-1c3">
         <name>.text.PowerCC26X2_updateSubSecInc</name>
         <load_address>0x1a98</load_address>
         <readonly>true</readonly>
         <executable>true</executable>
         <run_address>0x1a98</run_address>
         <size>0x74</size>
         <alignment>0x4</alignment>
         <input_file_ref idref="fl-1e"/>
      </object_component>
      <object_component id="oc-9d">
         <name>.text.ti_sysbios_knl_Swi_restoreHwi</name>
         <load_address>0x1b0c</load_address>
         <readonly>true</readonly>
         <executable>true</executable>
         <run_address>0x1b0c</run_address>
         <size>0x74</size>
         <alignment>0x4</alignment>
         <input_file_ref idref="fl-4"/>
      </object_component>
      <object_component id="oc-266">
         <name>.text.ti_sysbios_family_arm_m3_Hwi_Instance_init</name>
         <load_address>0x1b80</load_address>
         <readonly>true</readonly>
         <executable>true</executable>
         <run_address>0x1b80</run_address>
         <size>0x70</size>
         <alignment>0x4</alignment>
         <input_file_ref idref="fl-4"/>
      </object_component>
      <object_component id="oc-257">
         <name>.text.ti_sysbios_heaps_HeapMem_allocUnprotected</name>
         <load_address>0x1bf0</load_address>
         <readonly>true</readonly>
         <executable>true</executable>
         <run_address>0x1bf0</run_address>
         <size>0x70</size>
         <alignment>0x2</alignment>
         <input_file_ref idref="fl-4"/>
      </object_component>
      <object_component id="oc-11a">
         <name>.text.ti_sysbios_knl_Task_startup</name>
         <load_address>0x1c60</load_address>
         <readonly>true</readonly>
         <executable>true</executable>
         <run_address>0x1c60</run_address>
         <size>0x70</size>
         <alignment>0x4</alignment>
         <input_file_ref idref="fl-4"/>
      </object_component>
      <object_component id="oc-31">
         <name>.text:decompress:lzss</name>
         <load_address>0x1cd0</load_address>
         <readonly>true</readonly>
         <executable>true</executable>
         <run_address>0x1cd0</run_address>
         <size>0x70</size>
         <alignment>0x2</alignment>
         <input_file_ref idref="fl-46"/>
      </object_component>
      <object_component id="oc-14a">
         <name>.text.oscillatorISR</name>
         <load_address>0x1d40</load_address>
         <readonly>true</readonly>
         <executable>true</executable>
         <run_address>0x1d40</run_address>
         <size>0x6c</size>
         <alignment>0x4</alignment>
         <input_file_ref idref="fl-18"/>
      </object_component>
      <object_component id="oc-70">
         <name>.text.ti_sysbios_family_arm_m3_Hwi_dispatchC</name>
         <load_address>0x1dac</load_address>
         <readonly>true</readonly>
         <executable>true</executable>
         <run_address>0x1dac</run_address>
         <size>0x6c</size>
         <alignment>0x4</alignment>
         <input_file_ref idref="fl-4"/>
      </object_component>
      <object_component id="oc-d3">
         <name>.text.ti_sysbios_knl_Swi_run</name>
         <load_address>0x1e18</load_address>
         <readonly>true</readonly>
         <executable>true</executable>
         <run_address>0x1e18</run_address>
         <size>0x68</size>
         <alignment>0x4</alignment>
         <input_file_ref idref="fl-4"/>
      </object_component>
      <object_component id="oc-276">
         <name>.text.NOROM_OSCHF_AttemptToSwitchToXosc</name>
         <load_address>0x1e80</load_address>
         <readonly>true</readonly>
         <executable>true</executable>
         <run_address>0x1e80</run_address>
         <size>0x64</size>
         <alignment>0x4</alignment>
         <input_file_ref idref="fl-23"/>
      </object_component>
      <object_component id="oc-232">
         <name>.text.PowerCC26X2_initiateCalibration</name>
         <load_address>0x1ee4</load_address>
         <readonly>true</readonly>
         <executable>true</executable>
         <run_address>0x1ee4</run_address>
         <size>0x64</size>
         <alignment>0x4</alignment>
         <input_file_ref idref="fl-19"/>
      </object_component>
      <object_component id="oc-12f">
         <name>.text.ti_sysbios_knl_Idle_init</name>
         <load_address>0x1f48</load_address>
         <readonly>true</readonly>
         <executable>true</executable>
         <run_address>0x1f48</run_address>
         <size>0x64</size>
         <alignment>0x4</alignment>
         <input_file_ref idref="fl-4"/>
      </object_component>
      <object_component id="oc-290">
         <name>.text.ti_sysbios_knl_TaskSupport_buildTaskStack</name>
         <load_address>0x1fac</load_address>
         <readonly>true</readonly>
         <executable>true</executable>
         <run_address>0x1fac</run_address>
         <size>0x64</size>
         <alignment>0x4</alignment>
         <input_file_ref idref="fl-4"/>
      </object_component>
      <object_component id="oc-176">
         <name>.text.Timer_setPeriod</name>
         <load_address>0x2010</load_address>
         <readonly>true</readonly>
         <executable>true</executable>
         <run_address>0x2010</run_address>
         <size>0x60</size>
         <alignment>0x4</alignment>
         <input_file_ref idref="fl-1b"/>
      </object_component>
      <object_component id="oc-21f">
         <name>.text.ti_sysbios_knl_Clock_walkQueueDynamic</name>
         <load_address>0x2070</load_address>
         <readonly>true</readonly>
         <executable>true</executable>
         <run_address>0x2070</run_address>
         <size>0x60</size>
         <alignment>0x4</alignment>
         <input_file_ref idref="fl-4"/>
      </object_component>
      <object_component id="oc-1e8">
         <name>.text.ti_sysbios_knl_Semaphore_post</name>
         <load_address>0x20d0</load_address>
         <readonly>true</readonly>
         <executable>true</executable>
         <run_address>0x20d0</run_address>
         <size>0x60</size>
         <alignment>0x4</alignment>
         <input_file_ref idref="fl-4"/>
      </object_component>
      <object_component id="oc-20a">
         <name>.text.ti_sysbios_knl_Swi_schedule</name>
         <load_address>0x2130</load_address>
         <readonly>true</readonly>
         <executable>true</executable>
         <run_address>0x2130</run_address>
         <size>0x60</size>
         <alignment>0x4</alignment>
         <input_file_ref idref="fl-4"/>
      </object_component>
      <object_component id="oc-16b">
         <name>.text.pthread_exit</name>
         <load_address>0x2190</load_address>
         <readonly>true</readonly>
         <executable>true</executable>
         <run_address>0x2190</run_address>
         <size>0x5c</size>
         <alignment>0x4</alignment>
         <input_file_ref idref="fl-4"/>
      </object_component>
      <object_component id="oc-1f6">
         <name>.text.GPTimerCC26XXHwiFxn</name>
         <load_address>0x21ec</load_address>
         <readonly>true</readonly>
         <executable>true</executable>
         <run_address>0x21ec</run_address>
         <size>0x58</size>
         <alignment>0x4</alignment>
         <input_file_ref idref="fl-21"/>
      </object_component>
      <object_component id="oc-87">
         <name>.text.main</name>
         <load_address>0x2244</load_address>
         <readonly>true</readonly>
         <executable>true</executable>
         <run_address>0x2244</run_address>
         <size>0x58</size>
         <alignment>0x4</alignment>
         <input_file_ref idref="fl-5"/>
      </object_component>
      <object_component id="oc-20b">
         <name>.text.ti_sysbios_family_arm_m3_Hwi_initStacks</name>
         <load_address>0x229c</load_address>
         <readonly>true</readonly>
         <executable>true</executable>
         <run_address>0x229c</run_address>
         <size>0x58</size>
         <alignment>0x4</alignment>
         <input_file_ref idref="fl-2b"/>
      </object_component>
      <object_component id="oc-27f">
         <name>.text.GPTimerCC26XX_stop</name>
         <load_address>0x22f4</load_address>
         <readonly>true</readonly>
         <executable>true</executable>
         <run_address>0x22f4</run_address>
         <size>0x54</size>
         <alignment>0x4</alignment>
         <input_file_ref idref="fl-21"/>
      </object_component>
      <object_component id="oc-ba">
         <name>.text.mainThread</name>
         <load_address>0x2348</load_address>
         <readonly>true</readonly>
         <executable>true</executable>
         <run_address>0x2348</run_address>
         <size>0x54</size>
         <alignment>0x4</alignment>
         <input_file_ref idref="fl-1"/>
      </object_component>
      <object_component id="oc-eb">
         <name>.text.Board_shutDownExtFlash</name>
         <load_address>0x239c</load_address>
         <readonly>true</readonly>
         <executable>true</executable>
         <run_address>0x239c</run_address>
         <size>0x50</size>
         <alignment>0x4</alignment>
         <input_file_ref idref="fl-3"/>
      </object_component>
      <object_component id="oc-1fb">
         <name>.text.GPTimerCC26XX_start</name>
         <load_address>0x23ec</load_address>
         <readonly>true</readonly>
         <executable>true</executable>
         <run_address>0x23ec</run_address>
         <size>0x50</size>
         <alignment>0x4</alignment>
         <input_file_ref idref="fl-21"/>
      </object_component>
      <object_component id="oc-25c">
         <name>.text.ti_sysbios_knl_Swi_post</name>
         <load_address>0x243c</load_address>
         <readonly>true</readonly>
         <executable>true</executable>
         <run_address>0x243c</run_address>
         <size>0x50</size>
         <alignment>0x4</alignment>
         <input_file_ref idref="fl-4"/>
      </object_component>
      <object_component id="oc-253">
         <name>.text.ti_sysbios_knl_Swi_runLoop</name>
         <load_address>0x248c</load_address>
         <readonly>true</readonly>
         <executable>true</executable>
         <run_address>0x248c</run_address>
         <size>0x50</size>
         <alignment>0x4</alignment>
         <input_file_ref idref="fl-4"/>
      </object_component>
      <object_component id="oc-15b">
         <name>.text.Board_sendExtFlashByte</name>
         <load_address>0x24dc</load_address>
         <readonly>true</readonly>
         <executable>true</executable>
         <run_address>0x24dc</run_address>
         <size>0x4e</size>
         <alignment>0x2</alignment>
         <input_file_ref idref="fl-3"/>
      </object_component>
      <object_component id="oc-256">
         <name>.text.ti_sysbios_heaps_HeapMem_freeUnprotected</name>
         <load_address>0x252a</load_address>
         <readonly>true</readonly>
         <executable>true</executable>
         <run_address>0x252a</run_address>
         <size>0x4e</size>
         <alignment>0x2</alignment>
         <input_file_ref idref="fl-4"/>
      </object_component>
      <object_component id="oc-cc">
         <name>.text.BIOS_startFunc</name>
         <load_address>0x2578</load_address>
         <readonly>true</readonly>
         <executable>true</executable>
         <run_address>0x2578</run_address>
         <size>0x4c</size>
         <alignment>0x4</alignment>
         <input_file_ref idref="fl-4"/>
      </object_component>
      <object_component id="oc-17a">
         <name>.text.GPTimerCC26XX_registerInterrupt</name>
         <load_address>0x25c4</load_address>
         <readonly>true</readonly>
         <executable>true</executable>
         <run_address>0x25c4</run_address>
         <size>0x4c</size>
         <alignment>0x4</alignment>
         <input_file_ref idref="fl-21"/>
      </object_component>
      <object_component id="oc-1bb">
         <name>.text.switchXOSCHF</name>
         <load_address>0x2610</load_address>
         <readonly>true</readonly>
         <executable>true</executable>
         <run_address>0x2610</run_address>
         <size>0x4c</size>
         <alignment>0x4</alignment>
         <input_file_ref idref="fl-18"/>
      </object_component>
      <object_component id="oc-1a1">
         <name>.text.ti_sysbios_knl_Swi_Instance_init</name>
         <load_address>0x265c</load_address>
         <readonly>true</readonly>
         <executable>true</executable>
         <run_address>0x265c</run_address>
         <size>0x4c</size>
         <alignment>0x4</alignment>
         <input_file_ref idref="fl-4"/>
      </object_component>
      <object_component id="oc-12b">
         <name>.text.BIOS_init</name>
         <load_address>0x26a8</load_address>
         <readonly>true</readonly>
         <executable>true</executable>
         <run_address>0x26a8</run_address>
         <size>0x48</size>
         <alignment>0x4</alignment>
         <input_file_ref idref="fl-4"/>
      </object_component>
      <object_component id="oc-259">
         <name>.text.ti_sysbios_family_arm_cc26xx_Timer_start</name>
         <load_address>0x26f0</load_address>
         <readonly>true</readonly>
         <executable>true</executable>
         <run_address>0x26f0</run_address>
         <size>0x48</size>
         <alignment>0x4</alignment>
         <input_file_ref idref="fl-4"/>
      </object_component>
      <object_component id="oc-211">
         <name>.text.ti_sysbios_heaps_HeapMem_Instance_init</name>
         <load_address>0x2738</load_address>
         <readonly>true</readonly>
         <executable>true</executable>
         <run_address>0x2738</run_address>
         <size>0x48</size>
         <alignment>0x4</alignment>
         <input_file_ref idref="fl-4"/>
      </object_component>
      <object_component id="oc-216">
         <name>.text.ti_sysbios_heaps_HeapMem_alloc</name>
         <load_address>0x2780</load_address>
         <readonly>true</readonly>
         <executable>true</executable>
         <run_address>0x2780</run_address>
         <size>0x48</size>
         <alignment>0x4</alignment>
         <input_file_ref idref="fl-4"/>
      </object_component>
      <object_component id="oc-d4">
         <name>.text.ti_sysbios_knl_Task_schedule</name>
         <load_address>0x27c8</load_address>
         <readonly>true</readonly>
         <executable>true</executable>
         <run_address>0x27c8</run_address>
         <size>0x48</size>
         <alignment>0x4</alignment>
         <input_file_ref idref="fl-4"/>
      </object_component>
      <object_component id="oc-db">
         <name>.text.ti_sysbios_runtime_Startup_exec</name>
         <load_address>0x2810</load_address>
         <readonly>true</readonly>
         <executable>true</executable>
         <run_address>0x2810</run_address>
         <size>0x48</size>
         <alignment>0x4</alignment>
         <input_file_ref idref="fl-4"/>
      </object_component>
      <object_component id="oc-11c">
         <name>.text.BIOS_atExitFunc</name>
         <load_address>0x2858</load_address>
         <readonly>true</readonly>
         <executable>true</executable>
         <run_address>0x2858</run_address>
         <size>0x44</size>
         <alignment>0x4</alignment>
         <input_file_ref idref="fl-4"/>
      </object_component>
      <object_component id="oc-155">
         <name>.text.GPIO_hwiIntFxn</name>
         <load_address>0x289c</load_address>
         <readonly>true</readonly>
         <executable>true</executable>
         <run_address>0x289c</run_address>
         <size>0x44</size>
         <alignment>0x4</alignment>
         <input_file_ref idref="fl-1d"/>
      </object_component>
      <object_component id="oc-278">
         <name>.text.NOROM_PRCMPowerDomainsAllOff</name>
         <load_address>0x28e0</load_address>
         <readonly>true</readonly>
         <executable>true</executable>
         <run_address>0x28e0</run_address>
         <size>0x44</size>
         <alignment>0x4</alignment>
         <input_file_ref idref="fl-24"/>
      </object_component>
      <object_component id="oc-1d1">
         <name>.text.NOROM_PRCMPowerDomainsAllOn</name>
         <load_address>0x2924</load_address>
         <readonly>true</readonly>
         <executable>true</executable>
         <run_address>0x2924</run_address>
         <size>0x44</size>
         <alignment>0x4</alignment>
         <input_file_ref idref="fl-24"/>
      </object_component>
      <object_component id="oc-105">
         <name>.text.Timer_start</name>
         <load_address>0x2968</load_address>
         <readonly>true</readonly>
         <executable>true</executable>
         <run_address>0x2968</run_address>
         <size>0x44</size>
         <alignment>0x2</alignment>
         <input_file_ref idref="fl-1b"/>
      </object_component>
      <object_component id="oc-291">
         <name>.text.ti_sysbios_family_arm_m3_Hwi_Instance_finalize</name>
         <load_address>0x29ac</load_address>
         <readonly>true</readonly>
         <executable>true</executable>
         <run_address>0x29ac</run_address>
         <size>0x44</size>
         <alignment>0x4</alignment>
         <input_file_ref idref="fl-4"/>
      </object_component>
      <object_component id="oc-1b3">
         <name>.text.ti_sysbios_family_arm_m3_Hwi_construct2</name>
         <load_address>0x29f0</load_address>
         <readonly>true</readonly>
         <executable>true</executable>
         <run_address>0x29f0</run_address>
         <size>0x44</size>
         <alignment>0x4</alignment>
         <input_file_ref idref="fl-4"/>
      </object_component>
      <object_component id="oc-286">
         <name>.text.ti_sysbios_family_arm_m3_Hwi_disableInterrupt</name>
         <load_address>0x2a34</load_address>
         <readonly>true</readonly>
         <executable>true</executable>
         <run_address>0x2a34</run_address>
         <size>0x44</size>
         <alignment>0x4</alignment>
         <input_file_ref idref="fl-4"/>
      </object_component>
      <object_component id="oc-292">
         <name>.text.ti_sysbios_family_arm_m3_Hwi_enableInterrupt</name>
         <load_address>0x2a78</load_address>
         <readonly>true</readonly>
         <executable>true</executable>
         <run_address>0x2a78</run_address>
         <size>0x44</size>
         <alignment>0x4</alignment>
         <input_file_ref idref="fl-4"/>
      </object_component>
      <object_component id="oc-198">
         <name>.text.ti_sysbios_knl_Swi_restore</name>
         <load_address>0x2abc</load_address>
         <readonly>true</readonly>
         <executable>true</executable>
         <run_address>0x2abc</run_address>
         <size>0x44</size>
         <alignment>0x4</alignment>
         <input_file_ref idref="fl-4"/>
      </object_component>
      <object_component id="oc-f3">
         <name>.text.ti_sysbios_knl_Task_create</name>
         <load_address>0x2b00</load_address>
         <readonly>true</readonly>
         <executable>true</executable>
         <run_address>0x2b00</run_address>
         <size>0x44</size>
         <alignment>0x4</alignment>
         <input_file_ref idref="fl-4"/>
      </object_component>
      <object_component id="oc-144">
         <name>.text.PowerCC26X2_RCOSC_clockFunc</name>
         <load_address>0x2b44</load_address>
         <readonly>true</readonly>
         <executable>true</executable>
         <run_address>0x2b44</run_address>
         <size>0x40</size>
         <alignment>0x4</alignment>
         <input_file_ref idref="fl-19"/>
      </object_component>
      <object_component id="oc-23e">
         <name>.text.PowerCC26X2_setAclkRefSrc</name>
         <load_address>0x2b84</load_address>
         <readonly>true</readonly>
         <executable>true</executable>
         <run_address>0x2b84</run_address>
         <size>0x40</size>
         <alignment>0x4</alignment>
         <input_file_ref idref="fl-1e"/>
      </object_component>
      <object_component id="oc-1fa">
         <name>.text.Timer_stop</name>
         <load_address>0x2bc4</load_address>
         <readonly>true</readonly>
         <executable>true</executable>
         <run_address>0x2bc4</run_address>
         <size>0x40</size>
         <alignment>0x2</alignment>
         <input_file_ref idref="fl-1b"/>
      </object_component>
      <object_component id="oc-213">
         <name>.text.ti_sysbios_heaps_HeapMem_getStats</name>
         <load_address>0x2c04</load_address>
         <readonly>true</readonly>
         <executable>true</executable>
         <run_address>0x2c04</run_address>
         <size>0x40</size>
         <alignment>0x4</alignment>
         <input_file_ref idref="fl-4"/>
      </object_component>
      <object_component id="oc-22d">
         <name>.text.ti_sysbios_knl_Clock_getTicksUntilInterrupt</name>
         <load_address>0x2c44</load_address>
         <readonly>true</readonly>
         <executable>true</executable>
         <run_address>0x2c44</run_address>
         <size>0x40</size>
         <alignment>0x4</alignment>
         <input_file_ref idref="fl-4"/>
      </object_component>
      <object_component id="oc-27c">
         <name>.text.ti_sysbios_knl_Task_exit</name>
         <load_address>0x2c84</load_address>
         <readonly>true</readonly>
         <executable>true</executable>
         <run_address>0x2c84</run_address>
         <size>0x40</size>
         <alignment>0x4</alignment>
         <input_file_ref idref="fl-4"/>
      </object_component>
      <object_component id="oc-15d">
         <name>.text.GPIO_resetConfig</name>
         <load_address>0x2cc4</load_address>
         <readonly>true</readonly>
         <executable>true</executable>
         <run_address>0x2cc4</run_address>
         <size>0x3c</size>
         <alignment>0x4</alignment>
         <input_file_ref idref="fl-16"/>
      </object_component>
      <object_component id="oc-13d">
         <name>.text.HwiP_construct</name>
         <load_address>0x2d00</load_address>
         <readonly>true</readonly>
         <executable>true</executable>
         <run_address>0x2d00</run_address>
         <size>0x3c</size>
         <alignment>0x4</alignment>
         <input_file_ref idref="fl-4"/>
      </object_component>
      <object_component id="oc-239">
         <name>.text.NOROM_OSC_HPOSCRelativeFrequencyOffsetGet</name>
         <load_address>0x2d3c</load_address>
         <readonly>true</readonly>
         <executable>true</executable>
         <run_address>0x2d3c</run_address>
         <size>0x3c</size>
         <alignment>0x4</alignment>
         <input_file_ref idref="fl-23"/>
      </object_component>
      <object_component id="oc-23d">
         <name>.text.PowerCC26X2_setTdcClkSrc24M</name>
         <load_address>0x2d78</load_address>
         <readonly>true</readonly>
         <executable>true</executable>
         <run_address>0x2d78</run_address>
         <size>0x3c</size>
         <alignment>0x4</alignment>
         <input_file_ref idref="fl-1e"/>
      </object_component>
      <object_component id="oc-25a">
         <name>.text.ti_sysbios_family_arm_cc26xx_Timer_periodicStub</name>
         <load_address>0x2db4</load_address>
         <readonly>true</readonly>
         <executable>true</executable>
         <run_address>0x2db4</run_address>
         <size>0x3c</size>
         <alignment>0x4</alignment>
         <input_file_ref idref="fl-4"/>
      </object_component>
      <object_component id="oc-280">
         <name>.text.ti_sysbios_family_arm_cc26xx_Timer_setThreshold</name>
         <load_address>0x2df0</load_address>
         <readonly>true</readonly>
         <executable>true</executable>
         <run_address>0x2df0</run_address>
         <size>0x3c</size>
         <alignment>0x4</alignment>
         <input_file_ref idref="fl-4"/>
      </object_component>
      <object_component id="oc-19f">
         <name>.text.ti_sysbios_heaps_HeapMem_construct</name>
         <load_address>0x2e2c</load_address>
         <readonly>true</readonly>
         <executable>true</executable>
         <run_address>0x2e2c</run_address>
         <size>0x3c</size>
         <alignment>0x4</alignment>
         <input_file_ref idref="fl-4"/>
      </object_component>
      <object_component id="oc-1a2">
         <name>.text.ti_sysbios_knl_ClockSupport_init</name>
         <load_address>0x2e68</load_address>
         <readonly>true</readonly>
         <executable>true</executable>
         <run_address>0x2e68</run_address>
         <size>0x3c</size>
         <alignment>0x4</alignment>
         <input_file_ref idref="fl-4"/>
      </object_component>
      <object_component id="oc-201">
         <name>.text.ti_sysbios_knl_Task_blockI</name>
         <load_address>0x2ea4</load_address>
         <readonly>true</readonly>
         <executable>true</executable>
         <run_address>0x2ea4</run_address>
         <size>0x3c</size>
         <alignment>0x4</alignment>
         <input_file_ref idref="fl-4"/>
      </object_component>
      <object_component id="oc-168">
         <name>.text.ti_sysbios_knl_Task_restore</name>
         <load_address>0x2ee0</load_address>
         <readonly>true</readonly>
         <executable>true</executable>
         <run_address>0x2ee0</run_address>
         <size>0x3c</size>
         <alignment>0x4</alignment>
         <input_file_ref idref="fl-4"/>
      </object_component>
      <object_component id="oc-f1">
         <name>.text.ti_sysbios_runtime_Memory_alloc</name>
         <load_address>0x2f1c</load_address>
         <readonly>true</readonly>
         <executable>true</executable>
         <run_address>0x2f1c</run_address>
         <size>0x3c</size>
         <alignment>0x4</alignment>
         <input_file_ref idref="fl-4"/>
      </object_component>
      <object_component id="oc-1f2">
         <name>.text.GPTimerCC26XX_unregisterInterrupt</name>
         <load_address>0x2f58</load_address>
         <readonly>true</readonly>
         <executable>true</executable>
         <run_address>0x2f58</run_address>
         <size>0x38</size>
         <alignment>0x4</alignment>
         <input_file_ref idref="fl-21"/>
      </object_component>
      <object_component id="oc-d7">
         <name>.text.NOROM_AUXSYSIFOpModeChange</name>
         <load_address>0x2f90</load_address>
         <readonly>true</readonly>
         <executable>true</executable>
         <run_address>0x2f90</run_address>
         <size>0x38</size>
         <alignment>0x4</alignment>
         <input_file_ref idref="fl-27"/>
      </object_component>
      <object_component id="oc-267">
         <name>.text.NOROM_OSCHF_SwitchToRcOscTurnOffXosc</name>
         <load_address>0x2fc8</load_address>
         <readonly>true</readonly>
         <executable>true</executable>
         <run_address>0x2fc8</run_address>
         <size>0x38</size>
         <alignment>0x4</alignment>
         <input_file_ref idref="fl-23"/>
      </object_component>
      <object_component id="oc-26d">
         <name>.text.NOROM_SysCtrlIdle</name>
         <load_address>0x3000</load_address>
         <readonly>true</readonly>
         <executable>true</executable>
         <run_address>0x3000</run_address>
         <size>0x38</size>
         <alignment>0x4</alignment>
         <input_file_ref idref="fl-26"/>
      </object_component>
      <object_component id="oc-28a">
         <name>.text.OSCHfSourceSwitch</name>
         <load_address>0x3038</load_address>
         <readonly>true</readonly>
         <executable>true</executable>
         <run_address>0x3038</run_address>
         <size>0x38</size>
         <alignment>0x4</alignment>
         <input_file_ref idref="fl-23"/>
      </object_component>
      <object_component id="oc-13f">
         <name>.text.PowerCC26X2_oscDisableQualifiers</name>
         <load_address>0x3070</load_address>
         <readonly>true</readonly>
         <executable>true</executable>
         <run_address>0x3070</run_address>
         <size>0x38</size>
         <alignment>0x4</alignment>
         <input_file_ref idref="fl-1f"/>
      </object_component>
      <object_component id="oc-246">
         <name>.text.ti_sysbios_knl_Task_processVitalTaskFlag</name>
         <load_address>0x30a8</load_address>
         <readonly>true</readonly>
         <executable>true</executable>
         <run_address>0x30a8</run_address>
         <size>0x38</size>
         <alignment>0x4</alignment>
         <input_file_ref idref="fl-4"/>
      </object_component>
      <object_component id="oc-7a">
         <name>.text:__TI_auto_init_nobinit_nopinit</name>
         <load_address>0x30e0</load_address>
         <readonly>true</readonly>
         <executable>true</executable>
         <run_address>0x30e0</run_address>
         <size>0x38</size>
         <alignment>0x4</alignment>
         <input_file_ref idref="fl-42"/>
      </object_component>
      <object_component id="oc-27d">
         <name>.text.GPTimerCC26XXSetLoadMatch</name>
         <load_address>0x3118</load_address>
         <readonly>true</readonly>
         <executable>true</executable>
         <run_address>0x3118</run_address>
         <size>0x34</size>
         <alignment>0x4</alignment>
         <input_file_ref idref="fl-21"/>
      </object_component>
      <object_component id="oc-1be">
         <name>.text.PowerCC26X2_setSubSecIncToXoscLf</name>
         <load_address>0x314c</load_address>
         <readonly>true</readonly>
         <executable>true</executable>
         <run_address>0x314c</run_address>
         <size>0x34</size>
         <alignment>0x4</alignment>
         <input_file_ref idref="fl-1f"/>
      </object_component>
      <object_component id="oc-1c0">
         <name>.text.Power_releaseConstraint</name>
         <load_address>0x3180</load_address>
         <readonly>true</readonly>
         <executable>true</executable>
         <run_address>0x3180</run_address>
         <size>0x34</size>
         <alignment>0x4</alignment>
         <input_file_ref idref="fl-18"/>
      </object_component>
      <object_component id="oc-284">
         <name>.text._pthread_cleanupFxn</name>
         <load_address>0x31b4</load_address>
         <readonly>true</readonly>
         <executable>true</executable>
         <run_address>0x31b4</run_address>
         <size>0x34</size>
         <alignment>0x4</alignment>
         <input_file_ref idref="fl-4"/>
      </object_component>
      <object_component id="oc-19d">
         <name>.text.ti_sysbios_family_arm_m3_Hwi_getStackInfo</name>
         <load_address>0x31e8</load_address>
         <readonly>true</readonly>
         <executable>true</executable>
         <run_address>0x31e8</run_address>
         <size>0x34</size>
         <alignment>0x4</alignment>
         <input_file_ref idref="fl-4"/>
      </object_component>
      <object_component id="oc-130">
         <name>.text.ti_sysbios_family_arm_m3_Hwi_init</name>
         <load_address>0x321c</load_address>
         <readonly>true</readonly>
         <executable>true</executable>
         <run_address>0x321c</run_address>
         <size>0x34</size>
         <alignment>0x4</alignment>
         <input_file_ref idref="fl-4"/>
      </object_component>
      <object_component id="oc-1b1">
         <name>.text.ti_sysbios_knl_Clock_Instance_init</name>
         <load_address>0x3250</load_address>
         <readonly>true</readonly>
         <executable>true</executable>
         <run_address>0x3250</run_address>
         <size>0x34</size>
         <alignment>0x4</alignment>
         <input_file_ref idref="fl-4"/>
      </object_component>
      <object_component id="oc-248">
         <name>.text.ti_sysbios_knl_Task_unblockI</name>
         <load_address>0x3284</load_address>
         <readonly>true</readonly>
         <executable>true</executable>
         <run_address>0x3284</run_address>
         <size>0x34</size>
         <alignment>0x4</alignment>
         <input_file_ref idref="fl-4"/>
      </object_component>
      <object_component id="oc-163">
         <name>.text.ti_sysbios_runtime_Error_raiseX</name>
         <load_address>0x32b8</load_address>
         <readonly>true</readonly>
         <executable>true</executable>
         <run_address>0x32b8</run_address>
         <size>0x34</size>
         <alignment>0x4</alignment>
         <input_file_ref idref="fl-4"/>
      </object_component>
      <object_component id="oc-29">
         <name>.text:_c_int00</name>
         <load_address>0x32ec</load_address>
         <readonly>true</readonly>
         <executable>true</executable>
         <run_address>0x32ec</run_address>
         <size>0x34</size>
         <alignment>0x4</alignment>
         <input_file_ref idref="fl-2c"/>
      </object_component>
      <object_component id="oc-250">
         <name>.text.ti_sysbios_knl_Semaphore_pendTimeout</name>
         <load_address>0x3320</load_address>
         <readonly>true</readonly>
         <executable>true</executable>
         <run_address>0x3320</run_address>
         <size>0x32</size>
         <alignment>0x2</alignment>
         <input_file_ref idref="fl-4"/>
      </object_component>
      <object_component id="oc-19b">
         <name>.text.BIOS_nullFunc</name>
         <load_address>0x3352</load_address>
         <readonly>true</readonly>
         <executable>true</executable>
         <run_address>0x3352</run_address>
         <size>0x2</size>
         <alignment>0x2</alignment>
         <input_file_ref idref="fl-4"/>
      </object_component>
      <object_component id="oc-15a">
         <name>.text.Board_wakeUpExtFlash</name>
         <load_address>0x3354</load_address>
         <readonly>true</readonly>
         <executable>true</executable>
         <run_address>0x3354</run_address>
         <size>0x30</size>
         <alignment>0x4</alignment>
         <input_file_ref idref="fl-3"/>
      </object_component>
      <object_component id="oc-139">
         <name>.text.ClockP_construct</name>
         <load_address>0x3384</load_address>
         <readonly>true</readonly>
         <executable>true</executable>
         <run_address>0x3384</run_address>
         <size>0x30</size>
         <alignment>0x4</alignment>
         <input_file_ref idref="fl-4"/>
      </object_component>
      <object_component id="oc-13e">
         <name>.text.Power_setConstraint</name>
         <load_address>0x33b4</load_address>
         <readonly>true</readonly>
         <executable>true</executable>
         <run_address>0x33b4</run_address>
         <size>0x30</size>
         <alignment>0x4</alignment>
         <input_file_ref idref="fl-18"/>
      </object_component>
      <object_component id="oc-177">
         <name>.text.Timer_close</name>
         <load_address>0x33e4</load_address>
         <readonly>true</readonly>
         <executable>true</executable>
         <run_address>0x33e4</run_address>
         <size>0x30</size>
         <alignment>0x2</alignment>
         <input_file_ref idref="fl-1c"/>
      </object_component>
      <object_component id="oc-1c1">
         <name>.text.notify</name>
         <load_address>0x3414</load_address>
         <readonly>true</readonly>
         <executable>true</executable>
         <run_address>0x3414</run_address>
         <size>0x30</size>
         <alignment>0x4</alignment>
         <input_file_ref idref="fl-18"/>
      </object_component>
      <object_component id="oc-99">
         <name>.text.ti_sysbios_family_arm_m3_Hwi_excHandlerMin</name>
         <load_address>0x3444</load_address>
         <readonly>true</readonly>
         <executable>true</executable>
         <run_address>0x3444</run_address>
         <size>0x30</size>
         <alignment>0x4</alignment>
         <input_file_ref idref="fl-4"/>
      </object_component>
      <object_component id="oc-215">
         <name>.text.ti_sysbios_heaps_HeapMem_free</name>
         <load_address>0x3474</load_address>
         <readonly>true</readonly>
         <executable>true</executable>
         <run_address>0x3474</run_address>
         <size>0x30</size>
         <alignment>0x4</alignment>
         <input_file_ref idref="fl-4"/>
      </object_component>
      <object_component id="oc-279">
         <name>.text.ti_sysbios_knl_TaskSupport_start</name>
         <load_address>0x34a4</load_address>
         <readonly>true</readonly>
         <executable>true</executable>
         <run_address>0x34a4</run_address>
         <size>0x30</size>
         <alignment>0x2</alignment>
         <input_file_ref idref="fl-4"/>
      </object_component>
      <object_component id="oc-116">
         <name>.text.ti_sysbios_runtime_System_atexit</name>
         <load_address>0x34d4</load_address>
         <readonly>true</readonly>
         <executable>true</executable>
         <run_address>0x34d4</run_address>
         <size>0x30</size>
         <alignment>0x4</alignment>
         <input_file_ref idref="fl-4"/>
      </object_component>
      <object_component id="oc-8e">
         <name>.text.ti_sysbios_runtime_System_processAtExit</name>
         <load_address>0x3504</load_address>
         <readonly>true</readonly>
         <executable>true</executable>
         <run_address>0x3504</run_address>
         <size>0x30</size>
         <alignment>0x4</alignment>
         <input_file_ref idref="fl-4"/>
      </object_component>
      <object_component id="oc-268">
         <name>.text.PowerCC26XX_schedulerDisable</name>
         <load_address>0x3534</load_address>
         <readonly>true</readonly>
         <executable>true</executable>
         <run_address>0x3534</run_address>
         <size>0x2c</size>
         <alignment>0x4</alignment>
         <input_file_ref idref="fl-4"/>
      </object_component>
      <object_component id="oc-f5">
         <name>.text._pthread_delete</name>
         <load_address>0x3560</load_address>
         <readonly>true</readonly>
         <executable>true</executable>
         <run_address>0x3560</run_address>
         <size>0x2c</size>
         <alignment>0x4</alignment>
         <input_file_ref idref="fl-4"/>
      </object_component>
      <object_component id="oc-208">
         <name>.text.ti_sysbios_gates_GateMutex_enter</name>
         <load_address>0x358c</load_address>
         <readonly>true</readonly>
         <executable>true</executable>
         <run_address>0x358c</run_address>
         <size>0x2c</size>
         <alignment>0x4</alignment>
         <input_file_ref idref="fl-4"/>
      </object_component>
      <object_component id="oc-251">
         <name>.text.ti_sysbios_knl_Clock_getTicks</name>
         <load_address>0x35b8</load_address>
         <readonly>true</readonly>
         <executable>true</executable>
         <run_address>0x35b8</run_address>
         <size>0x2c</size>
         <alignment>0x4</alignment>
         <input_file_ref idref="fl-4"/>
      </object_component>
      <object_component id="oc-9e">
         <name>.text.ti_sysbios_knl_Task_restoreHwi</name>
         <load_address>0x35e4</load_address>
         <readonly>true</readonly>
         <executable>true</executable>
         <run_address>0x35e4</run_address>
         <size>0x2c</size>
         <alignment>0x4</alignment>
         <input_file_ref idref="fl-4"/>
      </object_component>
      <object_component id="oc-10b">
         <name>.text.usleep</name>
         <load_address>0x3610</load_address>
         <readonly>true</readonly>
         <executable>true</executable>
         <run_address>0x3610</run_address>
         <size>0x2c</size>
         <alignment>0x4</alignment>
[...]
         <name>Power_getTransitionLatency</name>
         <value>0x3aed</value>
         <object_component_ref idref="oc-22e"/>
      </symbol>
      <symbol id="sm-354">
         <name>Power_idleFunc</name>
         <value>0x3bbd</value>
         <object_component_ref idref="oc-285"/>
      </symbol>
      <symbol id="sm-355">
         <name>Power_init</name>
         <value>0x565</value>
         <object_component_ref idref="oc-df"/>
      </symbol>
      <symbol id="sm-356">
         <name>Power_releaseDependency</name>
         <value>0x1465</value>
         <object_component_ref idref="oc-23f"/>
      </symbol>
      <symbol id="sm-357">
         <name>resourceDB</name>
         <value>0x41ee</value>
         <object_component_ref idref="oc-1d7"/>
      </symbol>
      <symbol id="sm-358">
         <name>Power_setDependency</name>
         <value>0x1305</value>
         <object_component_ref idref="oc-150"/>
      </symbol>
      <symbol id="sm-359">
         <name>Power_sleep</name>
         <value>0x1d1</value>
         <object_component_ref idref="oc-22f"/>
      </symbol>
      <symbol id="sm-35a">
         <name>PowerCC26XX_calibrate</name>
         <value>0x3ba5</value>
         <object_component_ref idref="oc-1b9"/>
      </symbol>
      <symbol id="sm-370">
         <name>PowerCC26X2_initiateCalibration</name>
         <value>0x1ee5</value>
         <object_component_ref idref="oc-232"/>
      </symbol>
      <symbol id="sm-371">
         <name>PowerCC26X2_auxISR</name>
         <value>0x3d</value>
         <object_component_ref idref="oc-14b"/>
      </symbol>
      <symbol id="sm-372">
         <name>PowerCC26X2_calibrate</name>
         <value>0x67d</value>
         <object_component_ref idref="oc-1d0"/>
      </symbol>
      <symbol id="sm-373">
         <name>PowerCC26X2_RCOSC_clockFunc</name>
         <value>0x2b45</value>
         <object_component_ref idref="oc-144"/>
      </symbol>
      <symbol id="sm-38a">
         <name>Timer_init</name>
         <value>0x3acf</value>
         <object_component_ref idref="oc-f8"/>
      </symbol>
      <symbol id="sm-38b">
         <name>Timer_Params_init</name>
         <value>0x3d79</value>
         <object_component_ref idref="oc-fd"/>
      </symbol>
      <symbol id="sm-38c">
         <name>Timer_setPeriod</name>
         <value>0x2011</value>
         <object_component_ref idref="oc-176"/>
      </symbol>
      <symbol id="sm-38d">
         <name>Timer_start</name>
         <value>0x2969</value>
         <object_component_ref idref="oc-105"/>
      </symbol>
      <symbol id="sm-38e">
         <name>Timer_stop</name>
         <value>0x2bc5</value>
         <object_component_ref idref="oc-1fa"/>
      </symbol>
      <symbol id="sm-3a8">
         <name>Timer_close</name>
         <value>0x33e5</value>
         <object_component_ref idref="oc-177"/>
      </symbol>
      <symbol id="sm-3a9">
         <name>Timer_open</name>
         <value>0x889</value>
         <object_component_ref idref="oc-ff"/>
      </symbol>
      <symbol id="sm-3aa">
         <name>TimerSupport_timerDisable</name>
         <value>0x3eef</value>
         <object_component_ref idref="oc-24e"/>
      </symbol>
      <symbol id="sm-3ab">
         <name>TimerSupport_timerEnable</name>
         <value>0x3ef9</value>
         <object_component_ref idref="oc-181"/>
      </symbol>
      <symbol id="sm-3ac">
         <name>TimerSupport_timerFullWidth</name>
         <value>0x3dd5</value>
         <object_component_ref idref="oc-1f0"/>
      </symbol>
      <symbol id="sm-3ad">
         <name>TimerSupport_timerLoad</name>
         <value>0x3e7d</value>
         <object_component_ref idref="oc-1f1"/>
      </symbol>
      <symbol id="sm-3bf">
         <name>GPIO_hwiIntFxn</name>
         <value>0x289d</value>
         <object_component_ref idref="oc-155"/>
      </symbol>
      <symbol id="sm-3c0">
         <name>GPIO_init</name>
         <value>0x789</value>
         <object_component_ref idref="oc-e5"/>
      </symbol>
      <symbol id="sm-3e6">
         <name>PowerCC26X2_updateSubSecInc</name>
         <value>0x1a99</value>
         <object_component_ref idref="oc-1c3"/>
      </symbol>
      <symbol id="sm-3e7">
         <name>PowerCC26X2_readCtrim</name>
         <value>0x3d39</value>
         <object_component_ref idref="oc-1cc"/>
      </symbol>
      <symbol id="sm-3e8">
         <name>PowerCC26X2_readCtrimFract</name>
         <value>0x3d49</value>
         <object_component_ref idref="oc-1cd"/>
      </symbol>
      <symbol id="sm-3e9">
         <name>PowerCC26X2_readRtrim</name>
         <value>0x3d59</value>
         <object_component_ref idref="oc-1ce"/>
      </symbol>
      <symbol id="sm-3ea">
         <name>PowerCC26X2_writeCtrim</name>
         <value>0x3895</value>
         <object_component_ref idref="oc-1c9"/>
      </symbol>
      <symbol id="sm-3eb">
         <name>PowerCC26X2_writeCtrimFract</name>
         <value>0x38b9</value>
         <object_component_ref idref="oc-1ca"/>
      </symbol>
      <symbol id="sm-3ec">
         <name>PowerCC26X2_writeCtrimFractEn</name>
         <value>0x38dd</value>
         <object_component_ref idref="oc-1cf"/>
      </symbol>
      <symbol id="sm-3ed">
         <name>PowerCC26X2_writeRtrim</name>
         <value>0x3901</value>
         <object_component_ref idref="oc-1cb"/>
      </symbol>
      <symbol id="sm-3ee">
         <name>PowerCC26X2_setTdcClkSrc24M</name>
         <value>0x2d79</value>
         <object_component_ref idref="oc-23d"/>
      </symbol>
      <symbol id="sm-3ef">
         <name>PowerCC26X2_setAclkRefSrc</name>
         <value>0x2b85</value>
         <object_component_ref idref="oc-23e"/>
      </symbol>
      <symbol id="sm-422">
         <name>PowerCC26X2_oscCtlClearXtal</name>
         <value>0x3d19</value>
         <object_component_ref idref="oc-13a"/>
      </symbol>
      <symbol id="sm-423">
         <name>PowerCC26X2_prcmEnableCacheRetention</name>
         <value>0x3d29</value>
         <object_component_ref idref="oc-26b"/>
      </symbol>
      <symbol id="sm-424">
         <name>PowerCC26X2_oschfSwitchToRcosc</name>
         <value>0x3f97</value>
         <object_component_ref idref="oc-226"/>
      </symbol>
      <symbol id="sm-425">
         <name>PowerCC26X2_oscClockSourceGet</name>
         <value>0x3e41</value>
         <object_component_ref idref="oc-1bf"/>
      </symbol>
      <symbol id="sm-426">
         <name>PowerCC26X2_oscDisableQualifiers</name>
         <value>0x3071</value>
         <object_component_ref idref="oc-13f"/>
      </symbol>
      <symbol id="sm-427">
         <name>PowerCC26X2_oschfTrySwitchToXosc</name>
         <value>0x3f1b</value>
         <object_component_ref idref="oc-238"/>
      </symbol>
      <symbol id="sm-428">
         <name>PowerCC26X2_enableTCXOQual</name>
         <value>0x39f1</value>
         <object_component_ref idref="oc-224"/>
      </symbol>
      <symbol id="sm-429">
         <name>PowerCC26X2_disableTCXOQual</name>
         <value>0x39d1</value>
         <object_component_ref idref="oc-228"/>
      </symbol>
      <symbol id="sm-42a">
         <name>PowerCC26X2_turnOnXosc</name>
         <value>0x3f9f</value>
         <object_component_ref idref="oc-229"/>
      </symbol>
      <symbol id="sm-42b">
         <name>PowerCC26X2_switchToTCXO</name>
         <value>0x3d69</value>
         <object_component_ref idref="oc-1ba"/>
      </symbol>
      <symbol id="sm-42c">
         <name>PowerCC26X2_sysCtrlStandby</name>
         <value>0x3edb</value>
         <object_component_ref idref="oc-26a"/>
      </symbol>
      <symbol id="sm-42d">
         <name>PowerCC26X2_sysCtrlIdle</name>
         <value>0x3f9b</value>
         <object_component_ref idref="oc-230"/>
      </symbol>
      <symbol id="sm-42e">
         <name>PowerCC26X2_setPeriphDeepSleepEnable</name>
         <value>0x3e4d</value>
         <object_component_ref idref="oc-26c"/>
      </symbol>
      <symbol id="sm-42f">
         <name>PowerCC26X2_sysCtrlGetResetSource</name>
         <value>0x3e59</value>
         <object_component_ref idref="oc-133"/>
      </symbol>
      <symbol id="sm-430">
         <name>PowerCC26X2_setSubSecIncToXoscLf</name>
         <value>0x314d</value>
         <object_component_ref idref="oc-1be"/>
      </symbol>
      <symbol id="sm-431">
         <name>PowerCC26X2_sysCtrlUpdateVoltageRegulator</name>
         <value>0x3e65</value>
         <object_component_ref idref="oc-22b"/>
      </symbol>
      <symbol id="sm-469">
         <name>GPTimerCC26XX_Params_init</name>
         <value>0x3db9</value>
         <object_component_ref idref="oc-16f"/>
      </symbol>
      <symbol id="sm-46a">
         <name>GPTimerCC26XX_open</name>
         <value>0xf79</value>
         <object_component_ref idref="oc-174"/>
      </symbol>
      <symbol id="sm-46b">
         <name>GPTimerCC26XX_configureDebugStall</name>
         <value>0x36e5</value>
         <object_component_ref idref="oc-1eb"/>
      </symbol>
      <symbol id="sm-46c">
         <name>GPTimerCC26XX_close</name>
         <value>0x1661</value>
         <object_component_ref idref="oc-1f4"/>
      </symbol>
      <symbol id="sm-46d">
         <name>GPTimerCC26XX_start</name>
         <value>0x23ed</value>
         <object_component_ref idref="oc-1fb"/>
      </symbol>
      <symbol id="sm-46e">
         <name>GPTimerCC26XX_stop</name>
         <value>0x22f5</value>
         <object_component_ref idref="oc-27f"/>
      </symbol>
      <symbol id="sm-46f">
         <name>GPTimerCC26XX_setLoadValue</name>
         <value>0x3f03</value>
         <object_component_ref idref="oc-24b"/>
      </symbol>
      <symbol id="sm-470">
         <name>GPTimerCC26XX_registerInterrupt</name>
         <value>0x25c5</value>
         <object_component_ref idref="oc-17a"/>
      </symbol>
      <symbol id="sm-471">
         <name>GPTimerCC26XX_enableInterrupt</name>
         <value>0x370d</value>
         <object_component_ref idref="oc-1f5"/>
      </symbol>
      <symbol id="sm-472">
         <name>GPTimerCC26XX_unregisterInterrupt</name>
         <value>0x2f59</value>
         <object_component_ref idref="oc-1f2"/>
      </symbol>
      <symbol id="sm-473">
         <name>GPTimerCC26XX_setArg</name>
         <value>0x3f4f</value>
         <object_component_ref idref="oc-179"/>
      </symbol>
      <symbol id="sm-474">
         <name>GPTimerCC26XX_getArg</name>
         <value>0x3f49</value>
         <object_component_ref idref="oc-1f9"/>
      </symbol>
      <symbol id="sm-482">
         <name>NOROM_CPUcpsid</name>
         <value>0x3f0b</value>
         <object_component_ref idref="oc-22a"/>
      </symbol>
      <symbol id="sm-483">
         <name>NOROM_CPUcpsie</name>
         <value>0x3f13</value>
         <object_component_ref idref="oc-231"/>
      </symbol>
      <symbol id="sm-484">
         <name>NOROM_CPUdelay</name>
         <value>0x3f5b</value>
         <object_component_ref idref="oc-1db"/>
      </symbol>
      <symbol id="sm-4a1">
         <name>NOROM_OSCHF_TurnOnXosc</name>
         <value>0x3871</value>
         <object_component_ref idref="oc-233"/>
      </symbol>
      <symbol id="sm-4a2">
         <name>NOROM_OSCHF_AttemptToSwitchToXosc</name>
         <value>0x1e81</value>
         <object_component_ref idref="oc-276"/>
      </symbol>
      <symbol id="sm-4a3">
         <name>NOROM_OSCHF_SwitchToRcOscTurnOffXosc</name>
         <value>0x2fc9</value>
         <object_component_ref idref="oc-267"/>
      </symbol>
      <symbol id="sm-4a4">
         <name>_hposcCoeffs</name>
         <value>0x20004a38</value>
         <object_component_ref idref="oc-277"/>
      </symbol>
      <symbol id="sm-4a5">
         <name>NOROM_OSC_HPOSCRelativeFrequencyOffsetGet</name>
         <value>0x2d3d</value>
         <object_component_ref idref="oc-239"/>
      </symbol>
      <symbol id="sm-4b3">
         <name>NOROM_PRCMPowerDomainsAllOff</name>
         <value>0x28e1</value>
         <object_component_ref idref="oc-278"/>
      </symbol>
      <symbol id="sm-4b4">
         <name>NOROM_PRCMPowerDomainsAllOn</name>
         <value>0x2925</value>
         <object_component_ref idref="oc-1d1"/>
      </symbol>
      <symbol id="sm-4c3">
         <name>NOROM_SetupTrimDevice</name>
         <value>0xd0d</value>
         <object_component_ref idref="oc-74"/>
      </symbol>
      <symbol id="sm-4d1">
         <name>NOROM_SysCtrlIdle</name>
         <value>0x3001</value>
         <object_component_ref idref="oc-26d"/>
      </symbol>
      <symbol id="sm-4d2">
         <name>NOROM_SysCtrlStandby</name>
         <value>0x989</value>
         <object_component_ref idref="oc-28d"/>
      </symbol>
      <symbol id="sm-4df">
         <name>NOROM_AUXSYSIFOpModeChange</name>
         <value>0x2f91</value>
         <object_component_ref idref="oc-d7"/>
      </symbol>
      <symbol id="sm-4ea">
         <name>NOROM_ThisLibraryIsFor_CC13x2x7_CC26x2x7_HaltIfViolated</name>
         <value>0x39b1</value>
         <object_component_ref idref="oc-9f"/>
      </symbol>
      <symbol id="sm-4f3">
         <name>ti_sysbios_knl_TaskSupport_swap</name>
         <value>0x37d5</value>
         <object_component_ref idref="oc-120"/>
      </symbol>
      <symbol id="sm-4f4">
         <name>ti_sysbios_knl_TaskSupport_glue</name>
         <value>0x3c05</value>
         <object_component_ref idref="oc-293"/>
      </symbol>
      <symbol id="sm-4f5">
         <name>ti_sysbios_knl_TaskSupport_swapReturn</name>
         <value>0x37e0</value>
         <object_component_ref idref="oc-120"/>
      </symbol>
      <symbol id="sm-50a">
         <name>ti_sysbios_family_arm_m3_Hwi_dispatch</name>
         <value>0x449</value>
         <object_component_ref idref="oc-4f"/>
      </symbol>
      <symbol id="sm-50b">
         <name>ti_sysbios_family_arm_m3_Hwi_pendSV</name>
         <value>0x525</value>
         <object_component_ref idref="oc-4f"/>
      </symbol>
      <symbol id="sm-50c">
         <name>ti_sysbios_family_arm_m3_Hwi_excHandlerAsm</name>
         <value>0x3735</value>
         <object_component_ref idref="oc-4a"/>
      </symbol>
      <symbol id="sm-50d">
         <name>ti_sysbios_family_arm_m3_Hwi_return</name>
         <value>0x548</value>
         <object_component_ref idref="oc-4f"/>
      </symbol>
      <symbol id="sm-50e">
         <name>ti_sysbios_family_arm_m3_Hwi_interruptsAreDisabledButShouldNotBe</name>
         <value>0x520</value>
         <object_component_ref idref="oc-4f"/>
      </symbol>
      <symbol id="sm-51b">
         <name>ti_sysbios_family_arm_m3_Hwi_switchAndRunFunc</name>
         <value>0x3ab1</value>
         <object_component_ref idref="oc-252"/>
      </symbol>
      <symbol id="sm-51c">
         <name>ti_sysbios_family_arm_m3_Hwi_initStacks</name>
         <value>0x229d</value>
         <object_component_ref idref="oc-20b"/>
      </symbol>
      <symbol id="sm-525">
         <name>_c_int00</name>
         <value>0x32ed</value>
         <object_component_ref idref="oc-29"/>
      </symbol>
      <symbol id="sm-526">
         <name>__stack</name>
         <value>0x20023a00</value>
         <object_component_ref idref="oc-46"/>
      </symbol>
      <symbol id="sm-531">
         <name>__aeabi_errno_addr</name>
         <value>0x3f25</value>
         <object_component_ref idref="oc-186"/>
      </symbol>
      <symbol id="sm-532">
         <name>__aeabi_errno</name>
         <value>0x20004a64</value>
         <object_component_ref idref="oc-1fd"/>
      </symbol>
      <symbol id="sm-542">
         <name>_nop</name>
         <value>0x3e1b</value>
         <object_component_ref idref="oc-19a"/>
      </symbol>
      <symbol id="sm-543">
         <name>_register_lock</name>
         <value>0x3e89</value>
         <object_component_ref idref="oc-190"/>
      </symbol>
      <symbol id="sm-544">
         <name>_lock</name>
         <value>0x20004a68</value>
         <object_component_ref idref="oc-204"/>
      </symbol>
      <symbol id="sm-545">
         <name>_register_unlock</name>
         <value>0x3e95</value>
         <object_component_ref idref="oc-195"/>
      </symbol>
      <symbol id="sm-546">
         <name>_unlock</name>
         <value>0x20004a6c</value>
         <object_component_ref idref="oc-207"/>
      </symbol>
      <symbol id="sm-550">
         <name>_args_main</name>
         <value>0x3c89</value>
         <object_component_ref idref="oc-55"/>
      </symbol>
      <symbol id="sm-55d">
         <name>__TI_auto_init_nobinit_nopinit</name>
         <value>0x30e1</value>
         <object_component_ref idref="oc-7a"/>
      </symbol>
      <symbol id="sm-568">
         <name>__TI_zero_init</name>
         <value>0x3da9</value>
         <object_component_ref idref="oc-6d"/>
      </symbol>
      <symbol id="sm-571">
         <name>__TI_decompress_none</name>
         <value>0x3e0d</value>
         <object_component_ref idref="oc-35"/>
      </symbol>
      <symbol id="sm-57b">
         <name>__TI_decompress_lzss</name>
         <value>0x1cd1</value>
         <object_component_ref idref="oc-31"/>
      </symbol>
      <symbol id="sm-59f">
         <name>__aeabi_memcpy</name>
         <value>0x3fb1</value>
         <object_component_ref idref="oc-60"/>
      </symbol>
      <symbol id="sm-5a0">
         <name>__aeabi_memcpy4</name>
         <value>0x3fb1</value>
         <object_component_ref idref="oc-60"/>
      </symbol>
      <symbol id="sm-5a1">
         <name>__aeabi_memcpy8</name>
         <value>0x3fb1</value>
         <object_component_ref idref="oc-60"/>
      </symbol>
      <symbol id="sm-5a8">
         <name>__aeabi_memclr</name>
         <value>0x3f2d</value>
         <object_component_ref idref="oc-94"/>
      </symbol>
      <symbol id="sm-5a9">
         <name>__aeabi_memclr4</name>
         <value>0x3f2d</value>
         <object_component_ref idref="oc-94"/>
      </symbol>
      <symbol id="sm-5aa">
         <name>__aeabi_memclr8</name>
         <value>0x3f2d</value>
         <object_component_ref idref="oc-94"/>
      </symbol>
      <symbol id="sm-5b0">
         <name>__aeabi_uldivmod</name>
         <value>0x3c75</value>
         <object_component_ref idref="oc-1a3"/>
      </symbol>
      <symbol id="sm-5b6">
         <name>__udivmoddi4</name>
         <value>0x13b5</value>
         <object_component_ref idref="oc-21a"/>
      </symbol>
      <symbol id="sm-5c2">
         <name>__aeabi_ldiv0</name>
         <value>0x3b5b</value>
         <object_component_ref idref="oc-25d"/>
      </symbol>
      <symbol id="sm-5cb">
         <name>TI_memcpy_small</name>
         <value>0x3cd7</value>
         <object_component_ref idref="oc-c3"/>
      </symbol>
      <symbol id="sm-5d3">
         <name>TI_memset_small</name>
         <value>0x3dff</value>
         <object_component_ref idref="oc-110"/>
      </symbol>
      <symbol id="sm-5d4">
         <name>__TI_static_base__</name>
         <value>0x0</value>
      </symbol>
      <symbol id="sm-5d7">
         <name>ITM_flush</name>
         <value>0x0</value>
      </symbol>
      <symbol id="sm-5d8">
         <name>ITM_restore</name>
         <value>0x0</value>
      </symbol>
      <symbol id="sm-5d9">
         <name>__mpu_init</name>
         <value>0x0</value>
      </symbol>
   </symbol_table>
   <title>Link successful</title>
</link_info>
