<?xml version="1.0" encoding="ISO-8859-1" ?>
<link_info>
   <banner>TI ARM Clang Linker PC v3.2.2.LTS</banner>
   <copyright>Copyright (c) 1996-2018 Texas Instruments Incorporated</copyright>
   <link_time>0x69819c64</link_time>
   <link_errors>0x0</link_errors>
   <output_file>D:\Huy\PhD\Website_content\Texas Instrument\2 months course\Workspace\empty_LP_CC1312R7_tirtos7_ticlang\Debug\empty_LP_CC1312R7_tirtos7_ticlang.out</output_file>
   <entry_point>
      <name>ResetISR</name>
      <address>0x38cb</address>
   </entry_point>
   <input_file_list>
      <input_file id="fl-1">
         <path>D:\Huy\PhD\Website_content\Texas Instrument\2 months course\Workspace\empty_LP_CC1312R7_tirtos7_ticlang\Debug\.\</path>
         <kind>object</kind>
         <file>empty.o</file>
         <name>empty.o</name>
      </input_file>
      <input_file id="fl-2">
         <path>D:\Huy\PhD\Website_content\Texas Instrument\2 months course\Workspace\empty_LP_CC1312R7_tirtos7_ticlang\Debug\.\syscfg\</path>
         <kind>object</kind>
         <file>ti_devices_config.o</file>
         <name>ti_devices_config.o</name>
      </input_file>
      <input_file id="fl-3">
         <path>D:\Huy\PhD\Website_content\Texas Instrument\2 months course\Workspace\empty_LP_CC1312R7_tirtos7_ticlang\Debug\.\syscfg\</path>
         <kind>object</kind>
         <file>ti_drivers_config.o</file>
         <name>ti_drivers_config.o</name>
      </input_file>
      <input_file id="fl-4">
         <path>D:\Huy\PhD\Website_content\Texas Instrument\2 months course\Workspace\empty_LP_CC1312R7_tirtos7_ticlang\Debug\.\syscfg\</path>
         <kind>object</kind>
         <file>ti_sysbios_config.o</file>
         <name>ti_sysbios_config.o</name>
      </input_file>
      <input_file id="fl-5">
         <path>D:\Huy\PhD\Website_content\Texas Instrument\2 months course\Workspace\empty_LP_CC1312R7_tirtos7_ticlang\Debug\.\</path>
         <kind>object</kind>
         <file>main_tirtos.o</file>
         <name>main_tirtos.o</name>
      </input_file>
      <input_file id="fl-15">
         <path>D:\Huy\PhD\Website_content\Texas Instrument\2 months course\Workspace\empty_LP_CC1312R7_tirtos7_ticlang\Debug\</path>
         <kind>object</kind>
         <file>&lt;internal&gt;</file>
         <name>&lt;internal&gt;</name>
      </input_file>
      <input_file id="fl-16">
         <path>C:\ti\simplelink_cc13xx_cc26xx_sdk_8_31_00_11\source\ti\drivers\lib\ticlang\m4f\</path>
         <kind>archive</kind>
         <file>drivers_cc13x2x7.a</file>
         <name>GPIO.c.obj</name>
      </input_file>
      <input_file id="fl-17">
         <path>C:\ti\simplelink_cc13xx_cc26xx_sdk_8_31_00_11\source\ti\drivers\lib\ticlang\m4f\</path>
         <kind>archive</kind>
         <file>drivers_cc13x2x7.a</file>
         <name>GPIOCC26XX.c.obj</name>
      </input_file>
      <input_file id="fl-18">
         <path>C:\ti\simplelink_cc13xx_cc26xx_sdk_8_31_00_11\source\ti\drivers\lib\ticlang\m4f\</path>
         <kind>archive</kind>
         <file>drivers_cc13x2x7.a</file>
         <name>PowerCC26X2.c.obj</name>
      </input_file>
      <input_file id="fl-19">
         <path>C:\ti\simplelink_cc13xx_cc26xx_sdk_8_31_00_11\source\ti\drivers\lib\ticlang\m4f\</path>
         <kind>archive</kind>
         <file>drivers_cc13x2x7.a</file>
         <name>PowerCC26X2_calibrateRCOSC.c.obj</name>
      </input_file>
      <input_file id="fl-1a">
         <path>C:\ti\simplelink_cc13xx_cc26xx_sdk_8_31_00_11\source\ti\drivers\lib\ticlang\m4f\</path>
         <kind>archive</kind>
         <file>drivers_cc13x2x7.a</file>
         <name>TemperatureCC26X2.c.obj</name>
      </input_file>
      <input_file id="fl-1b">
         <path>C:\ti\simplelink_cc13xx_cc26xx_sdk_8_31_00_11\source\ti\drivers\lib\ticlang\m4f\</path>
         <kind>archive</kind>
         <file>drivers_cc13x2x7.a</file>
         <name>GPIOCC26X2.c.obj</name>
      </input_file>
      <input_file id="fl-1c">
         <path>C:\ti\simplelink_cc13xx_cc26xx_sdk_8_31_00_11\source\ti\drivers\lib\ticlang\m4f\</path>
         <kind>archive</kind>
         <file>drivers_cc13x2x7.a</file>
         <name>PowerCC26X2_calibrateRCOSC_helpers.c.obj</name>
      </input_file>
      <input_file id="fl-1d">
         <path>C:\ti\simplelink_cc13xx_cc26xx_sdk_8_31_00_11\source\ti\drivers\lib\ticlang\m4f\</path>
         <kind>archive</kind>
         <file>drivers_cc13x2x7.a</file>
         <name>PowerCC26X2_helpers.c.obj</name>
      </input_file>
      <input_file id="fl-1e">
         <path>C:\ti\simplelink_cc13xx_cc26xx_sdk_8_31_00_11\source\ti\drivers\lib\ticlang\m4f\</path>
         <kind>archive</kind>
         <file>drivers_cc13x2x7.a</file>
         <name>List.c.obj</name>
      </input_file>
      <input_file id="fl-1f">
         <path>C:\ti\simplelink_cc13xx_cc26xx_sdk_8_31_00_11\source\ti\devices\cc13x2x7_cc26x2x7\driverlib\bin\ticlang\</path>
         <kind>archive</kind>
         <file>driverlib.lib</file>
         <name>cpu.c.obj</name>
      </input_file>
      <input_file id="fl-20">
         <path>C:\ti\simplelink_cc13xx_cc26xx_sdk_8_31_00_11\source\ti\devices\cc13x2x7_cc26x2x7\driverlib\bin\ticlang\</path>
         <kind>archive</kind>
         <file>driverlib.lib</file>
         <name>osc.c.obj</name>
      </input_file>
      <input_file id="fl-21">
         <path>C:\ti\simplelink_cc13xx_cc26xx_sdk_8_31_00_11\source\ti\devices\cc13x2x7_cc26x2x7\driverlib\bin\ticlang\</path>
         <kind>archive</kind>
         <file>driverlib.lib</file>
         <name>prcm.c.obj</name>
      </input_file>
      <input_file id="fl-22">
         <path>C:\ti\simplelink_cc13xx_cc26xx_sdk_8_31_00_11\source\ti\devices\cc13x2x7_cc26x2x7\driverlib\bin\ticlang\</path>
         <kind>archive</kind>
         <file>driverlib.lib</file>
         <name>setup.c.obj</name>
      </input_file>
      <input_file id="fl-23">
         <path>C:\ti\simplelink_cc13xx_cc26xx_sdk_8_31_00_11\source\ti\devices\cc13x2x7_cc26x2x7\driverlib\bin\ticlang\</path>
         <kind>archive</kind>
         <file>driverlib.lib</file>
         <name>sys_ctrl.c.obj</name>
      </input_file>
      <input_file id="fl-24">
         <path>C:\ti\simplelink_cc13xx_cc26xx_sdk_8_31_00_11\source\ti\devices\cc13x2x7_cc26x2x7\driverlib\bin\ticlang\</path>
         <kind>archive</kind>
         <file>driverlib.lib</file>
         <name>aux_sysif.c.obj</name>
      </input_file>
      <input_file id="fl-25">
         <path>C:\ti\simplelink_cc13xx_cc26xx_sdk_8_31_00_11\source\ti\devices\cc13x2x7_cc26x2x7\driverlib\bin\ticlang\</path>
         <kind>archive</kind>
         <file>driverlib.lib</file>
         <name>chipinfo.c.obj</name>
      </input_file>
      <input_file id="fl-26">
         <path>C:\ti\simplelink_cc13xx_cc26xx_sdk_8_31_00_11\kernel\tirtos7\packages\ti\sysbios\lib\ticlang\m4f\</path>
         <kind>archive</kind>
         <file>sysbios.a</file>
         <name>TaskSupport_asm_gcc.s.obj</name>
      </input_file>
      <input_file id="fl-27">
         <path>C:\ti\simplelink_cc13xx_cc26xx_sdk_8_31_00_11\kernel\tirtos7\packages\ti\sysbios\lib\ticlang\m4f\</path>
         <kind>archive</kind>
         <file>sysbios.a</file>
         <name>Hwi_asm_gcc.s.obj</name>
      </input_file>
      <input_file id="fl-28">
         <path>C:\ti\simplelink_cc13xx_cc26xx_sdk_8_31_00_11\kernel\tirtos7\packages\ti\sysbios\lib\ticlang\m4f\</path>
         <kind>archive</kind>
         <file>sysbios.a</file>
         <name>Hwi_asm_switch_gcc.s.obj</name>
      </input_file>
      <input_file id="fl-29">
         <path>C:\ti\simplelink_cc13xx_cc26xx_sdk_8_31_00_11\kernel\tirtos7\packages\ti\sysbios\lib\ticlang\m4f\</path>
         <kind>archive</kind>
         <file>sysbios.a</file>
         <name>boot_cortex_m.c.obj</name>
      </input_file>
      <input_file id="fl-38">
         <path>C:\ti\ccs1280\ccs\tools\compiler\ti-cgt-armllvm_3.2.2.LTS\lib\armv7em-ti-none-eabihf\c\</path>
         <kind>archive</kind>
         <file>libc.a</file>
         <name>strcmp_t2.S.obj</name>
      </input_file>
      <input_file id="fl-39">
         <path>C:\ti\ccs1280\ccs\tools\compiler\ti-cgt-armllvm_3.2.2.LTS\lib\armv7em-ti-none-eabihf\c\</path>
         <kind>archive</kind>
         <file>libc.a</file>
         <name>aeabi_portable.c.obj</name>
      </input_file>
      <input_file id="fl-3a">
         <path>C:\ti\ccs1280\ccs\tools\compiler\ti-cgt-armllvm_3.2.2.LTS\lib\armv7em-ti-none-eabihf\c\</path>
         <kind>archive</kind>
         <file>libc.a</file>
         <name>exit.c.obj</name>
      </input_file>
      <input_file id="fl-3b">
         <path>C:\ti\ccs1280\ccs\tools\compiler\ti-cgt-armllvm_3.2.2.LTS\lib\armv7em-ti-none-eabihf\c\</path>
         <kind>archive</kind>
         <file>libc.a</file>
         <name>_lock.c.obj</name>
      </input_file>
      <input_file id="fl-3c">
         <path>C:\ti\ccs1280\ccs\tools\compiler\ti-cgt-armllvm_3.2.2.LTS\lib\armv7em-ti-none-eabihf\c\</path>
         <kind>archive</kind>
         <file>libc.a</file>
         <name>args_main.c.obj</name>
      </input_file>
      <input_file id="fl-3d">
         <path>C:\ti\ccs1280\ccs\tools\compiler\ti-cgt-armllvm_3.2.2.LTS\lib\armv7em-ti-none-eabihf\c\</path>
         <kind>archive</kind>
         <file>libc.a</file>
         <name>assert.c.obj</name>
      </input_file>
      <input_file id="fl-3e">
         <path>C:\ti\ccs1280\ccs\tools\compiler\ti-cgt-armllvm_3.2.2.LTS\lib\armv7em-ti-none-eabihf\c\</path>
         <kind>archive</kind>
         <file>libc.a</file>
         <name>defs.c.obj</name>
      </input_file>
      <input_file id="fl-3f">
         <path>C:\ti\ccs1280\ccs\tools\compiler\ti-cgt-armllvm_3.2.2.LTS\lib\armv7em-ti-none-eabihf\c\</path>
         <kind>archive</kind>
         <file>libc.a</file>
         <name>autoinit.c.obj</name>
      </input_file>
      <input_file id="fl-40">
         <path>C:\ti\ccs1280\ccs\tools\compiler\ti-cgt-armllvm_3.2.2.LTS\lib\armv7em-ti-none-eabihf\c\</path>
         <kind>archive</kind>
         <file>libc.a</file>
         <name>cpy_tbl.c.obj</name>
      </input_file>
      <input_file id="fl-41">
         <path>C:\ti\ccs1280\ccs\tools\compiler\ti-cgt-armllvm_3.2.2.LTS\lib\armv7em-ti-none-eabihf\c\</path>
         <kind>archive</kind>
         <file>libc.a</file>
         <name>copy_zero_init.c.obj</name>
      </input_file>
      <input_file id="fl-42">
         <path>C:\ti\ccs1280\ccs\tools\compiler\ti-cgt-armllvm_3.2.2.LTS\lib\armv7em-ti-none-eabihf\c\</path>
         <kind>archive</kind>
         <file>libc.a</file>
         <name>copy_decompress_none.c.obj</name>
      </input_file>
      <input_file id="fl-43">
         <path>C:\ti\ccs1280\ccs\tools\compiler\ti-cgt-armllvm_3.2.2.LTS\lib\armv7em-ti-none-eabihf\c\</path>
         <kind>archive</kind>
         <file>libc.a</file>
         <name>copy_decompress_lzss.c.obj</name>
      </input_file>
      <input_file id="fl-44">
         <path>C:\ti\ccs1280\ccs\tools\compiler\ti-cgt-armllvm_3.2.2.LTS\lib\armv7em-ti-none-eabihf\c\</path>
         <kind>archive</kind>
         <file>libc.a</file>
         <name>sprintf.c.obj</name>
      </input_file>
      <input_file id="fl-45">
         <path>C:\ti\ccs1280\ccs\tools\compiler\ti-cgt-armllvm_3.2.2.LTS\lib\armv7em-ti-none-eabihf\c\</path>
         <kind>archive</kind>
         <file>libc.a</file>
         <name>fflush.c.obj</name>
      </input_file>
      <input_file id="fl-46">
         <path>C:\ti\ccs1280\ccs\tools\compiler\ti-cgt-armllvm_3.2.2.LTS\lib\armv7em-ti-none-eabihf\c\</path>
         <kind>archive</kind>
         <file>libc.a</file>
         <name>fputs.c.obj</name>
      </input_file>
      <input_file id="fl-47">
         <path>C:\ti\ccs1280\ccs\tools\compiler\ti-cgt-armllvm_3.2.2.LTS\lib\armv7em-ti-none-eabihf\c\</path>
         <kind>archive</kind>
         <file>libc.a</file>
         <name>_io_perm.c.obj</name>
      </input_file>
      <input_file id="fl-48">
         <path>C:\ti\ccs1280\ccs\tools\compiler\ti-cgt-armllvm_3.2.2.LTS\lib\armv7em-ti-none-eabihf\c\</path>
         <kind>archive</kind>
         <file>libc.a</file>
         <name>setvbuf.c.obj</name>
      </input_file>
      <input_file id="fl-49">
         <path>C:\ti\ccs1280\ccs\tools\compiler\ti-cgt-armllvm_3.2.2.LTS\lib\armv7em-ti-none-eabihf\c\</path>
         <kind>archive</kind>
         <file>libc.a</file>
         <name>_printfi.c.obj</name>
      </input_file>
      <input_file id="fl-4a">
         <path>C:\ti\ccs1280\ccs\tools\compiler\ti-cgt-armllvm_3.2.2.LTS\lib\armv7em-ti-none-eabihf\c\</path>
         <kind>archive</kind>
         <file>libc.a</file>
         <name>fopen.c.obj</name>
      </input_file>
      <input_file id="fl-4b">
         <path>C:\ti\ccs1280\ccs\tools\compiler\ti-cgt-armllvm_3.2.2.LTS\lib\armv7em-ti-none-eabihf\c\</path>
         <kind>archive</kind>
         <file>libc.a</file>
         <name>fseek.c.obj</name>
      </input_file>
      <input_file id="fl-4c">
         <path>C:\ti\ccs1280\ccs\tools\compiler\ti-cgt-armllvm_3.2.2.LTS\lib\armv7em-ti-none-eabihf\c\</path>
         <kind>archive</kind>
         <file>libc.a</file>
         <name>s_frexp.c.obj</name>
      </input_file>
      <input_file id="fl-4d">
         <path>C:\ti\ccs1280\ccs\tools\compiler\ti-cgt-armllvm_3.2.2.LTS\lib\armv7em-ti-none-eabihf\c\</path>
         <kind>archive</kind>
         <file>libc.a</file>
         <name>s_scalbn.c.obj</name>
      </input_file>
      <input_file id="fl-4e">
         <path>C:\ti\ccs1280\ccs\tools\compiler\ti-cgt-armllvm_3.2.2.LTS\lib\armv7em-ti-none-eabihf\c\</path>
         <kind>archive</kind>
         <file>libc.a</file>
         <name>_ltoa.c.obj</name>
      </input_file>
      <input_file id="fl-4f">
         <path>C:\ti\ccs1280\ccs\tools\compiler\ti-cgt-armllvm_3.2.2.LTS\lib\armv7em-ti-none-eabihf\c\</path>
         <kind>archive</kind>
         <file>libc.a</file>
         <name>atoi.c.obj</name>
      </input_file>
      <input_file id="fl-50">
         <path>C:\ti\ccs1280\ccs\tools\compiler\ti-cgt-armllvm_3.2.2.LTS\lib\armv7em-ti-none-eabihf\c\</path>
         <kind>archive</kind>
         <file>libc.a</file>
         <name>memccpy.c.obj</name>
      </input_file>
      <input_file id="fl-51">
         <path>C:\ti\ccs1280\ccs\tools\compiler\ti-cgt-armllvm_3.2.2.LTS\lib\armv7em-ti-none-eabihf\c\</path>
         <kind>archive</kind>
         <file>libc.a</file>
         <name>wcslen.c.obj</name>
      </input_file>
      <input_file id="fl-52">
         <path>C:\ti\ccs1280\ccs\tools\compiler\ti-cgt-armllvm_3.2.2.LTS\lib\armv7em-ti-none-eabihf\c\</path>
         <kind>archive</kind>
         <file>libc.a</file>
         <name>fclose.c.obj</name>
      </input_file>
      <input_file id="fl-53">
         <path>C:\ti\ccs1280\ccs\tools\compiler\ti-cgt-armllvm_3.2.2.LTS\lib\armv7em-ti-none-eabihf\c\</path>
         <kind>archive</kind>
         <file>libc.a</file>
         <name>aeabi_ctype.S.obj</name>
      </input_file>
      <input_file id="fl-b9">
         <path>C:\ti\ccs1280\ccs\tools\compiler\ti-cgt-armllvm_3.2.2.LTS\lib\armv7em-ti-none-eabihf\c\</path>
         <kind>archive</kind>
         <file>libsysbm.a</file>
         <name>write.c.obj</name>
      </input_file>
      <input_file id="fl-ba">
         <path>C:\ti\ccs1280\ccs\tools\compiler\ti-cgt-armllvm_3.2.2.LTS\lib\armv7em-ti-none-eabihf\c\</path>
         <kind>archive</kind>
         <file>libsysbm.a</file>
         <name>host_device.c.obj</name>
      </input_file>
      <input_file id="fl-bb">
         <path>C:\ti\ccs1280\ccs\tools\compiler\ti-cgt-armllvm_3.2.2.LTS\lib\armv7em-ti-none-eabihf\c\</path>
         <kind>archive</kind>
         <file>libsysbm.a</file>
         <name>remove.c.obj</name>
      </input_file>
      <input_file id="fl-bc">
         <path>C:\ti\ccs1280\ccs\tools\compiler\ti-cgt-armllvm_3.2.2.LTS\lib\armv7em-ti-none-eabihf\c\</path>
         <kind>archive</kind>
         <file>libsysbm.a</file>
         <name>open.c.obj</name>
      </input_file>
      <input_file id="fl-bd">
         <path>C:\ti\ccs1280\ccs\tools\compiler\ti-cgt-armllvm_3.2.2.LTS\lib\armv7em-ti-none-eabihf\c\</path>
         <kind>archive</kind>
         <file>libsysbm.a</file>
         <name>lseek.c.obj</name>
      </input_file>
      <input_file id="fl-be">
         <path>C:\ti\ccs1280\ccs\tools\compiler\ti-cgt-armllvm_3.2.2.LTS\lib\armv7em-ti-none-eabihf\c\</path>
         <kind>archive</kind>
         <file>libsysbm.a</file>
         <name>close.c.obj</name>
      </input_file>
      <input_file id="fl-bf">
         <path>C:\ti\ccs1280\ccs\tools\compiler\ti-cgt-armllvm_3.2.2.LTS\lib\armv7em-ti-none-eabihf\c\</path>
         <kind>archive</kind>
         <file>libsysbm.a</file>
         <name>unlink.c.obj</name>
      </input_file>
      <input_file id="fl-c0">
         <path>C:\ti\ccs1280\ccs\tools\compiler\ti-cgt-armllvm_3.2.2.LTS\lib\armv7em-ti-none-eabihf\c\</path>
         <kind>archive</kind>
         <file>libsysbm.a</file>
         <name>hostclose.c.obj</name>
      </input_file>
      <input_file id="fl-c1">
         <path>C:\ti\ccs1280\ccs\tools\compiler\ti-cgt-armllvm_3.2.2.LTS\lib\armv7em-ti-none-eabihf\c\</path>
         <kind>archive</kind>
         <file>libsysbm.a</file>
         <name>hostlseek.c.obj</name>
      </input_file>
      <input_file id="fl-c2">
         <path>C:\ti\ccs1280\ccs\tools\compiler\ti-cgt-armllvm_3.2.2.LTS\lib\armv7em-ti-none-eabihf\c\</path>
         <kind>archive</kind>
         <file>libsysbm.a</file>
         <name>hostopen.c.obj</name>
      </input_file>
      <input_file id="fl-c3">
         <path>C:\ti\ccs1280\ccs\tools\compiler\ti-cgt-armllvm_3.2.2.LTS\lib\armv7em-ti-none-eabihf\c\</path>
         <kind>archive</kind>
         <file>libsysbm.a</file>
         <name>hostread.c.obj</name>
      </input_file>
      <input_file id="fl-c4">
         <path>C:\ti\ccs1280\ccs\tools\compiler\ti-cgt-armllvm_3.2.2.LTS\lib\armv7em-ti-none-eabihf\c\</path>
         <kind>archive</kind>
         <file>libsysbm.a</file>
         <name>hostrename.c.obj</name>
      </input_file>
      <input_file id="fl-c5">
         <path>C:\ti\ccs1280\ccs\tools\compiler\ti-cgt-armllvm_3.2.2.LTS\lib\armv7em-ti-none-eabihf\c\</path>
         <kind>archive</kind>
         <file>libsysbm.a</file>
         <name>hostunlink.c.obj</name>
      </input_file>
      <input_file id="fl-c6">
         <path>C:\ti\ccs1280\ccs\tools\compiler\ti-cgt-armllvm_3.2.2.LTS\lib\armv7em-ti-none-eabihf\c\</path>
         <kind>archive</kind>
         <file>libsysbm.a</file>
         <name>hostwrite.c.obj</name>
      </input_file>
      <input_file id="fl-c7">
         <path>C:\ti\ccs1280\ccs\tools\compiler\ti-cgt-armllvm_3.2.2.LTS\lib\armv7em-ti-none-eabihf\c\</path>
         <kind>archive</kind>
         <file>libsysbm.a</file>
         <name>trgmsg.c.obj</name>
      </input_file>
      <input_file id="fl-c8">
         <path>C:\ti\ccs1280\ccs\tools\compiler\ti-cgt-armllvm_3.2.2.LTS\lib\clang\15.0.7\lib\armv7em-ti-none-eabihf\</path>
         <kind>archive</kind>
         <file>libclang_rt.builtins.a</file>
         <name>adddf3.S.obj</name>
      </input_file>
      <input_file id="fl-c9">
         <path>C:\ti\ccs1280\ccs\tools\compiler\ti-cgt-armllvm_3.2.2.LTS\lib\clang\15.0.7\lib\armv7em-ti-none-eabihf\</path>
         <kind>archive</kind>
         <file>libclang_rt.builtins.a</file>
         <name>muldf3.S.obj</name>
      </input_file>
      <input_file id="fl-ca">
         <path>C:\ti\ccs1280\ccs\tools\compiler\ti-cgt-armllvm_3.2.2.LTS\lib\clang\15.0.7\lib\armv7em-ti-none-eabihf\</path>
         <kind>archive</kind>
         <file>libclang_rt.builtins.a</file>
         <name>ashldi3.S.obj</name>
      </input_file>
      <input_file id="fl-cb">
         <path>C:\ti\ccs1280\ccs\tools\compiler\ti-cgt-armllvm_3.2.2.LTS\lib\clang\15.0.7\lib\armv7em-ti-none-eabihf\</path>
         <kind>archive</kind>
         <file>libclang_rt.builtins.a</file>
         <name>ashrdi3.S.obj</name>
      </input_file>
      <input_file id="fl-cc">
         <path>C:\ti\ccs1280\ccs\tools\compiler\ti-cgt-armllvm_3.2.2.LTS\lib\clang\15.0.7\lib\armv7em-ti-none-eabihf\</path>
         <kind>archive</kind>
         <file>libclang_rt.builtins.a</file>
         <name>divdf3.S.obj</name>
      </input_file>
      <input_file id="fl-cd">
         <path>C:\ti\ccs1280\ccs\tools\compiler\ti-cgt-armllvm_3.2.2.LTS\lib\clang\15.0.7\lib\armv7em-ti-none-eabihf\</path>
         <kind>archive</kind>
         <file>libclang_rt.builtins.a</file>
         <name>extendsfdf2.S.obj</name>
      </input_file>
      <input_file id="fl-ce">
         <path>C:\ti\ccs1280\ccs\tools\compiler\ti-cgt-armllvm_3.2.2.LTS\lib\clang\15.0.7\lib\armv7em-ti-none-eabihf\</path>
         <kind>archive</kind>
         <file>libclang_rt.builtins.a</file>
         <name>fixdfsi.S.obj</name>
      </input_file>
      <input_file id="fl-cf">
         <path>C:\ti\ccs1280\ccs\tools\compiler\ti-cgt-armllvm_3.2.2.LTS\lib\clang\15.0.7\lib\armv7em-ti-none-eabihf\</path>
         <kind>archive</kind>
         <file>libclang_rt.builtins.a</file>
         <name>fixunsdfsi.S.obj</name>
      </input_file>
      <input_file id="fl-d0">
         <path>C:\ti\ccs1280\ccs\tools\compiler\ti-cgt-armllvm_3.2.2.LTS\lib\clang\15.0.7\lib\armv7em-ti-none-eabihf\</path>
         <kind>archive</kind>
         <file>libclang_rt.builtins.a</file>
         <name>floatsidf.S.obj</name>
      </input_file>
      <input_file id="fl-d1">
         <path>C:\ti\ccs1280\ccs\tools\compiler\ti-cgt-armllvm_3.2.2.LTS\lib\clang\15.0.7\lib\armv7em-ti-none-eabihf\</path>
         <kind>archive</kind>
         <file>libclang_rt.builtins.a</file>
         <name>aeabi_dcmp.S.obj</name>
      </input_file>
      <input_file id="fl-d2">
         <path>C:\ti\ccs1280\ccs\tools\compiler\ti-cgt-armllvm_3.2.2.LTS\lib\clang\15.0.7\lib\armv7em-ti-none-eabihf\</path>
         <kind>archive</kind>
         <file>libclang_rt.builtins.a</file>
         <name>aeabi_ldivmod.S.obj</name>
      </input_file>
      <input_file id="fl-d3">
         <path>C:\ti\ccs1280\ccs\tools\compiler\ti-cgt-armllvm_3.2.2.LTS\lib\clang\15.0.7\lib\armv7em-ti-none-eabihf\</path>
         <kind>archive</kind>
         <file>libclang_rt.builtins.a</file>
         <name>aeabi_memcpy.S.obj</name>
      </input_file>
      <input_file id="fl-d4">
         <path>C:\ti\ccs1280\ccs\tools\compiler\ti-cgt-armllvm_3.2.2.LTS\lib\clang\15.0.7\lib\armv7em-ti-none-eabihf\</path>
         <kind>archive</kind>
         <file>libclang_rt.builtins.a</file>
         <name>aeabi_memset.S.obj</name>
      </input_file>
      <input_file id="fl-d5">
         <path>C:\ti\ccs1280\ccs\tools\compiler\ti-cgt-armllvm_3.2.2.LTS\lib\clang\15.0.7\lib\armv7em-ti-none-eabihf\</path>
         <kind>archive</kind>
         <file>libclang_rt.builtins.a</file>
         <name>aeabi_uldivmod.S.obj</name>
      </input_file>
      <input_file id="fl-d6">
         <path>C:\ti\ccs1280\ccs\tools\compiler\ti-cgt-armllvm_3.2.2.LTS\lib\clang\15.0.7\lib\armv7em-ti-none-eabihf\</path>
         <kind>archive</kind>
         <file>libclang_rt.builtins.a</file>
         <name>udivmoddi4.S.obj</name>
      </input_file>
      <input_file id="fl-d7">
         <path>C:\ti\ccs1280\ccs\tools\compiler\ti-cgt-armllvm_3.2.2.LTS\lib\clang\15.0.7\lib\armv7em-ti-none-eabihf\</path>
         <kind>archive</kind>
         <file>libclang_rt.builtins.a</file>
         <name>comparedf2.c.obj</name>
      </input_file>
      <input_file id="fl-d8">
         <path>C:\ti\ccs1280\ccs\tools\compiler\ti-cgt-armllvm_3.2.2.LTS\lib\clang\15.0.7\lib\armv7em-ti-none-eabihf\</path>
         <kind>archive</kind>
         <file>libclang_rt.builtins.a</file>
         <name>divmoddi4.c.obj</name>
      </input_file>
      <input_file id="fl-d9">
         <path>C:\ti\ccs1280\ccs\tools\compiler\ti-cgt-armllvm_3.2.2.LTS\lib\clang\15.0.7\lib\armv7em-ti-none-eabihf\</path>
         <kind>archive</kind>
         <file>libclang_rt.builtins.a</file>
         <name>aeabi_div0.c.obj</name>
      </input_file>
      <input_file id="fl-da">
         <path>C:\ti\ccs1280\ccs\tools\compiler\ti-cgt-armllvm_3.2.2.LTS\lib\armv7em-ti-none-eabihf\c\</path>
         <kind>archive</kind>
         <file>libc.a</file>
         <name>getdevice.c.obj</name>
      </input_file>
      <input_file id="fl-db">
         <path>C:\ti\ccs1280\ccs\tools\compiler\ti-cgt-armllvm_3.2.2.LTS\lib\armv7em-ti-none-eabihf\c\</path>
         <kind>archive</kind>
         <file>libc.a</file>
         <name>memcpy_t2.S.obj</name>
      </input_file>
      <input_file id="fl-dc">
         <path>C:\ti\ccs1280\ccs\tools\compiler\ti-cgt-armllvm_3.2.2.LTS\lib\armv7em-ti-none-eabihf\c\</path>
         <kind>archive</kind>
         <file>libc.a</file>
         <name>memset_t2.S.obj</name>
      </input_file>
   </input_file_list>
   <object_component_list>
      <object_component id="oc-23">
         <name>.resetVecs</name>
         <load_address>0x0</load_address>
         <readonly>true</readonly>
         <run_address>0x0</run_address>
         <size>0x3c</size>
         <alignment>0x4</alignment>
         <input_file_ref idref="fl-4"/>
      </object_component>
      <object_component id="oc-13c">
         <name>.text.PowerCC26X2_auxISR</name>
         <load_address>0x3c</load_address>
         <readonly>true</readonly>
         <executable>true</executable>
         <run_address>0x3c</run_address>
         <size>0x194</size>
         <alignment>0x4</alignment>
         <input_file_ref idref="fl-19"/>
      </object_component>
      <object_component id="oc-1f4">
         <name>.text.Power_sleep</name>
         <load_address>0x1d0</load_address>
         <readonly>true</readonly>
         <executable>true</executable>
         <run_address>0x1d0</run_address>
         <size>0x158</size>
         <alignment>0x4</alignment>
         <input_file_ref idref="fl-18"/>
      </object_component>
      <object_component id="oc-1dc">
         <name>.text.ti_sysbios_family_arm_cc26xx_Timer_construct</name>
         <load_address>0x328</load_address>
         <readonly>true</readonly>
         <executable>true</executable>
         <run_address>0x328</run_address>
         <size>0x120</size>
         <alignment>0x4</alignment>
         <input_file_ref idref="fl-4"/>
      </object_component>
      <object_component id="oc-4f">
         <name>.text.ti_sysbios_family_arm_m3_Hwi_dispatch</name>
         <load_address>0x448</load_address>
         <readonly>true</readonly>
         <executable>true</executable>
         <run_address>0x448</run_address>
         <size>0x11c</size>
         <alignment>0x4</alignment>
         <input_file_ref idref="fl-27"/>
      </object_component>
      <object_component id="oc-dd">
         <name>.text.Power_init</name>
         <load_address>0x564</load_address>
         <readonly>true</readonly>
         <executable>true</executable>
         <run_address>0x564</run_address>
         <size>0x118</size>
         <alignment>0x4</alignment>
         <input_file_ref idref="fl-18"/>
      </object_component>
      <object_component id="oc-1a9">
         <name>.text.PowerCC26X2_calibrate</name>
         <load_address>0x67c</load_address>
         <readonly>true</readonly>
         <executable>true</executable>
         <run_address>0x67c</run_address>
         <size>0x10c</size>
         <alignment>0x4</alignment>
         <input_file_ref idref="fl-19"/>
      </object_component>
      <object_component id="oc-e3">
         <name>.text.GPIO_init</name>
         <load_address>0x788</load_address>
         <readonly>true</readonly>
         <executable>true</executable>
         <run_address>0x788</run_address>
         <size>0x100</size>
         <alignment>0x4</alignment>
         <input_file_ref idref="fl-1b"/>
      </object_component>
      <object_component id="oc-249">
         <name>.text.NOROM_SysCtrlStandby</name>
         <load_address>0x888</load_address>
         <readonly>true</readonly>
         <executable>true</executable>
         <run_address>0x888</run_address>
         <size>0xf0</size>
         <alignment>0x4</alignment>
         <input_file_ref idref="fl-23"/>
      </object_component>
      <object_component id="oc-20c">
         <name>.text.ti_sysbios_knl_Semaphore_pend</name>
         <load_address>0x978</load_address>
         <readonly>true</readonly>
         <executable>true</executable>
         <run_address>0x978</run_address>
         <size>0xe4</size>
         <alignment>0x4</alignment>
         <input_file_ref idref="fl-4"/>
      </object_component>
      <object_component id="oc-b8">
         <name>.text.pthread_create</name>
         <load_address>0xa5c</load_address>
         <readonly>true</readonly>
         <executable>true</executable>
         <run_address>0xa5c</run_address>
         <size>0xd8</size>
         <alignment>0x4</alignment>
         <input_file_ref idref="fl-4"/>
      </object_component>
      <object_component id="oc-c9">
         <name>.text.ti_sysbios_family_arm_m3_Hwi_excFillContext</name>
         <load_address>0xb34</load_address>
         <readonly>true</readonly>
         <executable>true</executable>
         <run_address>0xb34</run_address>
         <size>0xd8</size>
         <alignment>0x4</alignment>
         <input_file_ref idref="fl-4"/>
      </object_component>
      <object_component id="oc-74">
         <name>.text.NOROM_SetupTrimDevice</name>
         <load_address>0xc0c</load_address>
         <readonly>true</readonly>
         <executable>true</executable>
         <run_address>0xc0c</run_address>
         <size>0xd0</size>
         <alignment>0x4</alignment>
         <input_file_ref idref="fl-22"/>
      </object_component>
      <object_component id="oc-18f">
         <name>.text.configureXOSCHF</name>
         <load_address>0xcdc</load_address>
         <readonly>true</readonly>
         <executable>true</executable>
         <run_address>0xcdc</run_address>
         <size>0xd0</size>
         <alignment>0x4</alignment>
         <input_file_ref idref="fl-18"/>
      </object_component>
      <object_component id="oc-182">
         <name>.text.ti_sysbios_knl_Clock_workFuncDynamic</name>
         <load_address>0xdac</load_address>
         <readonly>true</readonly>
         <executable>true</executable>
         <run_address>0xdac</run_address>
         <size>0xcc</size>
         <alignment>0x4</alignment>
         <input_file_ref idref="fl-4"/>
      </object_component>
      <object_component id="oc-1be">
         <name>.text.ti_sysbios_knl_Task_Instance_finalize</name>
         <load_address>0xe78</load_address>
         <readonly>true</readonly>
         <executable>true</executable>
         <run_address>0xe78</run_address>
         <size>0xb8</size>
         <alignment>0x4</alignment>
         <input_file_ref idref="fl-4"/>
      </object_component>
      <object_component id="oc-f2">
         <name>.text.ti_sysbios_knl_Task_setPri</name>
         <load_address>0xf30</load_address>
         <readonly>true</readonly>
         <executable>true</executable>
         <run_address>0xf30</run_address>
         <size>0xb8</size>
         <alignment>0x4</alignment>
         <input_file_ref idref="fl-4"/>
      </object_component>
      <object_component id="oc-191">
         <name>.text.PowerCC26XX_standbyPolicy</name>
         <load_address>0xfe8</load_address>
         <readonly>true</readonly>
         <executable>true</executable>
         <run_address>0xfe8</run_address>
         <size>0xb4</size>
         <alignment>0x4</alignment>
         <input_file_ref idref="fl-4"/>
      </object_component>
      <object_component id="oc-1b9">
         <name>.text.GPIO_setConfigAndMux</name>
         <load_address>0x109c</load_address>
         <readonly>true</readonly>
         <executable>true</executable>
         <run_address>0x109c</run_address>
         <size>0xb0</size>
         <alignment>0x4</alignment>
         <input_file_ref idref="fl-17"/>
      </object_component>
      <object_component id="oc-141">
         <name>.text.Power_setDependency</name>
         <load_address>0x114c</load_address>
         <readonly>true</readonly>
         <executable>true</executable>
         <run_address>0x114c</run_address>
         <size>0xb0</size>
         <alignment>0x4</alignment>
         <input_file_ref idref="fl-18"/>
      </object_component>
      <object_component id="oc-1df">
         <name>.text</name>
         <load_address>0x11fc</load_address>
         <readonly>true</readonly>
         <executable>true</executable>
         <run_address>0x11fc</run_address>
         <size>0xb0</size>
         <alignment>0x4</alignment>
         <input_file_ref idref="fl-d6"/>
      </object_component>
      <object_component id="oc-204">
         <name>.text.Power_releaseDependency</name>
         <load_address>0x12ac</load_address>
         <readonly>true</readonly>
         <executable>true</executable>
         <run_address>0x12ac</run_address>
         <size>0xac</size>
         <alignment>0x4</alignment>
         <input_file_ref idref="fl-18"/>
      </object_component>
      <object_component id="oc-a5">
         <name>.text.TrimAfterColdResetWakeupFromShutDown</name>
         <load_address>0x1358</load_address>
         <readonly>true</readonly>
         <executable>true</executable>
         <run_address>0x1358</run_address>
         <size>0xac</size>
         <alignment>0x4</alignment>
         <input_file_ref idref="fl-22"/>
      </object_component>
      <object_component id="oc-1bd">
         <name>.text.ti_sysbios_knl_Task_Instance_init</name>
         <load_address>0x1404</load_address>
         <readonly>true</readonly>
         <executable>true</executable>
         <run_address>0x1404</run_address>
         <size>0xa4</size>
         <alignment>0x4</alignment>
         <input_file_ref idref="fl-4"/>
      </object_component>
      <object_component id="oc-1c7">
         <name>.text.ti_sysbios_knl_Clock_startI</name>
         <load_address>0x14a8</load_address>
         <readonly>true</readonly>
         <executable>true</executable>
         <run_address>0x14a8</run_address>
         <size>0x94</size>
         <alignment>0x4</alignment>
         <input_file_ref idref="fl-4"/>
      </object_component>
      <object_component id="oc-165">
         <name>.text.ti_sysbios_knl_Task_sleep</name>
         <load_address>0x153c</load_address>
         <readonly>true</readonly>
         <executable>true</executable>
         <run_address>0x153c</run_address>
         <size>0x94</size>
         <alignment>0x4</alignment>
         <input_file_ref idref="fl-4"/>
      </object_component>
      <object_component id="oc-11d">
         <name>.text.ti_sysbios_knl_Clock_init</name>
         <load_address>0x15d0</load_address>
         <readonly>true</readonly>
         <executable>true</executable>
         <run_address>0x15d0</run_address>
         <size>0x8c</size>
         <alignment>0x4</alignment>
         <input_file_ref idref="fl-4"/>
      </object_component>
      <object_component id="oc-11a">
         <name>.text.ti_sysbios_family_arm_m3_Hwi_initNVIC</name>
         <load_address>0x165c</load_address>
         <readonly>true</readonly>
         <executable>true</executable>
         <run_address>0x165c</run_address>
         <size>0x80</size>
         <alignment>0x4</alignment>
         <input_file_ref idref="fl-4"/>
      </object_component>
      <object_component id="oc-243">
         <name>.text.ti_sysbios_family_arm_m3_Hwi_postInit</name>
         <load_address>0x16dc</load_address>
         <readonly>true</readonly>
         <executable>true</executable>
         <run_address>0x16dc</run_address>
         <size>0x7c</size>
         <alignment>0x4</alignment>
         <input_file_ref idref="fl-4"/>
      </object_component>
      <object_component id="oc-1c0">
         <name>.text._pthread_removeThreadKeys</name>
         <load_address>0x1758</load_address>
         <readonly>true</readonly>
         <executable>true</executable>
         <run_address>0x1758</run_address>
         <size>0x78</size>
         <alignment>0x4</alignment>
         <input_file_ref idref="fl-4"/>
      </object_component>
      <object_component id="oc-209">
         <name>.text.ti_sysbios_knl_Task_postInit</name>
         <load_address>0x17d0</load_address>
         <readonly>true</readonly>
         <executable>true</executable>
         <run_address>0x17d0</run_address>
         <size>0x78</size>
         <alignment>0x4</alignment>
         <input_file_ref idref="fl-4"/>
      </object_component>
      <object_component id="oc-19c">
         <name>.text.PowerCC26X2_updateSubSecInc</name>
         <load_address>0x1848</load_address>
         <readonly>true</readonly>
         <executable>true</executable>
         <run_address>0x1848</run_address>
         <size>0x74</size>
         <alignment>0x4</alignment>
         <input_file_ref idref="fl-1c"/>
      </object_component>
      <object_component id="oc-9d">
         <name>.text.ti_sysbios_knl_Swi_restoreHwi</name>
         <load_address>0x18bc</load_address>
         <readonly>true</readonly>
         <executable>true</executable>
         <run_address>0x18bc</run_address>
         <size>0x74</size>
         <alignment>0x4</alignment>
         <input_file_ref idref="fl-4"/>
      </object_component>
      <object_component id="oc-224">
         <name>.text.ti_sysbios_family_arm_m3_Hwi_Instance_init</name>
         <load_address>0x1930</load_address>
         <readonly>true</readonly>
         <executable>true</executable>
         <run_address>0x1930</run_address>
         <size>0x70</size>
         <alignment>0x4</alignment>
         <input_file_ref idref="fl-4"/>
      </object_component>
      <object_component id="oc-215">
         <name>.text.ti_sysbios_heaps_HeapMem_allocUnprotected</name>
         <load_address>0x19a0</load_address>
         <readonly>true</readonly>
         <executable>true</executable>
         <run_address>0x19a0</run_address>
         <size>0x70</size>
         <alignment>0x2</alignment>
         <input_file_ref idref="fl-4"/>
      </object_component>
      <object_component id="oc-10b">
         <name>.text.ti_sysbios_knl_Task_startup</name>
         <load_address>0x1a10</load_address>
         <readonly>true</readonly>
         <executable>true</executable>
         <run_address>0x1a10</run_address>
         <size>0x70</size>
         <alignment>0x4</alignment>
         <input_file_ref idref="fl-4"/>
      </object_component>
      <object_component id="oc-31">
         <name>.text:decompress:lzss</name>
         <load_address>0x1a80</load_address>
         <readonly>true</readonly>
         <executable>true</executable>
         <run_address>0x1a80</run_address>
         <size>0x70</size>
         <alignment>0x2</alignment>
         <input_file_ref idref="fl-43"/>
      </object_component>
      <object_component id="oc-13b">
         <name>.text.oscillatorISR</name>
         <load_address>0x1af0</load_address>
         <readonly>true</readonly>
         <executable>true</executable>
         <run_address>0x1af0</run_address>
         <size>0x6c</size>
         <alignment>0x4</alignment>
         <input_file_ref idref="fl-18"/>
      </object_component>
      <object_component id="oc-70">
         <name>.text.ti_sysbios_family_arm_m3_Hwi_dispatchC</name>
         <load_address>0x1b5c</load_address>
         <readonly>true</readonly>
         <executable>true</executable>
         <run_address>0x1b5c</run_address>
         <size>0x6c</size>
         <alignment>0x4</alignment>
         <input_file_ref idref="fl-4"/>
      </object_component>
      <object_component id="oc-d1">
         <name>.text.ti_sysbios_knl_Swi_run</name>
         <load_address>0x1bc8</load_address>
         <readonly>true</readonly>
         <executable>true</executable>
         <run_address>0x1bc8</run_address>
         <size>0x68</size>
         <alignment>0x4</alignment>
         <input_file_ref idref="fl-4"/>
      </object_component>
      <object_component id="oc-234">
         <name>.text.NOROM_OSCHF_AttemptToSwitchToXosc</name>
         <load_address>0x1c30</load_address>
         <readonly>true</readonly>
         <executable>true</executable>
         <run_address>0x1c30</run_address>
         <size>0x64</size>
         <alignment>0x4</alignment>
         <input_file_ref idref="fl-20"/>
      </object_component>
      <object_component id="oc-1f7">
         <name>.text.PowerCC26X2_initiateCalibration</name>
         <load_address>0x1c94</load_address>
         <readonly>true</readonly>
         <executable>true</executable>
         <run_address>0x1c94</run_address>
         <size>0x64</size>
         <alignment>0x4</alignment>
         <input_file_ref idref="fl-19"/>
      </object_component>
      <object_component id="oc-120">
         <name>.text.ti_sysbios_knl_Idle_init</name>
         <load_address>0x1cf8</load_address>
         <readonly>true</readonly>
         <executable>true</executable>
         <run_address>0x1cf8</run_address>
         <size>0x64</size>
         <alignment>0x4</alignment>
         <input_file_ref idref="fl-4"/>
      </object_component>
      <object_component id="oc-24c">
         <name>.text.ti_sysbios_knl_TaskSupport_buildTaskStack</name>
         <load_address>0x1d5c</load_address>
         <readonly>true</readonly>
         <executable>true</executable>
         <run_address>0x1d5c</run_address>
         <size>0x64</size>
         <alignment>0x4</alignment>
         <input_file_ref idref="fl-4"/>
      </object_component>
      <object_component id="oc-1e4">
         <name>.text.ti_sysbios_knl_Clock_walkQueueDynamic</name>
         <load_address>0x1dc0</load_address>
         <readonly>true</readonly>
         <executable>true</executable>
         <run_address>0x1dc0</run_address>
         <size>0x60</size>
         <alignment>0x4</alignment>
         <input_file_ref idref="fl-4"/>
      </object_component>
      <object_component id="oc-1c1">
         <name>.text.ti_sysbios_knl_Semaphore_post</name>
         <load_address>0x1e20</load_address>
         <readonly>true</readonly>
         <executable>true</executable>
         <run_address>0x1e20</run_address>
         <size>0x60</size>
         <alignment>0x4</alignment>
         <input_file_ref idref="fl-4"/>
      </object_component>
      <object_component id="oc-1cf">
         <name>.text.ti_sysbios_knl_Swi_schedule</name>
         <load_address>0x1e80</load_address>
         <readonly>true</readonly>
         <executable>true</executable>
         <run_address>0x1e80</run_address>
         <size>0x60</size>
         <alignment>0x4</alignment>
         <input_file_ref idref="fl-4"/>
      </object_component>
      <object_component id="oc-15d">
         <name>.text.pthread_exit</name>
         <load_address>0x1ee0</load_address>
         <readonly>true</readonly>
         <executable>true</executable>
         <run_address>0x1ee0</run_address>
         <size>0x5c</size>
         <alignment>0x4</alignment>
         <input_file_ref idref="fl-4"/>
      </object_component>
      <object_component id="oc-87">
         <name>.text.main</name>
         <load_address>0x1f3c</load_address>
         <readonly>true</readonly>
         <executable>true</executable>
         <run_address>0x1f3c</run_address>
         <size>0x58</size>
         <alignment>0x4</alignment>
         <input_file_ref idref="fl-5"/>
      </object_component>
      <object_component id="oc-1d0">
         <name>.text.ti_sysbios_family_arm_m3_Hwi_initStacks</name>
         <load_address>0x1f94</load_address>
         <readonly>true</readonly>
         <executable>true</executable>
         <run_address>0x1f94</run_address>
         <size>0x58</size>
         <alignment>0x4</alignment>
         <input_file_ref idref="fl-28"/>
      </object_component>
      <object_component id="oc-e9">
         <name>.text.Board_shutDownExtFlash</name>
         <load_address>0x1fec</load_address>
         <readonly>true</readonly>
         <executable>true</executable>
         <run_address>0x1fec</run_address>
         <size>0x50</size>
         <alignment>0x4</alignment>
         <input_file_ref idref="fl-3"/>
      </object_component>
      <object_component id="oc-21a">
         <name>.text.ti_sysbios_knl_Swi_post</name>
         <load_address>0x203c</load_address>
         <readonly>true</readonly>
         <executable>true</executable>
         <run_address>0x203c</run_address>
         <size>0x50</size>
         <alignment>0x4</alignment>
         <input_file_ref idref="fl-4"/>
      </object_component>
      <object_component id="oc-211">
         <name>.text.ti_sysbios_knl_Swi_runLoop</name>
         <load_address>0x208c</load_address>
         <readonly>true</readonly>
         <executable>true</executable>
         <run_address>0x208c</run_address>
         <size>0x50</size>
         <alignment>0x4</alignment>
         <input_file_ref idref="fl-4"/>
      </object_component>
      <object_component id="oc-14d">
         <name>.text.Board_sendExtFlashByte</name>
         <load_address>0x20dc</load_address>
         <readonly>true</readonly>
         <executable>true</executable>
         <run_address>0x20dc</run_address>
         <size>0x4e</size>
         <alignment>0x2</alignment>
         <input_file_ref idref="fl-3"/>
      </object_component>
      <object_component id="oc-214">
         <name>.text.ti_sysbios_heaps_HeapMem_freeUnprotected</name>
         <load_address>0x212a</load_address>
         <readonly>true</readonly>
         <executable>true</executable>
         <run_address>0x212a</run_address>
         <size>0x4e</size>
         <alignment>0x2</alignment>
         <input_file_ref idref="fl-4"/>
      </object_component>
      <object_component id="oc-ca">
         <name>.text.BIOS_startFunc</name>
         <load_address>0x2178</load_address>
         <readonly>true</readonly>
         <executable>true</executable>
         <run_address>0x2178</run_address>
         <size>0x4c</size>
         <alignment>0x4</alignment>
         <input_file_ref idref="fl-4"/>
      </object_component>
      <object_component id="oc-194">
         <name>.text.switchXOSCHF</name>
         <load_address>0x21c4</load_address>
         <readonly>true</readonly>
         <executable>true</executable>
         <run_address>0x21c4</run_address>
         <size>0x4c</size>
         <alignment>0x4</alignment>
         <input_file_ref idref="fl-18"/>
      </object_component>
      <object_component id="oc-17a">
         <name>.text.ti_sysbios_knl_Swi_Instance_init</name>
         <load_address>0x2210</load_address>
         <readonly>true</readonly>
         <executable>true</executable>
         <run_address>0x2210</run_address>
         <size>0x4c</size>
         <alignment>0x4</alignment>
         <input_file_ref idref="fl-4"/>
      </object_component>
      <object_component id="oc-11c">
         <name>.text.BIOS_init</name>
         <load_address>0x225c</load_address>
         <readonly>true</readonly>
         <executable>true</executable>
         <run_address>0x225c</run_address>
         <size>0x48</size>
         <alignment>0x4</alignment>
         <input_file_ref idref="fl-4"/>
      </object_component>
      <object_component id="oc-217">
         <name>.text.ti_sysbios_family_arm_cc26xx_Timer_start</name>
         <load_address>0x22a4</load_address>
         <readonly>true</readonly>
         <executable>true</executable>
         <run_address>0x22a4</run_address>
         <size>0x48</size>
         <alignment>0x4</alignment>
         <input_file_ref idref="fl-4"/>
      </object_component>
      <object_component id="oc-1d6">
         <name>.text.ti_sysbios_heaps_HeapMem_Instance_init</name>
         <load_address>0x22ec</load_address>
         <readonly>true</readonly>
         <executable>true</executable>
         <run_address>0x22ec</run_address>
         <size>0x48</size>
         <alignment>0x4</alignment>
         <input_file_ref idref="fl-4"/>
      </object_component>
      <object_component id="oc-1db">
         <name>.text.ti_sysbios_heaps_HeapMem_alloc</name>
         <load_address>0x2334</load_address>
         <readonly>true</readonly>
         <executable>true</executable>
         <run_address>0x2334</run_address>
         <size>0x48</size>
         <alignment>0x4</alignment>
         <input_file_ref idref="fl-4"/>
      </object_component>
      <object_component id="oc-d2">
         <name>.text.ti_sysbios_knl_Task_schedule</name>
         <load_address>0x237c</load_address>
         <readonly>true</readonly>
         <executable>true</executable>
         <run_address>0x237c</run_address>
         <size>0x48</size>
         <alignment>0x4</alignment>
         <input_file_ref idref="fl-4"/>
      </object_component>
      <object_component id="oc-d9">
         <name>.text.ti_sysbios_runtime_Startup_exec</name>
         <load_address>0x23c4</load_address>
         <readonly>true</readonly>
         <executable>true</executable>
         <run_address>0x23c4</run_address>
         <size>0x48</size>
         <alignment>0x4</alignment>
         <input_file_ref idref="fl-4"/>
      </object_component>
      <object_component id="oc-10d">
         <name>.text.BIOS_atExitFunc</name>
         <load_address>0x240c</load_address>
         <readonly>true</readonly>
         <executable>true</executable>
         <run_address>0x240c</run_address>
         <size>0x44</size>
         <alignment>0x4</alignment>
         <input_file_ref idref="fl-4"/>
      </object_component>
      <object_component id="oc-147">
         <name>.text.GPIO_hwiIntFxn</name>
         <load_address>0x2450</load_address>
         <readonly>true</readonly>
         <executable>true</executable>
         <run_address>0x2450</run_address>
         <size>0x44</size>
         <alignment>0x4</alignment>
         <input_file_ref idref="fl-1b"/>
      </object_component>
      <object_component id="oc-236">
         <name>.text.NOROM_PRCMPowerDomainsAllOff</name>
         <load_address>0x2494</load_address>
         <readonly>true</readonly>
         <executable>true</executable>
         <run_address>0x2494</run_address>
         <size>0x44</size>
         <alignment>0x4</alignment>
         <input_file_ref idref="fl-21"/>
      </object_component>
      <object_component id="oc-1aa">
         <name>.text.NOROM_PRCMPowerDomainsAllOn</name>
         <load_address>0x24d8</load_address>
         <readonly>true</readonly>
         <executable>true</executable>
         <run_address>0x24d8</run_address>
         <size>0x44</size>
         <alignment>0x4</alignment>
         <input_file_ref idref="fl-21"/>
      </object_component>
      <object_component id="oc-18c">
         <name>.text.ti_sysbios_family_arm_m3_Hwi_construct2</name>
         <load_address>0x251c</load_address>
         <readonly>true</readonly>
         <executable>true</executable>
         <run_address>0x251c</run_address>
         <size>0x44</size>
         <alignment>0x4</alignment>
         <input_file_ref idref="fl-4"/>
      </object_component>
      <object_component id="oc-242">
         <name>.text.ti_sysbios_family_arm_m3_Hwi_disableInterrupt</name>
         <load_address>0x2560</load_address>
         <readonly>true</readonly>
         <executable>true</executable>
         <run_address>0x2560</run_address>
         <size>0x44</size>
         <alignment>0x4</alignment>
         <input_file_ref idref="fl-4"/>
      </object_component>
      <object_component id="oc-24d">
         <name>.text.ti_sysbios_family_arm_m3_Hwi_enableInterrupt</name>
         <load_address>0x25a4</load_address>
         <readonly>true</readonly>
         <executable>true</executable>
         <run_address>0x25a4</run_address>
         <size>0x44</size>
         <alignment>0x4</alignment>
         <input_file_ref idref="fl-4"/>
      </object_component>
      <object_component id="oc-171">
         <name>.text.ti_sysbios_knl_Swi_restore</name>
         <load_address>0x25e8</load_address>
         <readonly>true</readonly>
         <executable>true</executable>
         <run_address>0x25e8</run_address>
         <size>0x44</size>
         <alignment>0x4</alignment>
         <input_file_ref idref="fl-4"/>
      </object_component>
      <object_component id="oc-f1">
         <name>.text.ti_sysbios_knl_Task_create</name>
         <load_address>0x262c</load_address>
         <readonly>true</readonly>
         <executable>true</executable>
         <run_address>0x262c</run_address>
         <size>0x44</size>
         <alignment>0x4</alignment>
         <input_file_ref idref="fl-4"/>
      </object_component>
      <object_component id="oc-135">
         <name>.text.PowerCC26X2_RCOSC_clockFunc</name>
         <load_address>0x2670</load_address>
         <readonly>true</readonly>
         <executable>true</executable>
         <run_address>0x2670</run_address>
         <size>0x40</size>
         <alignment>0x4</alignment>
         <input_file_ref idref="fl-19"/>
      </object_component>
      <object_component id="oc-203">
         <name>.text.PowerCC26X2_setAclkRefSrc</name>
         <load_address>0x26b0</load_address>
         <readonly>true</readonly>
         <executable>true</executable>
         <run_address>0x26b0</run_address>
         <size>0x40</size>
         <alignment>0x4</alignment>
         <input_file_ref idref="fl-1c"/>
      </object_component>
      <object_component id="oc-1d8">
         <name>.text.ti_sysbios_heaps_HeapMem_getStats</name>
         <load_address>0x26f0</load_address>
         <readonly>true</readonly>
         <executable>true</executable>
         <run_address>0x26f0</run_address>
         <size>0x40</size>
         <alignment>0x4</alignment>
         <input_file_ref idref="fl-4"/>
      </object_component>
      <object_component id="oc-1f2">
         <name>.text.ti_sysbios_knl_Clock_getTicksUntilInterrupt</name>
         <load_address>0x2730</load_address>
         <readonly>true</readonly>
         <executable>true</executable>
         <run_address>0x2730</run_address>
         <size>0x40</size>
         <alignment>0x4</alignment>
         <input_file_ref idref="fl-4"/>
      </object_component>
      <object_component id="oc-23a">
         <name>.text.ti_sysbios_knl_Task_exit</name>
         <load_address>0x2770</load_address>
         <readonly>true</readonly>
         <executable>true</executable>
         <run_address>0x2770</run_address>
         <size>0x40</size>
         <alignment>0x4</alignment>
         <input_file_ref idref="fl-4"/>
      </object_component>
      <object_component id="oc-14f">
         <name>.text.GPIO_resetConfig</name>
         <load_address>0x27b0</load_address>
         <readonly>true</readonly>
         <executable>true</executable>
         <run_address>0x27b0</run_address>
         <size>0x3c</size>
         <alignment>0x4</alignment>
         <input_file_ref idref="fl-16"/>
      </object_component>
      <object_component id="oc-12e">
         <name>.text.HwiP_construct</name>
         <load_address>0x27ec</load_address>
         <readonly>true</readonly>
         <executable>true</executable>
         <run_address>0x27ec</run_address>
         <size>0x3c</size>
         <alignment>0x4</alignment>
         <input_file_ref idref="fl-4"/>
      </object_component>
      <object_component id="oc-1fe">
         <name>.text.NOROM_OSC_HPOSCRelativeFrequencyOffsetGet</name>
         <load_address>0x2828</load_address>
         <readonly>true</readonly>
         <executable>true</executable>
         <run_address>0x2828</run_address>
         <size>0x3c</size>
         <alignment>0x4</alignment>
         <input_file_ref idref="fl-20"/>
      </object_component>
      <object_component id="oc-202">
         <name>.text.PowerCC26X2_setTdcClkSrc24M</name>
         <load_address>0x2864</load_address>
         <readonly>true</readonly>
         <executable>true</executable>
         <run_address>0x2864</run_address>
         <size>0x3c</size>
         <alignment>0x4</alignment>
         <input_file_ref idref="fl-1c"/>
      </object_component>
      <object_component id="oc-218">
         <name>.text.ti_sysbios_family_arm_cc26xx_Timer_periodicStub</name>
         <load_address>0x28a0</load_address>
         <readonly>true</readonly>
         <executable>true</executable>
         <run_address>0x28a0</run_address>
         <size>0x3c</size>
         <alignment>0x4</alignment>
         <input_file_ref idref="fl-4"/>
      </object_component>
      <object_component id="oc-23c">
         <name>.text.ti_sysbios_family_arm_cc26xx_Timer_setThreshold</name>
         <load_address>0x28dc</load_address>
         <readonly>true</readonly>
         <executable>true</executable>
         <run_address>0x28dc</run_address>
         <size>0x3c</size>
         <alignment>0x4</alignment>
         <input_file_ref idref="fl-4"/>
      </object_component>
      <object_component id="oc-178">
         <name>.text.ti_sysbios_heaps_HeapMem_construct</name>
         <load_address>0x2918</load_address>
         <readonly>true</readonly>
         <executable>true</executable>
         <run_address>0x2918</run_address>
         <size>0x3c</size>
         <alignment>0x4</alignment>
         <input_file_ref idref="fl-4"/>
      </object_component>
      <object_component id="oc-17b">
         <name>.text.ti_sysbios_knl_ClockSupport_init</name>
         <load_address>0x2954</load_address>
         <readonly>true</readonly>
         <executable>true</executable>
         <run_address>0x2954</run_address>
         <size>0x3c</size>
         <alignment>0x4</alignment>
         <input_file_ref idref="fl-4"/>
      </object_component>
      <object_component id="oc-1c6">
         <name>.text.ti_sysbios_knl_Task_blockI</name>
         <load_address>0x2990</load_address>
         <readonly>true</readonly>
         <executable>true</executable>
         <run_address>0x2990</run_address>
         <size>0x3c</size>
         <alignment>0x4</alignment>
         <input_file_ref idref="fl-4"/>
      </object_component>
      <object_component id="oc-15a">
         <name>.text.ti_sysbios_knl_Task_restore</name>
         <load_address>0x29cc</load_address>
         <readonly>true</readonly>
         <executable>true</executable>
         <run_address>0x29cc</run_address>
         <size>0x3c</size>
         <alignment>0x4</alignment>
         <input_file_ref idref="fl-4"/>
      </object_component>
      <object_component id="oc-ef">
         <name>.text.ti_sysbios_runtime_Memory_alloc</name>
         <load_address>0x2a08</load_address>
         <readonly>true</readonly>
         <executable>true</executable>
         <run_address>0x2a08</run_address>
         <size>0x3c</size>
         <alignment>0x4</alignment>
         <input_file_ref idref="fl-4"/>
      </object_component>
      <object_component id="oc-d5">
         <name>.text.NOROM_AUXSYSIFOpModeChange</name>
         <load_address>0x2a44</load_address>
         <readonly>true</readonly>
         <executable>true</executable>
         <run_address>0x2a44</run_address>
         <size>0x38</size>
         <alignment>0x4</alignment>
         <input_file_ref idref="fl-24"/>
      </object_component>
      <object_component id="oc-225">
         <name>.text.NOROM_OSCHF_SwitchToRcOscTurnOffXosc</name>
         <load_address>0x2a7c</load_address>
         <readonly>true</readonly>
         <executable>true</executable>
         <run_address>0x2a7c</run_address>
         <size>0x38</size>
         <alignment>0x4</alignment>
         <input_file_ref idref="fl-20"/>
      </object_component>
      <object_component id="oc-22b">
         <name>.text.NOROM_SysCtrlIdle</name>
         <load_address>0x2ab4</load_address>
         <readonly>true</readonly>
         <executable>true</executable>
         <run_address>0x2ab4</run_address>
         <size>0x38</size>
         <alignment>0x4</alignment>
         <input_file_ref idref="fl-23"/>
      </object_component>
      <object_component id="oc-246">
         <name>.text.OSCHfSourceSwitch</name>
         <load_address>0x2aec</load_address>
         <readonly>true</readonly>
         <executable>true</executable>
         <run_address>0x2aec</run_address>
         <size>0x38</size>
         <alignment>0x4</alignment>
         <input_file_ref idref="fl-20"/>
      </object_component>
      <object_component id="oc-130">
         <name>.text.PowerCC26X2_oscDisableQualifiers</name>
         <load_address>0x2b24</load_address>
         <readonly>true</readonly>
         <executable>true</executable>
         <run_address>0x2b24</run_address>
         <size>0x38</size>
         <alignment>0x4</alignment>
         <input_file_ref idref="fl-1d"/>
      </object_component>
      <object_component id="oc-20b">
         <name>.text.ti_sysbios_knl_Task_processVitalTaskFlag</name>
         <load_address>0x2b5c</load_address>
         <readonly>true</readonly>
         <executable>true</executable>
         <run_address>0x2b5c</run_address>
         <size>0x38</size>
         <alignment>0x4</alignment>
         <input_file_ref idref="fl-4"/>
      </object_component>
      <object_component id="oc-7a">
         <name>.text:__TI_auto_init_nobinit_nopinit</name>
         <load_address>0x2b94</load_address>
         <readonly>true</readonly>
         <executable>true</executable>
         <run_address>0x2b94</run_address>
         <size>0x38</size>
         <alignment>0x4</alignment>
         <input_file_ref idref="fl-3f"/>
      </object_component>
      <object_component id="oc-197">
         <name>.text.PowerCC26X2_setSubSecIncToXoscLf</name>
         <load_address>0x2bcc</load_address>
         <readonly>true</readonly>
         <executable>true</executable>
         <run_address>0x2bcc</run_address>
         <size>0x34</size>
         <alignment>0x4</alignment>
         <input_file_ref idref="fl-1d"/>
      </object_component>
      <object_component id="oc-199">
         <name>.text.Power_releaseConstraint</name>
         <load_address>0x2c00</load_address>
         <readonly>true</readonly>
         <executable>true</executable>
         <run_address>0x2c00</run_address>
         <size>0x34</size>
         <alignment>0x4</alignment>
         <input_file_ref idref="fl-18"/>
      </object_component>
      <object_component id="oc-240">
         <name>.text._pthread_cleanupFxn</name>
         <load_address>0x2c34</load_address>
         <readonly>true</readonly>
         <executable>true</executable>
         <run_address>0x2c34</run_address>
         <size>0x34</size>
         <alignment>0x4</alignment>
         <input_file_ref idref="fl-4"/>
      </object_component>
      <object_component id="oc-176">
         <name>.text.ti_sysbios_family_arm_m3_Hwi_getStackInfo</name>
         <load_address>0x2c68</load_address>
         <readonly>true</readonly>
         <executable>true</executable>
         <run_address>0x2c68</run_address>
         <size>0x34</size>
         <alignment>0x4</alignment>
         <input_file_ref idref="fl-4"/>
      </object_component>
      <object_component id="oc-121">
         <name>.text.ti_sysbios_family_arm_m3_Hwi_init</name>
         <load_address>0x2c9c</load_address>
         <readonly>true</readonly>
         <executable>true</executable>
         <run_address>0x2c9c</run_address>
         <size>0x34</size>
         <alignment>0x4</alignment>
         <input_file_ref idref="fl-4"/>
      </object_component>
      <object_component id="oc-18a">
         <name>.text.ti_sysbios_knl_Clock_Instance_init</name>
         <load_address>0x2cd0</load_address>
         <readonly>true</readonly>
         <executable>true</executable>
         <run_address>0x2cd0</run_address>
         <size>0x34</size>
         <alignment>0x4</alignment>
         <input_file_ref idref="fl-4"/>
      </object_component>
      <object_component id="oc-20e">
         <name>.text.ti_sysbios_knl_Task_unblockI</name>
         <load_address>0x2d04</load_address>
         <readonly>true</readonly>
         <executable>true</executable>
         <run_address>0x2d04</run_address>
         <size>0x34</size>
         <alignment>0x4</alignment>
         <input_file_ref idref="fl-4"/>
      </object_component>
      <object_component id="oc-155">
         <name>.text.ti_sysbios_runtime_Error_raiseX</name>
         <load_address>0x2d38</load_address>
         <readonly>true</readonly>
         <executable>true</executable>
         <run_address>0x2d38</run_address>
         <size>0x34</size>
         <alignment>0x4</alignment>
         <input_file_ref idref="fl-4"/>
      </object_component>
      <object_component id="oc-29">
         <name>.text:_c_int00</name>
         <load_address>0x2d6c</load_address>
         <readonly>true</readonly>
         <executable>true</executable>
         <run_address>0x2d6c</run_address>
         <size>0x34</size>
         <alignment>0x4</alignment>
         <input_file_ref idref="fl-29"/>
      </object_component>
      <object_component id="oc-23b">
         <name>.text.ti_sysbios_knl_Semaphore_pendTimeout</name>
         <load_address>0x2da0</load_address>
         <readonly>true</readonly>
         <executable>true</executable>
         <run_address>0x2da0</run_address>
         <size>0x32</size>
         <alignment>0x2</alignment>
         <input_file_ref idref="fl-4"/>
      </object_component>
      <object_component id="oc-174">
         <name>.text.BIOS_nullFunc</name>
         <load_address>0x2dd2</load_address>
         <readonly>true</readonly>
         <executable>true</executable>
         <run_address>0x2dd2</run_address>
         <size>0x2</size>
         <alignment>0x2</alignment>
         <input_file_ref idref="fl-4"/>
      </object_component>
      <object_component id="oc-14c">
         <name>.text.Board_wakeUpExtFlash</name>
         <load_address>0x2dd4</load_address>
         <readonly>true</readonly>
         <executable>true</executable>
         <run_address>0x2dd4</run_address>
         <size>0x30</size>
         <alignment>0x4</alignment>
         <input_file_ref idref="fl-3"/>
      </object_component>
      <object_component id="oc-12a">
         <name>.text.ClockP_construct</name>
         <load_address>0x2e04</load_address>
         <readonly>true</readonly>
         <executable>true</executable>
         <run_address>0x2e04</run_address>
         <size>0x30</size>
         <alignment>0x4</alignment>
         <input_file_ref idref="fl-4"/>
      </object_component>
      <object_component id="oc-12f">
         <name>.text.Power_setConstraint</name>
         <load_address>0x2e34</load_address>
         <readonly>true</readonly>
         <executable>true</executable>
         <run_address>0x2e34</run_address>
         <size>0x30</size>
         <alignment>0x4</alignment>
         <input_file_ref idref="fl-18"/>
      </object_component>
      <object_component id="oc-19a">
         <name>.text.notify</name>
         <load_address>0x2e64</load_address>
         <readonly>true</readonly>
         <executable>true</executable>
         <run_address>0x2e64</run_address>
         <size>0x30</size>
         <alignment>0x4</alignment>
         <input_file_ref idref="fl-18"/>
      </object_component>
      <object_component id="oc-99">
         <name>.text.ti_sysbios_family_arm_m3_Hwi_excHandlerMin</name>
         <load_address>0x2e94</load_address>
         <readonly>true</readonly>
         <executable>true</executable>
         <run_address>0x2e94</run_address>
         <size>0x30</size>
         <alignment>0x4</alignment>
         <input_file_ref idref="fl-4"/>
      </object_component>
      <object_component id="oc-1da">
         <name>.text.ti_sysbios_heaps_HeapMem_free</name>
         <load_address>0x2ec4</load_address>
         <readonly>true</readonly>
         <executable>true</executable>
         <run_address>0x2ec4</run_address>
         <size>0x30</size>
         <alignment>0x4</alignment>
         <input_file_ref idref="fl-4"/>
      </object_component>
      <object_component id="oc-237">
         <name>.text.ti_sysbios_knl_TaskSupport_start</name>
         <load_address>0x2ef4</load_address>
         <readonly>true</readonly>
         <executable>true</executable>
         <run_address>0x2ef4</run_address>
         <size>0x30</size>
         <alignment>0x2</alignment>
         <input_file_ref idref="fl-4"/>
      </object_component>
      <object_component id="oc-107">
         <name>.text.ti_sysbios_runtime_System_atexit</name>
         <load_address>0x2f24</load_address>
         <readonly>true</readonly>
         <executable>true</executable>
         <run_address>0x2f24</run_address>
         <size>0x30</size>
         <alignment>0x4</alignment>
         <input_file_ref idref="fl-4"/>
      </object_component>
      <object_component id="oc-8e">
         <name>.text.ti_sysbios_runtime_System_processAtExit</name>
         <load_address>0x2f54</load_address>
         <readonly>true</readonly>
         <executable>true</executable>
         <run_address>0x2f54</run_address>
         <size>0x30</size>
         <alignment>0x4</alignment>
         <input_file_ref idref="fl-4"/>
      </object_component>
      <object_component id="oc-226">
         <name>.text.PowerCC26XX_schedulerDisable</name>
         <load_address>0x2f84</load_address>
         <readonly>true</readonly>
         <executable>true</executable>
         <run_address>0x2f84</run_address>
         <size>0x2c</size>
         <alignment>0x4</alignment>
         <input_file_ref idref="fl-4"/>
      </object_component>
      <object_component id="oc-f3">
         <name>.text._pthread_delete</name>
         <load_address>0x2fb0</load_address>
         <readonly>true</readonly>
         <executable>true</executable>
         <run_address>0x2fb0</run_address>
         <size>0x2c</size>
         <alignment>0x4</alignment>
         <input_file_ref idref="fl-4"/>
      </object_component>
      <object_component id="oc-1cd">
         <name>.text.ti_sysbios_gates_GateMutex_enter</name>
         <load_address>0x2fdc</load_address>
         <readonly>true</readonly>
         <executable>true</executable>
         <run_address>0x2fdc</run_address>
         <size>0x2c</size>
         <alignment>0x4</alignment>
         <input_file_ref idref="fl-4"/>
      </object_component>
      <object_component id="oc-20f">
         <name>.text.ti_sysbios_knl_Clock_getTicks</name>
         <load_address>0x3008</load_address>
         <readonly>true</readonly>
         <executable>true</executable>
         <run_address>0x3008</run_address>
         <size>0x2c</size>
         <alignment>0x4</alignment>
         <input_file_ref idref="fl-4"/>
      </object_component>
      <object_component id="oc-9e">
         <name>.text.ti_sysbios_knl_Task_restoreHwi</name>
         <load_address>0x3034</load_address>
         <readonly>true</readonly>
         <executable>true</executable>
         <run_address>0x3034</run_address>
         <size>0x2c</size>
         <alignment>0x4</alignment>
         <input_file_ref idref="fl-4"/>
      </object_component>
      <object_component id="oc-fc">
         <name>.text.usleep</name>
         <load_address>0x3060</load_address>
         <readonly>true</readonly>
         <executable>true</executable>
         <run_address>0x3060</run_address>
         <size>0x2c</size>
         <alignment>0x4</alignment>
         <input_file_ref idref="fl-4"/>
      </object_component>
      <object_component id="oc-23f">
         <name>.text.ti_sysbios_family_arm_cc26xx_Timer_setNextTick</name>
         <load_address>0x308c</load_address>
         <readonly>true</readonly>
         <executable>true</executable>
         <run_address>0x308c</run_address>
         <size>0x2a</size>
         <alignment>0x2</alignment>
         <input_file_ref idref="fl-4"/>
      </object_component>
      <object_component id="oc-110">
         <name>.text.ti_sysbios_knl_Task_allBlockedFunction</name>
         <load_address>0x30b6</load_address>
         <readonly>true</readonly>
         <executable>true</executable>
         <run_address>0x30b6</run_address>
         <size>0x2a</size>
         <alignment>0x2</alignment>
         <input_file_ref idref="fl-4"/>
      </object_component>
      <object_component id="oc-109">
         <name>.text.BIOS_registerRTSLock</name>
         <load_address>0x30e0</load_address>
         <readonly>true</readonly>
         <executable>true</executable>
         <run_address>0x30e0</run_address>
         <size>0x28</size>
         <alignment>0x4</alignment>
         <input_file_ref idref="fl-4"/>
      </object_component>
      <object_component id="oc-4a">
         <name>.text.ti_sysbios_family_arm_m3_Hwi_excHandlerAsm</name>
         <load_address>0x3108</load_address>
         <readonly>true</readonly>
         <executable>true</executable>
         <run_address>0x3108</run_address>
         <size>0x28</size>
         <alignment>0x4</alignment>
         <input_file_ref idref="fl-27"/>
      </object_component>
      <object_component id="oc-108">
         <name>.text.ti_sysbios_gates_GateMutex_Instance_init</name>
         <load_address>0x3130</load_address>
         <readonly>true</readonly>
         <executable>true</executable>
         <run_address>0x3130</run_address>
         <size>0x28</size>
         <alignment>0x4</alignment>
         <input_file_ref idref="fl-4"/>
      </object_component>
      <object_component id="oc-f0">
         <name>.text.ti_sysbios_knl_Semaphore_Instance_init</name>
         <load_address>0x3158</load_address>
         <readonly>true</readonly>
         <executable>true</executable>
         <run_address>0x3158</run_address>
         <size>0x28</size>
         <alignment>0x4</alignment>
         <input_file_ref idref="fl-4"/>
      </object_component>
      <object_component id="oc-11e">
         <name>.text.ti_sysbios_knl_Swi_init</name>
         <load_address>0x3180</load_address>
         <readonly>true</readonly>
         <executable>true</executable>
         <run_address>0x3180</run_address>
         <size>0x28</size>
         <alignment>0x4</alignment>
         <input_file_ref idref="fl-4"/>
      </object_component>
      <object_component id="oc-111">
         <name>.text.ti_sysbios_knl_TaskSupport_swap</name>
         <load_address>0x31a8</load_address>
         <readonly>true</readonly>
         <executable>true</executable>
         <run_address>0x31a8</run_address>
         <size>0x28</size>
         <alignment>0x1</alignment>
         <input_file_ref idref="fl-26"/>
      </object_component>
      <object_component id="oc-159">
         <name>.text.ti_sysbios_knl_Task_construct</name>
         <load_address>0x31d0</load_address>
         <readonly>true</readonly>
         <executable>true</executable>
         <run_address>0x31d0</run_address>
         <size>0x28</size>
         <alignment>0x4</alignment>
         <input_file_ref idref="fl-4"/>
      </object_component>
      <object_component id="oc-11f">
         <name>.text.ti_sysbios_knl_Task_init</name>
         <load_address>0x31f8</load_address>
         <readonly>true</readonly>
         <executable>true</executable>
         <run_address>0x31f8</run_address>
         <size>0x28</size>
         <alignment>0x4</alignment>
         <input_file_ref idref="fl-4"/>
      </object_component>
      <object_component id="oc-10f">
         <name>.text.BIOS_removeRTSLock</name>
         <load_address>0x3220</load_address>
         <readonly>true</readonly>
         <executable>true</executable>
         <run_address>0x3220</run_address>
         <size>0x24</size>
         <alignment>0x4</alignment>
         <input_file_ref idref="fl-4"/>
      </object_component>
      <object_component id="oc-1f8">
         <name>.text.NOROM_OSCHF_TurnOnXosc</name>
         <load_address>0x3244</load_address>
         <readonly>true</readonly>
         <executable>true</executable>
         <run_address>0x3244</run_address>
         <size>0x24</size>
         <alignment>0x4</alignment>
         <input_file_ref idref="fl-20"/>
      </object_component>
      <object_component id="oc-1a2">
         <name>.text.PowerCC26X2_writeCtrim</name>
         <load_address>0x3268</load_address>
         <readonly>true</readonly>
         <executable>true</executable>
         <run_address>0x3268</run_address>
         <size>0x24</size>
         <alignment>0x4</alignment>
         <input_file_ref idref="fl-1c"/>
      </object_component>
      <object_component id="oc-1a3">
         <name>.text.PowerCC26X2_writeCtrimFract</name>
         <load_address>0x328c</load_address>
         <readonly>true</readonly>
         <executable>true</executable>
         <run_address>0x328c</run_address>
         <size>0x24</size>
         <alignment>0x4</alignment>
         <input_file_ref idref="fl-1c"/>
      </object_component>
      <object_component id="oc-1a8">
         <name>.text.PowerCC26X2_writeCtrimFractEn</name>
         <load_address>0x32b0</load_address>
         <readonly>true</readonly>
         <executable>true</executable>
         <run_address>0x32b0</run_address>
         <size>0x24</size>
         <alignment>0x4</alignment>
         <input_file_ref idref="fl-1c"/>
      </object_component>
      <object_component id="oc-1a4">
         <name>.text.PowerCC26X2_writeRtrim</name>
         <load_address>0x32d4</load_address>
         <readonly>true</readonly>
         <executable>true</executable>
         <run_address>0x32d4</run_address>
         <size>0x24</size>
         <alignment>0x4</alignment>
         <input_file_ref idref="fl-1c"/>
      </object_component>
      <object_component id="oc-1e8">
         <name>.text.ti_sysbios_family_arm_m3_Hwi_construct</name>
         <load_address>0x32f8</load_address>
         <readonly>true</readonly>
         <executable>true</executable>
[...]
      </symbol>
      <symbol id="sm-2a9">
         <name>ti_sysbios_family_arm_cc26xx_Timer_Module_state</name>
         <value>0x200047f0</value>
         <object_component_ref idref="oc-9c"/>
      </symbol>
      <symbol id="sm-2aa">
         <name>ti_sysbios_runtime_System_Module_state</name>
         <value>0x200047fc</value>
         <object_component_ref idref="oc-9c"/>
      </symbol>
      <symbol id="sm-2ab">
         <name>ti_sysbios_knl_Swi_Module_state</name>
         <value>0x20004808</value>
         <object_component_ref idref="oc-9c"/>
      </symbol>
      <symbol id="sm-2ac">
         <name>BIOS_Module_state</name>
         <value>0x20004830</value>
         <object_component_ref idref="oc-9a"/>
      </symbol>
      <symbol id="sm-2ad">
         <name>ti_sysbios_family_arm_m3_Hwi_Module_state</name>
         <value>0x2000485c</value>
         <object_component_ref idref="oc-9a"/>
      </symbol>
      <symbol id="sm-2b7">
         <name>main</name>
         <value>0x1f3d</value>
         <object_component_ref idref="oc-87"/>
      </symbol>
      <symbol id="sm-2b8">
         <name>__TI_ATRegion0_src_addr</name>
         <value>0x0</value>
      </symbol>
      <symbol id="sm-2b9">
         <name>__TI_ATRegion0_trg_addr</name>
         <value>0x0</value>
      </symbol>
      <symbol id="sm-2ba">
         <name>__TI_ATRegion0_region_sz</name>
         <value>0x0</value>
      </symbol>
      <symbol id="sm-2bb">
         <name>__TI_ATRegion1_src_addr</name>
         <value>0x0</value>
      </symbol>
      <symbol id="sm-2bc">
         <name>__TI_ATRegion1_trg_addr</name>
         <value>0x0</value>
      </symbol>
      <symbol id="sm-2bd">
         <name>__TI_ATRegion1_region_sz</name>
         <value>0x0</value>
      </symbol>
      <symbol id="sm-2be">
         <name>__TI_ATRegion2_src_addr</name>
         <value>0x0</value>
      </symbol>
      <symbol id="sm-2bf">
         <name>__TI_ATRegion2_trg_addr</name>
         <value>0x0</value>
      </symbol>
      <symbol id="sm-2c0">
         <name>__TI_ATRegion2_region_sz</name>
         <value>0x0</value>
      </symbol>
      <symbol id="sm-2cb">
         <name>GPIO_resetConfig</name>
         <value>0x27b1</value>
         <object_component_ref idref="oc-14f"/>
      </symbol>
      <symbol id="sm-2e1">
         <name>GPIO_disableInt</name>
         <value>0x3541</value>
         <object_component_ref idref="oc-1ba"/>
      </symbol>
      <symbol id="sm-2e2">
         <name>GPIO_setConfig</name>
         <value>0x3887</value>
         <object_component_ref idref="oc-14e"/>
      </symbol>
      <symbol id="sm-2e3">
         <name>GPIO_setConfigAndMux</name>
         <value>0x109d</value>
         <object_component_ref idref="oc-1b9"/>
      </symbol>
      <symbol id="sm-2e4">
         <name>GPIO_write</name>
         <value>0x369d</value>
         <object_component_ref idref="oc-143"/>
      </symbol>
      <symbol id="sm-2e5">
         <name>GPIO_toggle</name>
         <value>0x3615</value>
         <object_component_ref idref="oc-f6"/>
      </symbol>
      <symbol id="sm-32a">
         <name>Power_releaseConstraint</name>
         <value>0x2c01</value>
         <object_component_ref idref="oc-199"/>
      </symbol>
      <symbol id="sm-32b">
         <name>Power_setConstraint</name>
         <value>0x2e35</value>
         <object_component_ref idref="oc-12f"/>
      </symbol>
      <symbol id="sm-32c">
         <name>PowerCC26X2_module</name>
         <value>0x200045d0</value>
         <object_component_ref idref="oc-131"/>
      </symbol>
      <symbol id="sm-32d">
         <name>Power_getConstraintMask</name>
         <value>0x37e9</value>
         <object_component_ref idref="oc-1f1"/>
      </symbol>
      <symbol id="sm-32e">
         <name>Power_getTransitionLatency</name>
         <value>0x34a1</value>
         <object_component_ref idref="oc-1f3"/>
      </symbol>
      <symbol id="sm-32f">
         <name>Power_idleFunc</name>
         <value>0x3571</value>
         <object_component_ref idref="oc-241"/>
      </symbol>
      <symbol id="sm-330">
         <name>Power_init</name>
         <value>0x565</value>
         <object_component_ref idref="oc-dd"/>
      </symbol>
      <symbol id="sm-331">
         <name>Power_releaseDependency</name>
         <value>0x12ad</value>
         <object_component_ref idref="oc-204"/>
      </symbol>
      <symbol id="sm-332">
         <name>resourceDB</name>
         <value>0x3b12</value>
         <object_component_ref idref="oc-1b0"/>
      </symbol>
      <symbol id="sm-333">
         <name>Power_setDependency</name>
         <value>0x114d</value>
         <object_component_ref idref="oc-141"/>
      </symbol>
      <symbol id="sm-334">
         <name>Power_sleep</name>
         <value>0x1d1</value>
         <object_component_ref idref="oc-1f4"/>
      </symbol>
      <symbol id="sm-335">
         <name>PowerCC26XX_calibrate</name>
         <value>0x3559</value>
         <object_component_ref idref="oc-192"/>
      </symbol>
      <symbol id="sm-34b">
         <name>PowerCC26X2_initiateCalibration</name>
         <value>0x1c95</value>
         <object_component_ref idref="oc-1f7"/>
      </symbol>
      <symbol id="sm-34c">
         <name>PowerCC26X2_auxISR</name>
         <value>0x3d</value>
         <object_component_ref idref="oc-13c"/>
      </symbol>
      <symbol id="sm-34d">
         <name>PowerCC26X2_calibrate</name>
         <value>0x67d</value>
         <object_component_ref idref="oc-1a9"/>
      </symbol>
      <symbol id="sm-34e">
         <name>PowerCC26X2_RCOSC_clockFunc</name>
         <value>0x2671</value>
         <object_component_ref idref="oc-135"/>
      </symbol>
      <symbol id="sm-361">
         <name>GPIO_hwiIntFxn</name>
         <value>0x2451</value>
         <object_component_ref idref="oc-147"/>
      </symbol>
      <symbol id="sm-362">
         <name>GPIO_init</name>
         <value>0x789</value>
         <object_component_ref idref="oc-e3"/>
      </symbol>
      <symbol id="sm-388">
         <name>PowerCC26X2_updateSubSecInc</name>
         <value>0x1849</value>
         <object_component_ref idref="oc-19c"/>
      </symbol>
      <symbol id="sm-389">
         <name>PowerCC26X2_readCtrim</name>
         <value>0x36dd</value>
         <object_component_ref idref="oc-1a5"/>
      </symbol>
      <symbol id="sm-38a">
         <name>PowerCC26X2_readCtrimFract</name>
         <value>0x36ed</value>
         <object_component_ref idref="oc-1a6"/>
      </symbol>
      <symbol id="sm-38b">
         <name>PowerCC26X2_readRtrim</name>
         <value>0x36fd</value>
         <object_component_ref idref="oc-1a7"/>
      </symbol>
      <symbol id="sm-38c">
         <name>PowerCC26X2_writeCtrim</name>
         <value>0x3269</value>
         <object_component_ref idref="oc-1a2"/>
      </symbol>
      <symbol id="sm-38d">
         <name>PowerCC26X2_writeCtrimFract</name>
         <value>0x328d</value>
         <object_component_ref idref="oc-1a3"/>
      </symbol>
      <symbol id="sm-38e">
         <name>PowerCC26X2_writeCtrimFractEn</name>
         <value>0x32b1</value>
         <object_component_ref idref="oc-1a8"/>
      </symbol>
      <symbol id="sm-38f">
         <name>PowerCC26X2_writeRtrim</name>
         <value>0x32d5</value>
         <object_component_ref idref="oc-1a4"/>
      </symbol>
      <symbol id="sm-390">
         <name>PowerCC26X2_setTdcClkSrc24M</name>
         <value>0x2865</value>
         <object_component_ref idref="oc-202"/>
      </symbol>
      <symbol id="sm-391">
         <name>PowerCC26X2_setAclkRefSrc</name>
         <value>0x26b1</value>
         <object_component_ref idref="oc-203"/>
      </symbol>
      <symbol id="sm-3c4">
         <name>PowerCC26X2_oscCtlClearXtal</name>
         <value>0x36bd</value>
         <object_component_ref idref="oc-12b"/>
      </symbol>
      <symbol id="sm-3c5">
         <name>PowerCC26X2_prcmEnableCacheRetention</name>
         <value>0x36cd</value>
         <object_component_ref idref="oc-229"/>
      </symbol>
      <symbol id="sm-3c6">
         <name>PowerCC26X2_oschfSwitchToRcosc</name>
         <value>0x38bf</value>
         <object_component_ref idref="oc-1eb"/>
      </symbol>
      <symbol id="sm-3c7">
         <name>PowerCC26X2_oscClockSourceGet</name>
         <value>0x37b9</value>
         <object_component_ref idref="oc-198"/>
      </symbol>
      <symbol id="sm-3c8">
         <name>PowerCC26X2_oscDisableQualifiers</name>
         <value>0x2b25</value>
         <object_component_ref idref="oc-130"/>
      </symbol>
      <symbol id="sm-3c9">
         <name>PowerCC26X2_oschfTrySwitchToXosc</name>
         <value>0x3861</value>
         <object_component_ref idref="oc-1fd"/>
      </symbol>
      <symbol id="sm-3ca">
         <name>PowerCC26X2_enableTCXOQual</name>
         <value>0x33a5</value>
         <object_component_ref idref="oc-1e9"/>
      </symbol>
      <symbol id="sm-3cb">
         <name>PowerCC26X2_disableTCXOQual</name>
         <value>0x3385</value>
         <object_component_ref idref="oc-1ed"/>
      </symbol>
      <symbol id="sm-3cc">
         <name>PowerCC26X2_turnOnXosc</name>
         <value>0x38c7</value>
         <object_component_ref idref="oc-1ee"/>
      </symbol>
      <symbol id="sm-3cd">
         <name>PowerCC26X2_switchToTCXO</name>
         <value>0x370d</value>
         <object_component_ref idref="oc-193"/>
      </symbol>
      <symbol id="sm-3ce">
         <name>PowerCC26X2_sysCtrlStandby</name>
         <value>0x3847</value>
         <object_component_ref idref="oc-228"/>
      </symbol>
      <symbol id="sm-3cf">
         <name>PowerCC26X2_sysCtrlIdle</name>
         <value>0x38c3</value>
         <object_component_ref idref="oc-1f5"/>
      </symbol>
      <symbol id="sm-3d0">
         <name>PowerCC26X2_setPeriphDeepSleepEnable</name>
         <value>0x37c5</value>
         <object_component_ref idref="oc-22a"/>
      </symbol>
      <symbol id="sm-3d1">
         <name>PowerCC26X2_sysCtrlGetResetSource</name>
         <value>0x37d1</value>
         <object_component_ref idref="oc-124"/>
      </symbol>
      <symbol id="sm-3d2">
         <name>PowerCC26X2_setSubSecIncToXoscLf</name>
         <value>0x2bcd</value>
         <object_component_ref idref="oc-197"/>
      </symbol>
      <symbol id="sm-3d3">
         <name>PowerCC26X2_sysCtrlUpdateVoltageRegulator</name>
         <value>0x37dd</value>
         <object_component_ref idref="oc-1f0"/>
      </symbol>
      <symbol id="sm-3e2">
         <name>NOROM_CPUcpsid</name>
         <value>0x3851</value>
         <object_component_ref idref="oc-1ef"/>
      </symbol>
      <symbol id="sm-3e3">
         <name>NOROM_CPUcpsie</name>
         <value>0x3859</value>
         <object_component_ref idref="oc-1f6"/>
      </symbol>
      <symbol id="sm-3e4">
         <name>NOROM_CPUdelay</name>
         <value>0x3893</value>
         <object_component_ref idref="oc-1b4"/>
      </symbol>
      <symbol id="sm-401">
         <name>NOROM_OSCHF_TurnOnXosc</name>
         <value>0x3245</value>
         <object_component_ref idref="oc-1f8"/>
      </symbol>
      <symbol id="sm-402">
         <name>NOROM_OSCHF_AttemptToSwitchToXosc</name>
         <value>0x1c31</value>
         <object_component_ref idref="oc-234"/>
      </symbol>
      <symbol id="sm-403">
         <name>NOROM_OSCHF_SwitchToRcOscTurnOffXosc</name>
         <value>0x2a7d</value>
         <object_component_ref idref="oc-225"/>
      </symbol>
      <symbol id="sm-404">
         <name>_hposcCoeffs</name>
         <value>0x20004960</value>
         <object_component_ref idref="oc-235"/>
      </symbol>
      <symbol id="sm-405">
         <name>NOROM_OSC_HPOSCRelativeFrequencyOffsetGet</name>
         <value>0x2829</value>
         <object_component_ref idref="oc-1fe"/>
      </symbol>
      <symbol id="sm-413">
         <name>NOROM_PRCMPowerDomainsAllOff</name>
         <value>0x2495</value>
         <object_component_ref idref="oc-236"/>
      </symbol>
      <symbol id="sm-414">
         <name>NOROM_PRCMPowerDomainsAllOn</name>
         <value>0x24d9</value>
         <object_component_ref idref="oc-1aa"/>
      </symbol>
      <symbol id="sm-423">
         <name>NOROM_SetupTrimDevice</name>
         <value>0xc0d</value>
         <object_component_ref idref="oc-74"/>
      </symbol>
      <symbol id="sm-431">
         <name>NOROM_SysCtrlIdle</name>
         <value>0x2ab5</value>
         <object_component_ref idref="oc-22b"/>
      </symbol>
      <symbol id="sm-432">
         <name>NOROM_SysCtrlStandby</name>
         <value>0x889</value>
         <object_component_ref idref="oc-249"/>
      </symbol>
      <symbol id="sm-43f">
         <name>NOROM_AUXSYSIFOpModeChange</name>
         <value>0x2a45</value>
         <object_component_ref idref="oc-d5"/>
      </symbol>
      <symbol id="sm-44a">
         <name>NOROM_ThisLibraryIsFor_CC13x2x7_CC26x2x7_HaltIfViolated</name>
         <value>0x3365</value>
         <object_component_ref idref="oc-9f"/>
      </symbol>
      <symbol id="sm-453">
         <name>ti_sysbios_knl_TaskSupport_swap</name>
         <value>0x31a9</value>
         <object_component_ref idref="oc-111"/>
      </symbol>
      <symbol id="sm-454">
         <name>ti_sysbios_knl_TaskSupport_glue</name>
         <value>0x35b9</value>
         <object_component_ref idref="oc-24e"/>
      </symbol>
      <symbol id="sm-455">
         <name>ti_sysbios_knl_TaskSupport_swapReturn</name>
         <value>0x31b4</value>
         <object_component_ref idref="oc-111"/>
      </symbol>
      <symbol id="sm-46a">
         <name>ti_sysbios_family_arm_m3_Hwi_dispatch</name>
         <value>0x449</value>
         <object_component_ref idref="oc-4f"/>
      </symbol>
      <symbol id="sm-46b">
         <name>ti_sysbios_family_arm_m3_Hwi_pendSV</name>
         <value>0x525</value>
         <object_component_ref idref="oc-4f"/>
      </symbol>
      <symbol id="sm-46c">
         <name>ti_sysbios_family_arm_m3_Hwi_excHandlerAsm</name>
         <value>0x3109</value>
         <object_component_ref idref="oc-4a"/>
      </symbol>
      <symbol id="sm-46d">
         <name>ti_sysbios_family_arm_m3_Hwi_return</name>
         <value>0x548</value>
         <object_component_ref idref="oc-4f"/>
      </symbol>
      <symbol id="sm-46e">
         <name>ti_sysbios_family_arm_m3_Hwi_interruptsAreDisabledButShouldNotBe</name>
         <value>0x520</value>
         <object_component_ref idref="oc-4f"/>
      </symbol>
      <symbol id="sm-47b">
         <name>ti_sysbios_family_arm_m3_Hwi_switchAndRunFunc</name>
         <value>0x3465</value>
         <object_component_ref idref="oc-210"/>
      </symbol>
      <symbol id="sm-47c">
         <name>ti_sysbios_family_arm_m3_Hwi_initStacks</name>
         <value>0x1f95</value>
         <object_component_ref idref="oc-1d0"/>
      </symbol>
      <symbol id="sm-485">
         <name>_c_int00</name>
         <value>0x2d6d</value>
         <object_component_ref idref="oc-29"/>
      </symbol>
      <symbol id="sm-486">
         <name>__stack</name>
         <value>0x20023a00</value>
         <object_component_ref idref="oc-46"/>
      </symbol>
      <symbol id="sm-491">
         <name>__aeabi_errno_addr</name>
         <value>0x3869</value>
         <object_component_ref idref="oc-160"/>
      </symbol>
      <symbol id="sm-492">
         <name>__aeabi_errno</name>
         <value>0x2000498c</value>
         <object_component_ref idref="oc-1c2"/>
      </symbol>
      <symbol id="sm-4a2">
         <name>_nop</name>
         <value>0x3793</value>
         <object_component_ref idref="oc-173"/>
      </symbol>
      <symbol id="sm-4a3">
         <name>_register_lock</name>
         <value>0x37f5</value>
         <object_component_ref idref="oc-169"/>
      </symbol>
      <symbol id="sm-4a4">
         <name>_lock</name>
         <value>0x20004990</value>
         <object_component_ref idref="oc-1c9"/>
      </symbol>
      <symbol id="sm-4a5">
         <name>_register_unlock</name>
         <value>0x3801</value>
         <object_component_ref idref="oc-16e"/>
      </symbol>
      <symbol id="sm-4a6">
         <name>_unlock</name>
         <value>0x20004994</value>
         <object_component_ref idref="oc-1cc"/>
      </symbol>
      <symbol id="sm-4b0">
         <name>_args_main</name>
         <value>0x363d</value>
         <object_component_ref idref="oc-55"/>
      </symbol>
      <symbol id="sm-4bd">
         <name>__TI_auto_init_nobinit_nopinit</name>
         <value>0x2b95</value>
         <object_component_ref idref="oc-7a"/>
      </symbol>
      <symbol id="sm-4c8">
         <name>__TI_zero_init</name>
         <value>0x373d</value>
         <object_component_ref idref="oc-6d"/>
      </symbol>
      <symbol id="sm-4d1">
         <name>__TI_decompress_none</name>
         <value>0x3785</value>
         <object_component_ref idref="oc-35"/>
      </symbol>
      <symbol id="sm-4db">
         <name>__TI_decompress_lzss</name>
         <value>0x1a81</value>
         <object_component_ref idref="oc-31"/>
      </symbol>
      <symbol id="sm-4ff">
         <name>__aeabi_memcpy</name>
         <value>0x38d1</value>
         <object_component_ref idref="oc-60"/>
      </symbol>
      <symbol id="sm-500">
         <name>__aeabi_memcpy4</name>
         <value>0x38d1</value>
         <object_component_ref idref="oc-60"/>
      </symbol>
      <symbol id="sm-501">
         <name>__aeabi_memcpy8</name>
         <value>0x38d1</value>
         <object_component_ref idref="oc-60"/>
      </symbol>
      <symbol id="sm-508">
         <name>__aeabi_memclr</name>
         <value>0x3871</value>
         <object_component_ref idref="oc-94"/>
      </symbol>
      <symbol id="sm-509">
         <name>__aeabi_memclr4</name>
         <value>0x3871</value>
         <object_component_ref idref="oc-94"/>
      </symbol>
      <symbol id="sm-50a">
         <name>__aeabi_memclr8</name>
         <value>0x3871</value>
         <object_component_ref idref="oc-94"/>
      </symbol>
      <symbol id="sm-510">
         <name>__aeabi_uldivmod</name>
         <value>0x3629</value>
         <object_component_ref idref="oc-17c"/>
      </symbol>
      <symbol id="sm-516">
         <name>__udivmoddi4</name>
         <value>0x11fd</value>
         <object_component_ref idref="oc-1df"/>
      </symbol>
      <symbol id="sm-522">
         <name>__aeabi_ldiv0</name>
         <value>0x350f</value>
         <object_component_ref idref="oc-21b"/>
      </symbol>
      <symbol id="sm-52b">
         <name>TI_memcpy_small</name>
         <value>0x368b</value>
         <object_component_ref idref="oc-c1"/>
      </symbol>
      <symbol id="sm-533">
         <name>TI_memset_small</name>
         <value>0x3777</value>
         <object_component_ref idref="oc-101"/>
      </symbol>
      <symbol id="sm-534">
         <name>__TI_static_base__</name>
         <value>0x0</value>
      </symbol>
      <symbol id="sm-537">
         <name>ITM_flush</name>
         <value>0x0</value>
      </symbol>
      <symbol id="sm-538">
         <name>ITM_restore</name>
         <value>0x0</value>
      </symbol>
      <symbol id="sm-539">
         <name>__mpu_init</name>
         <value>0x0</value>
      </symbol>
   </symbol_table>
   <title>Link successful</title>
</link_info>
